
> food-shopping-os@1.0.0 test
> vitest run --maxWorkers=1 --run


 RUN  v4.1.10 C:/Users/rober/henry ai project/food-shopping-os

 ÔØ» tests/health-flows.test.jsx (22 tests | 17 failed) 17623ms
     ├ù says the page is empty rather than showing a placeholder body 1301ms
     ├ù carries the medical disclaimer on every page that bands a number 799ms
     ├ù carries the stated sex into the waist banding, which needs one 820ms
     ├ù leaves the cycle page out until you ask for it, and adds it when you do 733ms
     ├ù keeps the weight, and asks for a height instead of guessing a BMI 685ms
     ├ù logging again on the same day replaces the reading, it does not stack one on it 610ms
     ├ù shows the weight it now knows on the profile card, and in the goals maths 588ms
     ├ù will not band a waist until it knows which thresholds apply 702ms
     ├ù labels a reading with the published band and the advice that goes with it 923ms
     ├ù keeps each vital separate ÔÇö glucose is not a blood pressure 647ms
     ├ù summarises the nights it has, and says how many that is 693ms
     ├ù records how a day felt, with the reason you gave 636ms
     ├ù says there is no step counter behind it before anything is logged 695ms
     ├ù will not estimate a burn without a weight, and says why 631ms
     ├ù estimates the burn once it knows a weight, and labels it an estimate 1005ms
     ├ù leaves the dayÔÇÖs target alone until you ask for the calories back 1039ms
     ├ù reads an exported file rather than offering a sync button that could not work 985ms
 ÔØ» tests/recipe-flows.test.jsx (19 tests | 1 failed) 47609ms
     ├ù adds a displayed shortfall even when the pantry already has a same-name row 5129ms
 ÔØ» tests/kitchen-flows.test.jsx (14 tests | 1 failed) 29404ms
     ├ù keeps questions in the adaptive surface and admits when there is no data 2339ms
stdout | tests/reminder-flows.test.jsx > when one comes due > reaches you on Home when its optional panel is on
HOME CHIP <button aria-pressed="false" class="tap press shrink-0 rounded-full px-3.5 py-2 text-[0.8125rem] font-semibold border transition-colors" style="background: var(--card); color: var(--muted); border-color: var(--line);" aria-label="Home preferences"><span class="inline-flex items-center gap-1.5"><svg xmlns="http://www.w3.org/2000/svg" width="13" height="13" viewBox="0 0 24 24" fill="none" stroke="currentColor" stroke-width="2" stroke-linecap="round" stroke-linejoin="round" class="lucide lucide-layout-grid" aria-hidden="true"><rect width="7" height="7" x="3" y="3" rx="1"></rect><rect width="7" height="7" x="14" y="3" rx="1"></rect><rect width="7" height="7" x="14" y="14" rx="1"></rect><rect width="7" height="7" x="3" y="14" rx="1"></rect></svg> Home</span></button>

 ÔØ» tests/reminder-flows.test.jsx (12 tests | 12 failed) 10985ms
     ├ù invents no routine for you, and says so 2113ms
     ├ù is straight about when a notification can and cannot reach you 1177ms
     ├ù offers the calendar as the path that works with the app shut 881ms
     ├ù offers all nine notification presets and installs them in one tap 745ms
     ├ù keeps it, with its schedule and when it next goes off 768ms
     ├ù refuses one that could never go off, and says which part is missing 702ms
     ├ù shows the line it would arrive with, drawn from your own figures 681ms
     ├ù turns one off without losing it, and deletes it when asked 845ms
     ├ù can be sent to the calendar once there is something to send 660ms
     ├ù shows it as due, with your own figure attached, and ticks off 629ms
     ├ù snoozing puts it away for a while rather than for good 657ms
     ├ù reaches you on Home when its optional panel is on 1126ms
 ÔØ» tests/guidance-flows.test.jsx (4 tests | 2 failed) 13865ms
     ├ù opens on one ranked next step with its evidence 5520ms
     ├ù keeps the typed assistant inside the same surface 3406ms
 ÔØ» tests/smart-flows.test.jsx (2 tests | 1 failed) 4713ms
     ├ù opens the voice-enabled assistant inside Guidance with a typed fallback 2056ms
 ÔØ» tests/health-nutrition-flows.test.jsx (3 tests | 3 failed) 4042ms
     ├ù puts the full nutrition breakdown and salt equivalent under Health 1942ms
     ├ù edits macro and weight goals from Health 943ms
     ├ù offers healthy swaps without inventing a food on an empty diary 1155ms
 ÔØ» tests/product.test.js (5 tests | 2 failed) 18ms
     ├ù states a single primary promise about plan, buy, waste 7ms
     ├ù meta description leads with the promise, not a feature laundry list 4ms
npm.cmd : 
At line:1 char:1
+ npm.cmd test -- --run 2>&1 | Out-File -FilePath test-output.txt -Enco ...
+ ~~~~~~~~~~~~~~~~~~~~~~~~~~
    + CategoryInfo          : NotSpecified: (:String) [], RemoteException
    + FullyQualifiedErrorId : NativeCommandError
 
ÔÄ»ÔÄ»ÔÄ»ÔÄ»ÔÄ»ÔÄ» Failed Tests 39 ÔÄ»ÔÄ»ÔÄ»ÔÄ»ÔÄ»ÔÄ»ÔÄ»

 FAIL  tests/guidance-flows.test.jsx > adaptive Guidance > opens on one ranked next step with its evidence
Error: Test timed out in 5000ms.
If this is a long-running test, pass a timeout value as the last argument or configure it globally with "testTimeout".
 ÔØ» tests/guidance-flows.test.jsx:24:3
     22|   afterEach(cleanup);
     23|
     24|   it('opens on one ranked next step with its evidence', () => {
       |   ^
     25|     onboard();
     26|     const guidance = openGuidance();

ÔÄ»ÔÄ»ÔÄ»ÔÄ»ÔÄ»ÔÄ»ÔÄ»ÔÄ»ÔÄ»ÔÄ»ÔÄ»ÔÄ»ÔÄ»ÔÄ»ÔÄ»ÔÄ»ÔÄ»ÔÄ»ÔÄ»ÔÄ»ÔÄ»ÔÄ»ÔÄ»[1/39]ÔÄ»

 FAIL  tests/guidance-flows.test.jsx > adaptive Guidance > keeps the typed assistant inside the same surface
TestingLibraryElementError: Unable to find an element with the text: Ask. This could be because the text is broken up 
by multiple elements. In this case, you can provide a function for your text matcher to make your matcher more 
flexible.

Ignored nodes: comments, script, style
[36m<div[39m
  [33maria-labelledby[39m=[32m":rj:"[39m
  [33maria-modal[39m=[32m"true"[39m
  [33mclass[39m=[32m"sheet-up relative w-full max-w-lg flex flex-col max-h-[92%] rounded-t-3xl"[39m
  [33mrole[39m=[32m"dialog"[39m
  [33mstyle[39m=[32m"background: var(--bg); transition: transform 200ms; transform: translateY(0px);"[39m
  [33mtabindex[39m=[32m"-1"[39m
[36m>[39m
  [36m<div[39m
    [33mclass[39m=[32m"mx-auto mt-2.5 mb-1 h-1 w-10 rounded-full shrink-0"[39m
    [33mstyle[39m=[32m"background: var(--line);"[39m
  [36m/>[39m
  [36m<div[39m
    [33mclass[39m=[32m"flex items-center justify-between px-5 pt-3 pb-2 shrink-0"[39m
  [36m>[39m
    [36m<h2[39m
      [33mclass[39m=[32m"text-lg font-extrabold tracking-tight"[39m
      [33mid[39m=[32m":rj:"[39m
    [36m>[39m
      [0mGuidance[0m
    [36m</h2>[39m
    [36m<button[39m
      [33maria-label[39m=[32m"Close"[39m
      [33mclass[39m=[32m"tap press flex h-10 w-10 items-center justify-center rounded-full"[39m
      [33mstyle[39m=[32m"background: var(--card-2); color: var(--muted);"[39m
    [36m>[39m
      [36m<svg[39m
        [33maria-hidden[39m=[32m"true"[39m
        [33mclass[39m=[32m"lucide lucide-x"[39m
        [33mfill[39m=[32m"none"[39m
        [33mheight[39m=[32m"18"[39m
        [33mstroke[39m=[32m"currentColor"[39m
        [33mstroke-linecap[39m=[32m"round"[39m
        [33mstroke-linejoin[39m=[32m"round"[39m
        [33mstroke-width[39m=[32m"2.4"[39m
        [33mviewBox[39m=[32m"0 0 24 24"[39m
        [33mwidth[39m=[32m"18"[39m
        [33mxmlns[39m=[32m"http://www.w3.org/2000/svg"[39m
      [36m>[39m
        [36m<path[39m
          [33md[39m=[32m"M18 6 6 18"[39m
        [36m/>[39m
        [36m<path[39m
          [33md[39m=[32m"m6 6 12 12"[39m
        [36m/>[39m
      [36m</svg>[39m
    [36m</button>[39m
  [36m</div>[39m
  [36m<div[39m
    [33mclass[39m=[32m"overflow-y-auto no-scrollbar flex-1 overscroll-contain"[39m
    [33mdata-sheet-scroll[39m=[32m"true"[39m
    [33mtabindex[39m=[32m"0"[39m
  [36m>[39m
    [36m<div[39m
      [33mclass[39m=[32m"pb-10"[39m
    [36m>[39m
      [36m<div[39m
        [33mclass[39m=[32m"px-5 pb-4"[39m
      [36m>[39m
        [36m<p[39m
          [33mclass[39m=[32m"text-[0.6875rem] font-bold uppercase tracking-wide"[39m
          [33mstyle[39m=[32m"color: var(--muted);"[39m
        [36m>[39m
          [0mWhat matters now[0m
        [36m</p>[39m
        [36m<p[39m
          [33mclass[39m=[32m"text-[0.75rem] font-semibold leading-relaxed"[39m
          [33mstyle[39m=[32m"color: var(--muted);"[39m
        [36m>[39m
          [0mRanked from your diary, plan, pantry and shops. Every suggestion shows its evidence.[0m
        [36m</p>[39m
        [36m<div[39m
          [33maria-label[39m=[32m"Guidance sections"[39m
          [33mclass[39m=[32m"mt-3 flex gap-2 overflow-x-auto no-scrollbar"[39m
        [36m>[39m
          [36m<button[39m
            [33maria-pressed[39m=[32m"true"[39m
            [33mclass[39m=[32m"tap press shrink-0 rounded-full px-3.5 py-2 text-[0.8125rem] font-semibold border 
transition-colors"[39m
            [33mstyle[39m=[32m"background: var(--accent); color: var(--on-accent); border-color: 
var(--accent);"[39m
          [36m>[39m
            [36m<span[39m
              [33mclass[39m=[32m"inline-flex items-center gap-1.5"[39m
            [36m>[39m
              [36m<svg[39m
                [33maria-hidden[39m=[32m"true"[39m
                [33mclass[39m=[32m"lucide lucide-lightbulb"[39m
                [33mfill[39m=[32m"none"[39m
                [33mheight[39m=[32m"13"[39m
                [33mstroke[39m=[32m"currentColor"[39m
                [33mstroke-linecap[39m=[32m"round"[39m
                [33mstroke-linejoin[39m=[32m"round"[39m
                [33mstroke-width[39m=[32m"2"[39m
                [33mviewBox[39m=[32m"0 0 24 24"[39m
                [33mwidth[39m=[32m"13"[39m
                [33mxmlns[39m=[32m"http://www.w3.org/2000/svg"[39m
              [36m>[39m
                [36m<path[39m
                  [33md[39m=[32m"M15 14c.2-1 .7-1.7 1.5-2.5 1-.9 1.5-2.2 1.5-3.5A6 6 0 0 0 6 8c0 1 .2 2.2 1.5 
3.5.7.7 1.3 1.5 1.5 2.5"[39m
                [36m/>[39m
                [36m<path[39m
                  [33md[39m=[32m"M9 18h6"[39m
                [36m/>[39m
                [36m<path[39m
                  [33md[39m=[32m"M10 22h4"[39m
                [36m/>[39m
              [36m</svg>[39m
              [0m [0m
              [0mNext[0m
            [36m</span>[39m
          [36m</button>[39m
          [36m<button[39m
            [33maria-pressed[39m=[32m"false"[39m
            [33mclass[39m=[32m"tap press shrink-0 rounded-full px-3.5 py-2 text-[0.8125rem] font-semibold border 
transition-colors"[39m
            [33mstyle[39m=[32m"background: var(--card); color: var(--muted); border-color: var(--line);"[39m
          [36m>[39m
            [36m<span[39m
              [33mclass[39m=[32m"inline-flex items-center gap-1.5"[39m
            [36m>[39m
              [36m<svg[39m
                [33maria-hidden[39m=[32m"true"[39m
                [33mclass[39m=[32m"lucide lucide-chart-column"[39m
                [33mfill[39m=[32m"none"[39m
                [33mheight[39m=[32m"13"[39m
                [33mstroke[39m=[32m"currentColor"[39m
                [33mstroke-linecap[39m=[32m"round"[39m
                [33mstroke-linejoin[39m=[32m"round"[39m
                [33mstroke-width[39m=[32m"2"[39m
                [33mviewBox[39m=[32m"0 0 24 24"[39m
                [33mwidth[39m=[32m"13"[39m
                [33mxmlns[39m=[32m"http://www.w3.org/2000/svg"[39m
              [36m>[39m
                [36m<path[39m
                  [33md[39m=[32m"M3 3v16a2 2 0 0 0 2 2h16"[39m
                [36m/>[39m
                [36m<path[39m
                  [33md[39m=[32m"M18 17V9"[39m
                [36m/>[39m
                [36m<path[39m
                  [33md[39m=[32m"M13 17V5"[39m
                [36m/>[39m
                [36m<path[39m
                  [33md[39m=[32m"M8 17v-3"[39m
                [36m/>[39m
              [36m</svg>[39m
              [0m [0m
              [0mReview[0m
            [36m</span>[39m
          [36m</button>[39m
          [36m<button[39m
            [33maria-pressed[39m=[32m"false"[39m
            [33mclass[39m=[32m"tap press shrink-0 rounded-full px-3.5 py-2 text-[0.8125rem] font-semibold border 
transition-colors"[39m
            [33mstyle[39m=[32m"background: var(--card); color: var(--muted); border-color: var(--line);"[39m
          [36m>[39m
            [36m<span[39m
              [33mclass[39m=[32m"inline-flex items-center gap-1.5"[39m
            [36m>[39m
              [36m<svg[39m
                [33maria-hidden[39m=[32m"true"[39m
                [33mclass[39m=[32m"lucide lucide-wrench"[39m
                [33mfill[39m=[32m"none"[39m
                [33mheight[39m=[32m"13"[39m
                [33mstroke[39m=[32m"currentColor"[39m
                [33mstroke-linecap[39m=[32m"round"[39m
                [33mstroke-linejoin[39m=[32m"round"[39m
                [33mstroke-width[39m=[32m"2"[39m
                [33mviewBox[39m=[32m"0 0 24 24"[39m
                [33mwidth[39m=[32m"13"[39m
                [33mxmlns[39m=[32m"http://www.w3.org/2000/svg"[39m
              [36m>[39m
                [36m<path[39m
                  [33md[39m=[32m"M14.7 6.3a1 1 0 0 0 0 1.4l1.6 1.6a1 1 0 0 0 1.4 
0l3.106-3.105c.32-.322.863-.22.983.218a6 6 0 0 1-8.259 7.057l-7.91 7.91a1 1 0 0 1-2.999-3l7.91-7.91a6 6 0 0 1 
7.057-8.259c.438.12.54.662.219.984z"[39m
                [36m/>[39m
              [36m</svg>[39m
              [0m [0m
              [0mTools[0m
            [36m</span>[39m
          [36m</button>[39m
        [36m</div>[39m
      [36m</div>[39m
      [36m<div[39m
        [33mclass[39m=[32m"px-5 space-y-3"[39m
      [36m>[39m
        [36m<div[39m
          [33mclass[39m=[32m"card p-4 !p-5"[39m
          [33mstyle[39m=[32m"border-color: var(--line);"[39m
        [36m>[39m
          [36m<p[39m
            [33mclass[39m=[32m"text-[0.6875rem] font-bold uppercase tracking-wide"[39m
            [33mstyle[39m=[32m"color: var(--faint);"[39m
          [36m>[39m
            [0mUnlock more ┬À 0 of 6[0m
          [36m</p>[39m
          [36m<h3[39m
            [33mclass[39m=[32m"mt-1 text-[1.25rem] font-extrabold tracking-tight"[39m
          [36m>[39m
            [0mPlan a meal[0m
          [36m</h3>[39m
          [36m<p[39m
            [33mclass[39m=[32m"mt-1.5 text-[0.8125rem] font-semibold leading-relaxed"[39m
            [33mstyle[39m=[32m"color: var(--muted);"[39m
          [36m>[39m
            [0mA planned week becomes a shopping list with your pantry already deducted.[0m
          [36m</p>[39m
          [36m<div[39m
            [33mclass[39m=[32m"mt-4 grid gap-3"[39m
          [36m>[39m
            [36m<div>[39m
              [36m<span[39m
                [33mclass[39m=[32m"inline-flex items-center gap-1 rounded-full px-2 py-0.5 text-[0.6875rem] 
font-bold"[39m
                [33mstyle[39m=[32m"background: var(--card-2); color: var(--muted);"[39m
              [36m>[39m
                [0m6 useful setup steps left[0m
              [36m</span>[39m
            [36m</div>[39m
            [36m<button[39m
              [33mclass[39m=[32m"press w-full rounded-xl px-4 py-2.5 text-[0.8125rem] font-extrabold"[39m
              [33mstyle[39m=[32m"background: var(--accent); color: var(--on-accent);"[39m
              [33mtype[39m=[32m"button"[39m
            [36m>[39m
              [0mPlan a meal[0m
            [36m</button>[39m
          [36m</div>[39m
          [36m<button[39m
            [33mclass[39m=[32m"tap press mt-2 text-[0.75rem] font-bold"[39m
            [33mstyle[39m=[32m"color: var(--muted);"[39m
            [33mtype[39m=[32m"button"[39m
          [36m>[39m
            [0mNot now[0m
          [36m</button>[39m
        [36m</div>[39m
        [36m<section[39m
          [33maria-labelledby[39m=[32m"guidance-later"[39m
        [36m>[39m
          [36m<div[39m
            [33mclass[39m=[32m"mb-2 flex items-center justify-between"[39m
          [36m>[39m
            [36m<h3[39m
              [33mclass[39m=[32m"text-[0.8125rem] font-extrabold"[39m
              [33mid[39m=[32m"guidance-later"[39m
            [36m>[39m
              [0mAfter that[0m
            [36m</h3>[39m
            [36m<span[39m
              [33mclass[39m=[32m"text-[0.6875rem] font-semibold"[39m
              [33mstyle[39m=[32m"color: var(--faint);"[39m
            [36m>[39m
              [0mRanked by urgency[0m
            [36m</span>[39m
          [36m</div>[39m
          [36m<div[39m
            [33mclass[39m=[32m"overflow-hidden rounded-2xl border divide-y"[39m
            [33mstyle[39m=[32m"border-color: var(--line);"[39m
          [36m>[39m
            [36m<button[39m
              [33mclass[39m=[32m"press flex w-full items-center gap-3 p-3.5 text-left"[39m
              [33mstyle[39m=[32m"background: var(--card); border-color: var(--line);"[39m
              [33mtype[39m=[32m"button"[39m
            [36m>[39m
              [36m<span[39m
                [33mclass[39m=[32m"min-w-0 flex-1"[39m
              [36m>[39m
                [36m<span[39m
                  [33mclass[39m=[32m"block text-[0.8125rem] font-extrabold"[39m
                [36m>[39m
                  [0mLog something you ate[0m
                [36m</span>[39m
                [36m<span[39m
                  [33mclass[39m=[32m"mt-0.5 block text-[0.71875rem] font-semibold"[39m
                  [33mstyle[39m=[32m"color: var(--muted);"[39m
                [36m>[39m
                  [0mNo food logged today[0m
                [36m</span>[39m
              [36m</span>[39m
              [36m<svg[39m
                [33maria-hidden[39m=[32m"true"[39m
                [33mclass[39m=[32m"lucide lucide-chevron-right shrink-0"[39m
                [33mfill[39m=[32m"none"[39m
                [33mheight[39m=[32m"15"[39m
                [33mstroke[39m=[32m"currentColor"[39m
                [33mstroke-linecap[39m=[32m"round"[39m
                [33mstroke-linejoin[39m=[32m"round"[39m
                [33mstroke-width[39m=[32m"2"[39m
                [33mstyle[39m=[32m"color: var(--faint);"[39m
                [33mviewBox[39m=[32m"0 0 24 24"[39m
                [33mwidth[39m=[32m"15"[39m
                [33mxmlns[39m=[32m"http://www.w3.org/2000/svg"[39m
              [36m>[39m
                [36m<path[39m
                  [33md[39m=[32m"m9 18 6-6-6-6"[39m
                [36m/>[39m
              [36m</svg>[39m
            [36m</button>[39m
          [36m</div>[39m
        [36m</section>[39m
      [36m</div>[39m
    [36m</div>[39m
  [36m</div>[39m
[36m</div>[39m
 ÔØ» Object.getElementError node_modules/@testing-library/dom/dist/config.js:37:19
 ÔØ» node_modules/@testing-library/dom/dist/query-helpers.js:76:38
 ÔØ» node_modules/@testing-library/dom/dist/query-helpers.js:52:17
 ÔØ» node_modules/@testing-library/dom/dist/query-helpers.js:95:19
 ÔØ» tests/guidance-flows.test.jsx:52:38
     50|     onboard();
     51|     const guidance = openGuidance();
     52|     fireEvent.click(within(guidance).getByText('Ask'));
       |                                      ^
     53|     expect(await within(guidance).findByLabelText('Ask Guidance')).toBÔÇª
     54|     fireEvent.click(within(guidance).getByText('What needs using up?')ÔÇª

ÔÄ»ÔÄ»ÔÄ»ÔÄ»ÔÄ»ÔÄ»ÔÄ»ÔÄ»ÔÄ»ÔÄ»ÔÄ»ÔÄ»ÔÄ»ÔÄ»ÔÄ»ÔÄ»ÔÄ»ÔÄ»ÔÄ»ÔÄ»ÔÄ»ÔÄ»ÔÄ»[2/39]ÔÄ»

 FAIL  tests/health-flows.test.jsx > health tracking starts with nothing in it > says the page is empty rather than 
showing a placeholder body
TestingLibraryElementError: Unable to find an element with the text: Health & training. This could be because the text 
is broken up by multiple elements. In this case, you can provide a function for your text matcher to make your matcher 
more flexible.

Ignored nodes: comments, script, style
[36m<body[39m
  [33mstyle[39m=[32m""[39m
[36m>[39m
  [36m<div>[39m
    [36m<div[39m
      [33mclass[39m=[32m"app-shell min-h-screen"[39m
      [33mstyle[39m=[32m"background: var(--bg);"[39m
    [36m>[39m
      [36m<div[39m
        [33mclass[39m=[32m"app-workspace"[39m
      [36m>[39m
        [36m<header[39m
          [33mclass[39m=[32m"app-header px-5 pt-12 pb-3"[39m
        [36m>[39m
          [36m<a[39m
            [33mclass[39m=[32m"skip-link"[39m
            [33mhref[39m=[32m"#main"[39m
          [36m>[39m
            [0mSkip to content[0m
          [36m</a>[39m
          [36m<div[39m
            [33mclass[39m=[32m"flex items-start justify-between gap-3"[39m
          [36m>[39m
            [36m<div[39m
              [33mclass[39m=[32m"min-w-0"[39m
            [36m>[39m
              [36m<p[39m
                [33mclass[39m=[32m"text-[0.8125rem] font-semibold"[39m
                [33mstyle[39m=[32m"color: var(--muted);"[39m
              [36m>[39m
                [0mTuesday 6 October[0m
              [36m</p>[39m
              [36m<h1[39m
                [33mclass[39m=[32m"text-[1.375rem] font-extrabold tracking-tight leading-tight"[39m
              [36m>[39m
                [0mGood afternoon[0m
                [0m, [0m
                [0mSam[0m
              [36m</h1>[39m
            [36m</div>[39m
            [36m<div[39m
              [33mclass[39m=[32m"flex shrink-0 items-center gap-2"[39m
            [36m>[39m
              [36m<button[39m
                [33maria-label[39m=[32m"Guidance ÔÇö what matters now"[39m
                [33mclass[39m=[32m"press flex h-11 w-11 items-center justify-center rounded-full border"[39m
                [33mstyle[39m=[32m"border-color: var(--line); color: var(--muted);"[39m
              [36m>[39m
                [36m<svg[39m
                  [33maria-hidden[39m=[32m"true"[39m
                  [33mclass[39m=[32m"lucide lucide-sparkles"[39m
                  [33mfill[39m=[32m"none"[39m
                  [33mheight[39m=[32m"19"[39m
                  [33mstroke[39m=[32m"currentColor"[39m
                  [33mstroke-linecap[39m=[32m"round"[39m
                  [33mstroke-linejoin[39m=[32m"round"[39m
                  [33mstroke-width[39m=[32m"1.9"[39m
                  [33mviewBox[39m=[32m"0 0 24 24"[39m
                  [33mwidth[39m=[32m"19"[39m
                  [33mxmlns[39m=[32m"http://www.w3.org/2000/svg"[39m
                [36m>[39m
                  [36m<path[39m
                    [33md[39m=[32m"M11.017 2.814a1 1 0 0 1 1.966 0l1.051 5.558a2 2 0 0 0 1.594 1.594l5.558 1.051a1 
1 0 0 1 0 1.966l-5.558 1.051a2 2 0 0 0-1.594 1.594l-1.051 5.558a1 1 0 0 1-1.966 0l-1.051-5.558a2 2 0 0 
0-1.594-1.594l-5.558-1.051a1 1 0 0 1 0-1.966l5.558-1.051a2 2 0 0 0 1.594-1.594z"[39m
                  [36m/>[39m
                  [36m<path[39m
                    [33md[39m=[32m"M20 2v4"[39m
                  [36m/>[39m
                  [36m<path[39m
                    [33md[39m=[32m"M22 4h-4"[39m
                  [36m/>[39m
                  [36m<circle[39m
                    [33mcx[39m=[32m"4"[39m
                    [33mcy[39m=[32m"20"[39m
                    [33mr[39m=[32m"2"[39m
                  [36m/>[39m
                [36m</svg>[39m
              [36m</button>[39m
              [36m<button[39m
                [33maria-label[39m=[32m"You ÔÇö profile and settings, 6 setup steps left"[39m
                [33mclass[39m=[32m"press relative flex h-11 w-11 items-center justify-center rounded-full text-lg 
font-extrabold"[39m
                [33mstyle[39m=[32m"background: var(--accent); color: var(--on-accent);"[39m
              [36m>[39m
                [0mS[0m
                [36m<span[39m
                  [33mclass[39m=[32m"absolute -top-0.5 -right-0.5 h-3 w-3 rounded-full border-2"[39m
                  [33mstyle[39m=[32m"background: var(--accent-deep); border-color: var(--bg);"[39m
                [36m/>[39m
              [36m</button>[39m
            [36m</div>[39m
          [36m</div>[39m
        [36m</header>[39m
        [36m<main[39m
          [33mclass[39m=[32m"app-main pb-44"[39m
          [33mid[39m=[32m"main"[39m
          [33mtabindex[39m=[32m"-1"[39m
        [36m>[39m
          [36m<div[39m
            [33mclass[39m=[32m"pb-6 space-y-6"[39m
          [36m>[39m
            [36m<section[39m
              [33maria-label[39m=[32m"Next action"[39m
              [33mclass[39m=[32m"px-5"[39m
            [36m>[39m
              [36m<div[39m
                [33mclass[39m=[32m"card p-4"[39m
              [36m>[39m
                [36m<div[39m
                  [33mclass[39m=[32m"flex items-start gap-3"[39m
                [36m>[39m
                  [36m<span[39m
                    [33mclass[39m=[32m"flex h-10 w-10 shrink-0 items-center justify-center rounded-2xl"[39m
                    [33mstyle[39m=[32m"background: var(--accent-soft);"[39m
                  [36m>[39m
                    [36m<svg[39m
                      [33maria-hidden[39m=[32m"true"[39m
                      [33mclass[39m=[32m"lucide lucide-utensils"[39m
                      [33mfill[39m=[32m"none"[39m
                      [33mheight[39m=[32m"18"[39m
                      [33mstroke[39m=[32m"currentColor"[39m
                      [33mstroke-linecap[39m=[32m"round"[39m
                      [33mstroke-linejoin[39m=[32m"round"[39m
                      [33mstroke-width[39m=[32m"1.8"[39m
                      [33mviewBox[39m=[32m"0 0 24 24"[39m
                      [33mwidth[39m=[32m"18"[39m
                      [33mxmlns[39m=[32m"http://www.w3.org/2000/svg"[39m
                    [36m>[39m
                      [36m<path[39m
                        [33md[39m=[32m"M3 2v7c0 1.1.9 2 2 2h4a2 2 0 0 0 2-2V2"[39m
                      [36m/>[39m
                      [36m<path[39m
                        [33md[39m=[32m"M7 2v20"[39m
                      [36m/>[39m
                      [36m<path[39m
                        [33md[39m=[32m"M21 15V2a5 5 0 0 0-5 5v6c0 1.1.9 2 2 2h3Zm0 0v7"[39m
                      [36m/>[39m
                    [36m</svg>[39m
                  [36m</span>[39m
                  [36m<div[39m
                    [33mclass[39m=[32m"min-w-0 flex-1"[39m
                  [36m>[39m
                    [36m<p[39m
                      [33mclass[39m=[32m"text-[0.75rem] font-bold uppercase tracking-wide"[39m
                      [33mstyle[39m=[32m"color: var(--faint);"[39m
                    [36m>[39m
                      [0mNext[0m
                    [36m</p>[39m
                    [36m<p[39m
                      [33mcl...
 ÔØ» Object.getElementError node_modules/@testing-library/dom/dist/config.js:37:19
 ÔØ» node_modules/@testing-library/dom/dist/query-helpers.js:76:38
 ÔØ» node_modules/@testing-library/dom/dist/query-helpers.js:52:17
 ÔØ» node_modules/@testing-library/dom/dist/query-helpers.js:95:19
 ÔØ» openCard tests/health-flows.test.jsx:36:26
     34| const enableTools = async (...labels) => {
     35|   fireEvent.click(screen.getByRole('button', { name: 'Guidance ÔÇö what ÔÇª
     36|   const guidance = dialogFor('Guidance');
       |                          ^
     37|   fireEvent.click(within(guidance).getByText('Tools'));
     38|   fireEvent.click(within(guidance).getByText('Add tools'));
 ÔØ» openHealth tests/health-flows.test.jsx:42:17
 ÔØ» tests/health-flows.test.jsx:63:19

ÔÄ»ÔÄ»ÔÄ»ÔÄ»ÔÄ»ÔÄ»ÔÄ»ÔÄ»ÔÄ»ÔÄ»ÔÄ»ÔÄ»ÔÄ»ÔÄ»ÔÄ»ÔÄ»ÔÄ»ÔÄ»ÔÄ»ÔÄ»ÔÄ»ÔÄ»ÔÄ»[3/39]ÔÄ»

 FAIL  tests/health-flows.test.jsx > health tracking starts with nothing in it > carries the medical disclaimer on 
every page that bands a number
TestingLibraryElementError: Unable to find an element with the text: Health & training. This could be because the text 
is broken up by multiple elements. In this case, you can provide a function for your text matcher to make your matcher 
more flexible.

Ignored nodes: comments, script, style
[36m<body[39m
  [33mstyle[39m=[32m""[39m
[36m>[39m
  [36m<div>[39m
    [36m<div[39m
      [33mclass[39m=[32m"app-shell min-h-screen"[39m
      [33mstyle[39m=[32m"background: var(--bg);"[39m
    [36m>[39m
      [36m<div[39m
        [33mclass[39m=[32m"app-workspace"[39m
      [36m>[39m
        [36m<header[39m
          [33mclass[39m=[32m"app-header px-5 pt-12 pb-3"[39m
        [36m>[39m
          [36m<a[39m
            [33mclass[39m=[32m"skip-link"[39m
            [33mhref[39m=[32m"#main"[39m
          [36m>[39m
            [0mSkip to content[0m
          [36m</a>[39m
          [36m<div[39m
            [33mclass[39m=[32m"flex items-start justify-between gap-3"[39m
          [36m>[39m
            [36m<div[39m
              [33mclass[39m=[32m"min-w-0"[39m
            [36m>[39m
              [36m<p[39m
                [33mclass[39m=[32m"text-[0.8125rem] font-semibold"[39m
                [33mstyle[39m=[32m"color: var(--muted);"[39m
              [36m>[39m
                [0mTuesday 6 October[0m
              [36m</p>[39m
              [36m<h1[39m
                [33mclass[39m=[32m"text-[1.375rem] font-extrabold tracking-tight leading-tight"[39m
              [36m>[39m
                [0mGood afternoon[0m
                [0m, [0m
                [0mSam[0m
              [36m</h1>[39m
            [36m</div>[39m
            [36m<div[39m
              [33mclass[39m=[32m"flex shrink-0 items-center gap-2"[39m
            [36m>[39m
              [36m<button[39m
                [33maria-label[39m=[32m"Guidance ÔÇö what matters now"[39m
                [33mclass[39m=[32m"press flex h-11 w-11 items-center justify-center rounded-full border"[39m
                [33mstyle[39m=[32m"border-color: var(--line); color: var(--muted);"[39m
              [36m>[39m
                [36m<svg[39m
                  [33maria-hidden[39m=[32m"true"[39m
                  [33mclass[39m=[32m"lucide lucide-sparkles"[39m
                  [33mfill[39m=[32m"none"[39m
                  [33mheight[39m=[32m"19"[39m
                  [33mstroke[39m=[32m"currentColor"[39m
                  [33mstroke-linecap[39m=[32m"round"[39m
                  [33mstroke-linejoin[39m=[32m"round"[39m
                  [33mstroke-width[39m=[32m"1.9"[39m
                  [33mviewBox[39m=[32m"0 0 24 24"[39m
                  [33mwidth[39m=[32m"19"[39m
                  [33mxmlns[39m=[32m"http://www.w3.org/2000/svg"[39m
                [36m>[39m
                  [36m<path[39m
                    [33md[39m=[32m"M11.017 2.814a1 1 0 0 1 1.966 0l1.051 5.558a2 2 0 0 0 1.594 1.594l5.558 1.051a1 
1 0 0 1 0 1.966l-5.558 1.051a2 2 0 0 0-1.594 1.594l-1.051 5.558a1 1 0 0 1-1.966 0l-1.051-5.558a2 2 0 0 
0-1.594-1.594l-5.558-1.051a1 1 0 0 1 0-1.966l5.558-1.051a2 2 0 0 0 1.594-1.594z"[39m
                  [36m/>[39m
                  [36m<path[39m
                    [33md[39m=[32m"M20 2v4"[39m
                  [36m/>[39m
                  [36m<path[39m
                    [33md[39m=[32m"M22 4h-4"[39m
                  [36m/>[39m
                  [36m<circle[39m
                    [33mcx[39m=[32m"4"[39m
                    [33mcy[39m=[32m"20"[39m
                    [33mr[39m=[32m"2"[39m
                  [36m/>[39m
                [36m</svg>[39m
              [36m</button>[39m
              [36m<button[39m
                [33maria-label[39m=[32m"You ÔÇö profile and settings, 6 setup steps left"[39m
                [33mclass[39m=[32m"press relative flex h-11 w-11 items-center justify-center rounded-full text-lg 
font-extrabold"[39m
                [33mstyle[39m=[32m"background: var(--accent); color: var(--on-accent);"[39m
              [36m>[39m
                [0mS[0m
                [36m<span[39m
                  [33mclass[39m=[32m"absolute -top-0.5 -right-0.5 h-3 w-3 rounded-full border-2"[39m
                  [33mstyle[39m=[32m"background: var(--accent-deep); border-color: var(--bg);"[39m
                [36m/>[39m
              [36m</button>[39m
            [36m</div>[39m
          [36m</div>[39m
        [36m</header>[39m
        [36m<main[39m
          [33mclass[39m=[32m"app-main pb-44"[39m
          [33mid[39m=[32m"main"[39m
          [33mtabindex[39m=[32m"-1"[39m
        [36m>[39m
          [36m<div[39m
            [33mclass[39m=[32m"pb-6 space-y-6"[39m
          [36m>[39m
            [36m<section[39m
              [33maria-label[39m=[32m"Next action"[39m
              [33mclass[39m=[32m"px-5"[39m
            [36m>[39m
              [36m<div[39m
                [33mclass[39m=[32m"card p-4"[39m
              [36m>[39m
                [36m<div[39m
                  [33mclass[39m=[32m"flex items-start gap-3"[39m
                [36m>[39m
                  [36m<span[39m
                    [33mclass[39m=[32m"flex h-10 w-10 shrink-0 items-center justify-center rounded-2xl"[39m
                    [33mstyle[39m=[32m"background: var(--accent-soft);"[39m
                  [36m>[39m
                    [36m<svg[39m
                      [33maria-hidden[39m=[32m"true"[39m
                      [33mclass[39m=[32m"lucide lucide-utensils"[39m
                      [33mfill[39m=[32m"none"[39m
                      [33mheight[39m=[32m"18"[39m
                      [33mstroke[39m=[32m"currentColor"[39m
                      [33mstroke-linecap[39m=[32m"round"[39m
                      [33mstroke-linejoin[39m=[32m"round"[39m
                      [33mstroke-width[39m=[32m"1.8"[39m
                      [33mviewBox[39m=[32m"0 0 24 24"[39m
                      [33mwidth[39m=[32m"18"[39m
                      [33mxmlns[39m=[32m"http://www.w3.org/2000/svg"[39m
                    [36m>[39m
                      [36m<path[39m
                        [33md[39m=[32m"M3 2v7c0 1.1.9 2 2 2h4a2 2 0 0 0 2-2V2"[39m
                      [36m/>[39m
                      [36m<path[39m
                        [33md[39m=[32m"M7 2v20"[39m
                      [36m/>[39m
                      [36m<path[39m
                        [33md[39m=[32m"M21 15V2a5 5 0 0 0-5 5v6c0 1.1.9 2 2 2h3Zm0 0v7"[39m
                      [36m/>[39m
                    [36m</svg>[39m
                  [36m</span>[39m
                  [36m<div[39m
                    [33mclass[39m=[32m"min-w-0 flex-1"[39m
                  [36m>[39m
                    [36m<p[39m
                      [33mclass[39m=[32m"text-[0.75rem] font-bold uppercase tracking-wide"[39m
                      [33mstyle[39m=[32m"color: var(--faint);"[39m
                    [36m>[39m
                      [0mNext[0m
                    [36m</p>[39m
                    [36m<p[39m
                      [33mcl...
 ÔØ» Object.getElementError node_modules/@testing-library/dom/dist/config.js:37:19
 ÔØ» node_modules/@testing-library/dom/dist/query-helpers.js:76:38
 ÔØ» node_modules/@testing-library/dom/dist/query-helpers.js:52:17
 ÔØ» node_modules/@testing-library/dom/dist/query-helpers.js:95:19
 ÔØ» openCard tests/health-flows.test.jsx:36:26
     34| const enableTools = async (...labels) => {
     35|   fireEvent.click(screen.getByRole('button', { name: 'Guidance ÔÇö what ÔÇª
     36|   const guidance = dialogFor('Guidance');
       |                          ^
     37|   fireEvent.click(within(guidance).getByText('Tools'));
     38|   fireEvent.click(within(guidance).getByText('Add tools'));
 ÔØ» openHealth tests/health-flows.test.jsx:42:17
 ÔØ» tests/health-flows.test.jsx:73:19

ÔÄ»ÔÄ»ÔÄ»ÔÄ»ÔÄ»ÔÄ»ÔÄ»ÔÄ»ÔÄ»ÔÄ»ÔÄ»ÔÄ»ÔÄ»ÔÄ»ÔÄ»ÔÄ»ÔÄ»ÔÄ»ÔÄ»ÔÄ»ÔÄ»ÔÄ»ÔÄ»[4/39]ÔÄ»

 FAIL  tests/health-flows.test.jsx > what setup asks for, and why > carries the stated sex into the waist banding, 
which needs one
TestingLibraryElementError: Unable to find an element with the text: Health & training. This could be because the text 
is broken up by multiple elements. In this case, you can provide a function for your text matcher to make your matcher 
more flexible.

Ignored nodes: comments, script, style
[36m<body[39m
  [33mstyle[39m=[32m""[39m
[36m>[39m
  [36m<div>[39m
    [36m<div[39m
      [33mclass[39m=[32m"app-shell min-h-screen"[39m
      [33mstyle[39m=[32m"background: var(--bg);"[39m
    [36m>[39m
      [36m<div[39m
        [33mclass[39m=[32m"app-workspace"[39m
      [36m>[39m
        [36m<header[39m
          [33mclass[39m=[32m"app-header px-5 pt-12 pb-3"[39m
        [36m>[39m
          [36m<a[39m
            [33mclass[39m=[32m"skip-link"[39m
            [33mhref[39m=[32m"#main"[39m
          [36m>[39m
            [0mSkip to content[0m
          [36m</a>[39m
          [36m<div[39m
            [33mclass[39m=[32m"flex items-start justify-between gap-3"[39m
          [36m>[39m
            [36m<div[39m
              [33mclass[39m=[32m"min-w-0"[39m
            [36m>[39m
              [36m<p[39m
                [33mclass[39m=[32m"text-[0.8125rem] font-semibold"[39m
                [33mstyle[39m=[32m"color: var(--muted);"[39m
              [36m>[39m
                [0mTuesday 6 October[0m
              [36m</p>[39m
              [36m<h1[39m
                [33mclass[39m=[32m"text-[1.375rem] font-extrabold tracking-tight leading-tight"[39m
              [36m>[39m
                [0mGood afternoon[0m
                [0m, [0m
                [0mSam[0m
              [36m</h1>[39m
            [36m</div>[39m
            [36m<div[39m
              [33mclass[39m=[32m"flex shrink-0 items-center gap-2"[39m
            [36m>[39m
              [36m<button[39m
                [33maria-label[39m=[32m"Guidance ÔÇö what matters now"[39m
                [33mclass[39m=[32m"press flex h-11 w-11 items-center justify-center rounded-full border"[39m
                [33mstyle[39m=[32m"border-color: var(--line); color: var(--muted);"[39m
              [36m>[39m
                [36m<svg[39m
                  [33maria-hidden[39m=[32m"true"[39m
                  [33mclass[39m=[32m"lucide lucide-sparkles"[39m
                  [33mfill[39m=[32m"none"[39m
                  [33mheight[39m=[32m"19"[39m
                  [33mstroke[39m=[32m"currentColor"[39m
                  [33mstroke-linecap[39m=[32m"round"[39m
                  [33mstroke-linejoin[39m=[32m"round"[39m
                  [33mstroke-width[39m=[32m"1.9"[39m
                  [33mviewBox[39m=[32m"0 0 24 24"[39m
                  [33mwidth[39m=[32m"19"[39m
                  [33mxmlns[39m=[32m"http://www.w3.org/2000/svg"[39m
                [36m>[39m
                  [36m<path[39m
                    [33md[39m=[32m"M11.017 2.814a1 1 0 0 1 1.966 0l1.051 5.558a2 2 0 0 0 1.594 1.594l5.558 1.051a1 
1 0 0 1 0 1.966l-5.558 1.051a2 2 0 0 0-1.594 1.594l-1.051 5.558a1 1 0 0 1-1.966 0l-1.051-5.558a2 2 0 0 
0-1.594-1.594l-5.558-1.051a1 1 0 0 1 0-1.966l5.558-1.051a2 2 0 0 0 1.594-1.594z"[39m
                  [36m/>[39m
                  [36m<path[39m
                    [33md[39m=[32m"M20 2v4"[39m
                  [36m/>[39m
                  [36m<path[39m
                    [33md[39m=[32m"M22 4h-4"[39m
                  [36m/>[39m
                  [36m<circle[39m
                    [33mcx[39m=[32m"4"[39m
                    [33mcy[39m=[32m"20"[39m
                    [33mr[39m=[32m"2"[39m
                  [36m/>[39m
                [36m</svg>[39m
              [36m</button>[39m
              [36m<button[39m
                [33maria-label[39m=[32m"You ÔÇö profile and settings, 5 setup steps left"[39m
                [33mclass[39m=[32m"press relative flex h-11 w-11 items-center justify-center rounded-full text-lg 
font-extrabold"[39m
                [33mstyle[39m=[32m"background: var(--accent); color: var(--on-accent);"[39m
              [36m>[39m
                [0mS[0m
                [36m<span[39m
                  [33mclass[39m=[32m"absolute -top-0.5 -right-0.5 h-3 w-3 rounded-full border-2"[39m
                  [33mstyle[39m=[32m"background: var(--accent-deep); border-color: var(--bg);"[39m
                [36m/>[39m
              [36m</button>[39m
            [36m</div>[39m
          [36m</div>[39m
        [36m</header>[39m
        [36m<main[39m
          [33mclass[39m=[32m"app-main pb-44"[39m
          [33mid[39m=[32m"main"[39m
          [33mtabindex[39m=[32m"-1"[39m
        [36m>[39m
          [36m<div[39m
            [33mclass[39m=[32m"pb-6 space-y-6"[39m
          [36m>[39m
            [36m<section[39m
              [33maria-label[39m=[32m"Next action"[39m
              [33mclass[39m=[32m"px-5"[39m
            [36m>[39m
              [36m<div[39m
                [33mclass[39m=[32m"card p-4"[39m
              [36m>[39m
                [36m<div[39m
                  [33mclass[39m=[32m"flex items-start gap-3"[39m
                [36m>[39m
                  [36m<span[39m
                    [33mclass[39m=[32m"flex h-10 w-10 shrink-0 items-center justify-center rounded-2xl"[39m
                    [33mstyle[39m=[32m"background: var(--accent-soft);"[39m
                  [36m>[39m
                    [36m<svg[39m
                      [33maria-hidden[39m=[32m"true"[39m
                      [33mclass[39m=[32m"lucide lucide-utensils"[39m
                      [33mfill[39m=[32m"none"[39m
                      [33mheight[39m=[32m"18"[39m
                      [33mstroke[39m=[32m"currentColor"[39m
                      [33mstroke-linecap[39m=[32m"round"[39m
                      [33mstroke-linejoin[39m=[32m"round"[39m
                      [33mstroke-width[39m=[32m"1.8"[39m
                      [33mviewBox[39m=[32m"0 0 24 24"[39m
                      [33mwidth[39m=[32m"18"[39m
                      [33mxmlns[39m=[32m"http://www.w3.org/2000/svg"[39m
                    [36m>[39m
                      [36m<path[39m
                        [33md[39m=[32m"M3 2v7c0 1.1.9 2 2 2h4a2 2 0 0 0 2-2V2"[39m
                      [36m/>[39m
                      [36m<path[39m
                        [33md[39m=[32m"M7 2v20"[39m
                      [36m/>[39m
                      [36m<path[39m
                        [33md[39m=[32m"M21 15V2a5 5 0 0 0-5 5v6c0 1.1.9 2 2 2h3Zm0 0v7"[39m
                      [36m/>[39m
                    [36m</svg>[39m
                  [36m</span>[39m
                  [36m<div[39m
                    [33mclass[39m=[32m"min-w-0 flex-1"[39m
                  [36m>[39m
                    [36m<p[39m
                      [33mclass[39m=[32m"text-[0.75rem] font-bold uppercase tracking-wide"[39m
                      [33mstyle[39m=[32m"color: var(--faint);"[39m
                    [36m>[39m
                      [0mNext[0m
                    [36m</p>[39m
                    [36m<p[39m
                      [33mcl...
 ÔØ» Object.getElementError node_modules/@testing-library/dom/dist/config.js:37:19
 ÔØ» node_modules/@testing-library/dom/dist/query-helpers.js:76:38
 ÔØ» node_modules/@testing-library/dom/dist/query-helpers.js:52:17
 ÔØ» node_modules/@testing-library/dom/dist/query-helpers.js:95:19
 ÔØ» openCard tests/health-flows.test.jsx:36:26
     34| const enableTools = async (...labels) => {
     35|   fireEvent.click(screen.getByRole('button', { name: 'Guidance ÔÇö what ÔÇª
     36|   const guidance = dialogFor('Guidance');
       |                          ^
     37|   fireEvent.click(within(guidance).getByText('Tools'));
     38|   fireEvent.click(within(guidance).getByText('Add tools'));
 ÔØ» openHealth tests/health-flows.test.jsx:42:17
 ÔØ» tests/health-flows.test.jsx:120:19

ÔÄ»ÔÄ»ÔÄ»ÔÄ»ÔÄ»ÔÄ»ÔÄ»ÔÄ»ÔÄ»ÔÄ»ÔÄ»ÔÄ»ÔÄ»ÔÄ»ÔÄ»ÔÄ»ÔÄ»ÔÄ»ÔÄ»ÔÄ»ÔÄ»ÔÄ»ÔÄ»[5/39]ÔÄ»

 FAIL  tests/health-flows.test.jsx > what setup asks for, and why > leaves the cycle page out until you ask for it, 
and adds it when you do
TestingLibraryElementError: Unable to find an element with the text: Health & training. This could be because the text 
is broken up by multiple elements. In this case, you can provide a function for your text matcher to make your matcher 
more flexible.

Ignored nodes: comments, script, style
[36m<body[39m
  [33mstyle[39m=[32m""[39m
[36m>[39m
  [36m<div>[39m
    [36m<div[39m
      [33mclass[39m=[32m"app-shell min-h-screen"[39m
      [33mstyle[39m=[32m"background: var(--bg);"[39m
    [36m>[39m
      [36m<div[39m
        [33mclass[39m=[32m"app-workspace"[39m
      [36m>[39m
        [36m<header[39m
          [33mclass[39m=[32m"app-header px-5 pt-12 pb-3"[39m
        [36m>[39m
          [36m<a[39m
            [33mclass[39m=[32m"skip-link"[39m
            [33mhref[39m=[32m"#main"[39m
          [36m>[39m
            [0mSkip to content[0m
          [36m</a>[39m
          [36m<div[39m
            [33mclass[39m=[32m"flex items-start justify-between gap-3"[39m
          [36m>[39m
            [36m<div[39m
              [33mclass[39m=[32m"min-w-0"[39m
            [36m>[39m
              [36m<p[39m
                [33mclass[39m=[32m"text-[0.8125rem] font-semibold"[39m
                [33mstyle[39m=[32m"color: var(--muted);"[39m
              [36m>[39m
                [0mTuesday 6 October[0m
              [36m</p>[39m
              [36m<h1[39m
                [33mclass[39m=[32m"text-[1.375rem] font-extrabold tracking-tight leading-tight"[39m
              [36m>[39m
                [0mGood afternoon[0m
                [0m, [0m
                [0mSam[0m
              [36m</h1>[39m
            [36m</div>[39m
            [36m<div[39m
              [33mclass[39m=[32m"flex shrink-0 items-center gap-2"[39m
            [36m>[39m
              [36m<button[39m
                [33maria-label[39m=[32m"Guidance ÔÇö what matters now"[39m
                [33mclass[39m=[32m"press flex h-11 w-11 items-center justify-center rounded-full border"[39m
                [33mstyle[39m=[32m"border-color: var(--line); color: var(--muted);"[39m
              [36m>[39m
                [36m<svg[39m
                  [33maria-hidden[39m=[32m"true"[39m
                  [33mclass[39m=[32m"lucide lucide-sparkles"[39m
                  [33mfill[39m=[32m"none"[39m
                  [33mheight[39m=[32m"19"[39m
                  [33mstroke[39m=[32m"currentColor"[39m
                  [33mstroke-linecap[39m=[32m"round"[39m
                  [33mstroke-linejoin[39m=[32m"round"[39m
                  [33mstroke-width[39m=[32m"1.9"[39m
                  [33mviewBox[39m=[32m"0 0 24 24"[39m
                  [33mwidth[39m=[32m"19"[39m
                  [33mxmlns[39m=[32m"http://www.w3.org/2000/svg"[39m
                [36m>[39m
                  [36m<path[39m
                    [33md[39m=[32m"M11.017 2.814a1 1 0 0 1 1.966 0l1.051 5.558a2 2 0 0 0 1.594 1.594l5.558 1.051a1 
1 0 0 1 0 1.966l-5.558 1.051a2 2 0 0 0-1.594 1.594l-1.051 5.558a1 1 0 0 1-1.966 0l-1.051-5.558a2 2 0 0 
0-1.594-1.594l-5.558-1.051a1 1 0 0 1 0-1.966l5.558-1.051a2 2 0 0 0 1.594-1.594z"[39m
                  [36m/>[39m
                  [36m<path[39m
                    [33md[39m=[32m"M20 2v4"[39m
                  [36m/>[39m
                  [36m<path[39m
                    [33md[39m=[32m"M22 4h-4"[39m
                  [36m/>[39m
                  [36m<circle[39m
                    [33mcx[39m=[32m"4"[39m
                    [33mcy[39m=[32m"20"[39m
                    [33mr[39m=[32m"2"[39m
                  [36m/>[39m
                [36m</svg>[39m
              [36m</button>[39m
              [36m<button[39m
                [33maria-label[39m=[32m"You ÔÇö profile and settings, 6 setup steps left"[39m
                [33mclass[39m=[32m"press relative flex h-11 w-11 items-center justify-center rounded-full text-lg 
font-extrabold"[39m
                [33mstyle[39m=[32m"background: var(--accent); color: var(--on-accent);"[39m
              [36m>[39m
                [0mS[0m
                [36m<span[39m
                  [33mclass[39m=[32m"absolute -top-0.5 -right-0.5 h-3 w-3 rounded-full border-2"[39m
                  [33mstyle[39m=[32m"background: var(--accent-deep); border-color: var(--bg);"[39m
                [36m/>[39m
              [36m</button>[39m
            [36m</div>[39m
          [36m</div>[39m
        [36m</header>[39m
        [36m<main[39m
          [33mclass[39m=[32m"app-main pb-44"[39m
          [33mid[39m=[32m"main"[39m
          [33mtabindex[39m=[32m"-1"[39m
        [36m>[39m
          [36m<div[39m
            [33mclass[39m=[32m"pb-6 space-y-6"[39m
          [36m>[39m
            [36m<section[39m
              [33maria-label[39m=[32m"Next action"[39m
              [33mclass[39m=[32m"px-5"[39m
            [36m>[39m
              [36m<div[39m
                [33mclass[39m=[32m"card p-4"[39m
              [36m>[39m
                [36m<div[39m
                  [33mclass[39m=[32m"flex items-start gap-3"[39m
                [36m>[39m
                  [36m<span[39m
                    [33mclass[39m=[32m"flex h-10 w-10 shrink-0 items-center justify-center rounded-2xl"[39m
                    [33mstyle[39m=[32m"background: var(--accent-soft);"[39m
                  [36m>[39m
                    [36m<svg[39m
                      [33maria-hidden[39m=[32m"true"[39m
                      [33mclass[39m=[32m"lucide lucide-utensils"[39m
                      [33mfill[39m=[32m"none"[39m
                      [33mheight[39m=[32m"18"[39m
                      [33mstroke[39m=[32m"currentColor"[39m
                      [33mstroke-linecap[39m=[32m"round"[39m
                      [33mstroke-linejoin[39m=[32m"round"[39m
                      [33mstroke-width[39m=[32m"1.8"[39m
                      [33mviewBox[39m=[32m"0 0 24 24"[39m
                      [33mwidth[39m=[32m"18"[39m
                      [33mxmlns[39m=[32m"http://www.w3.org/2000/svg"[39m
                    [36m>[39m
                      [36m<path[39m
                        [33md[39m=[32m"M3 2v7c0 1.1.9 2 2 2h4a2 2 0 0 0 2-2V2"[39m
                      [36m/>[39m
                      [36m<path[39m
                        [33md[39m=[32m"M7 2v20"[39m
                      [36m/>[39m
                      [36m<path[39m
                        [33md[39m=[32m"M21 15V2a5 5 0 0 0-5 5v6c0 1.1.9 2 2 2h3Zm0 0v7"[39m
                      [36m/>[39m
                    [36m</svg>[39m
                  [36m</span>[39m
                  [36m<div[39m
                    [33mclass[39m=[32m"min-w-0 flex-1"[39m
                  [36m>[39m
                    [36m<p[39m
                      [33mclass[39m=[32m"text-[0.75rem] font-bold uppercase tracking-wide"[39m
                      [33mstyle[39m=[32m"color: var(--faint);"[39m
                    [36m>[39m
                      [0mNext[0m
                    [36m</p>[39m
                    [36m<p[39m
                      [33mcl...
 ÔØ» Object.getElementError node_modules/@testing-library/dom/dist/config.js:37:19
 ÔØ» node_modules/@testing-library/dom/dist/query-helpers.js:76:38
 ÔØ» node_modules/@testing-library/dom/dist/query-helpers.js:52:17
 ÔØ» node_modules/@testing-library/dom/dist/query-helpers.js:95:19
 ÔØ» openCard tests/health-flows.test.jsx:36:26
     34| const enableTools = async (...labels) => {
     35|   fireEvent.click(screen.getByRole('button', { name: 'Guidance ÔÇö what ÔÇª
     36|   const guidance = dialogFor('Guidance');
       |                          ^
     37|   fireEvent.click(within(guidance).getByText('Tools'));
     38|   fireEvent.click(within(guidance).getByText('Add tools'));
 ÔØ» openHealth tests/health-flows.test.jsx:42:17
 ÔØ» tests/health-flows.test.jsx:131:17

ÔÄ»ÔÄ»ÔÄ»ÔÄ»ÔÄ»ÔÄ»ÔÄ»ÔÄ»ÔÄ»ÔÄ»ÔÄ»ÔÄ»ÔÄ»ÔÄ»ÔÄ»ÔÄ»ÔÄ»ÔÄ»ÔÄ»ÔÄ»ÔÄ»ÔÄ»ÔÄ»[6/39]ÔÄ»

 FAIL  tests/health-flows.test.jsx > taking a reading > keeps the weight, and asks for a height instead of guessing a 
BMI
TestingLibraryElementError: Unable to find an element with the text: Health & training. This could be because the text 
is broken up by multiple elements. In this case, you can provide a function for your text matcher to make your matcher 
more flexible.

Ignored nodes: comments, script, style
[36m<body[39m
  [33mstyle[39m=[32m""[39m
[36m>[39m
  [36m<div>[39m
    [36m<div[39m
      [33mclass[39m=[32m"app-shell min-h-screen"[39m
      [33mstyle[39m=[32m"background: var(--bg);"[39m
    [36m>[39m
      [36m<div[39m
        [33mclass[39m=[32m"app-workspace"[39m
      [36m>[39m
        [36m<header[39m
          [33mclass[39m=[32m"app-header px-5 pt-12 pb-3"[39m
        [36m>[39m
          [36m<a[39m
            [33mclass[39m=[32m"skip-link"[39m
            [33mhref[39m=[32m"#main"[39m
          [36m>[39m
            [0mSkip to content[0m
          [36m</a>[39m
          [36m<div[39m
            [33mclass[39m=[32m"flex items-start justify-between gap-3"[39m
          [36m>[39m
            [36m<div[39m
              [33mclass[39m=[32m"min-w-0"[39m
            [36m>[39m
              [36m<p[39m
                [33mclass[39m=[32m"text-[0.8125rem] font-semibold"[39m
                [33mstyle[39m=[32m"color: var(--muted);"[39m
              [36m>[39m
                [0mTuesday 6 October[0m
              [36m</p>[39m
              [36m<h1[39m
                [33mclass[39m=[32m"text-[1.375rem] font-extrabold tracking-tight leading-tight"[39m
              [36m>[39m
                [0mGood afternoon[0m
                [0m, [0m
                [0mSam[0m
              [36m</h1>[39m
            [36m</div>[39m
            [36m<div[39m
              [33mclass[39m=[32m"flex shrink-0 items-center gap-2"[39m
            [36m>[39m
              [36m<button[39m
                [33maria-label[39m=[32m"Guidance ÔÇö what matters now"[39m
                [33mclass[39m=[32m"press flex h-11 w-11 items-center justify-center rounded-full border"[39m
                [33mstyle[39m=[32m"border-color: var(--line); color: var(--muted);"[39m
              [36m>[39m
                [36m<svg[39m
                  [33maria-hidden[39m=[32m"true"[39m
                  [33mclass[39m=[32m"lucide lucide-sparkles"[39m
                  [33mfill[39m=[32m"none"[39m
                  [33mheight[39m=[32m"19"[39m
                  [33mstroke[39m=[32m"currentColor"[39m
                  [33mstroke-linecap[39m=[32m"round"[39m
                  [33mstroke-linejoin[39m=[32m"round"[39m
                  [33mstroke-width[39m=[32m"1.9"[39m
                  [33mviewBox[39m=[32m"0 0 24 24"[39m
                  [33mwidth[39m=[32m"19"[39m
                  [33mxmlns[39m=[32m"http://www.w3.org/2000/svg"[39m
                [36m>[39m
                  [36m<path[39m
                    [33md[39m=[32m"M11.017 2.814a1 1 0 0 1 1.966 0l1.051 5.558a2 2 0 0 0 1.594 1.594l5.558 1.051a1 
1 0 0 1 0 1.966l-5.558 1.051a2 2 0 0 0-1.594 1.594l-1.051 5.558a1 1 0 0 1-1.966 0l-1.051-5.558a2 2 0 0 
0-1.594-1.594l-5.558-1.051a1 1 0 0 1 0-1.966l5.558-1.051a2 2 0 0 0 1.594-1.594z"[39m
                  [36m/>[39m
                  [36m<path[39m
                    [33md[39m=[32m"M20 2v4"[39m
                  [36m/>[39m
                  [36m<path[39m
                    [33md[39m=[32m"M22 4h-4"[39m
                  [36m/>[39m
                  [36m<circle[39m
                    [33mcx[39m=[32m"4"[39m
                    [33mcy[39m=[32m"20"[39m
                    [33mr[39m=[32m"2"[39m
                  [36m/>[39m
                [36m</svg>[39m
              [36m</button>[39m
              [36m<button[39m
                [33maria-label[39m=[32m"You ÔÇö profile and settings, 6 setup steps left"[39m
                [33mclass[39m=[32m"press relative flex h-11 w-11 items-center justify-center rounded-full text-lg 
font-extrabold"[39m
                [33mstyle[39m=[32m"background: var(--accent); color: var(--on-accent);"[39m
              [36m>[39m
                [0mS[0m
                [36m<span[39m
                  [33mclass[39m=[32m"absolute -top-0.5 -right-0.5 h-3 w-3 rounded-full border-2"[39m
                  [33mstyle[39m=[32m"background: var(--accent-deep); border-color: var(--bg);"[39m
                [36m/>[39m
              [36m</button>[39m
            [36m</div>[39m
          [36m</div>[39m
        [36m</header>[39m
        [36m<main[39m
          [33mclass[39m=[32m"app-main pb-44"[39m
          [33mid[39m=[32m"main"[39m
          [33mtabindex[39m=[32m"-1"[39m
        [36m>[39m
          [36m<div[39m
            [33mclass[39m=[32m"pb-6 space-y-6"[39m
          [36m>[39m
            [36m<section[39m
              [33maria-label[39m=[32m"Next action"[39m
              [33mclass[39m=[32m"px-5"[39m
            [36m>[39m
              [36m<div[39m
                [33mclass[39m=[32m"card p-4"[39m
              [36m>[39m
                [36m<div[39m
                  [33mclass[39m=[32m"flex items-start gap-3"[39m
                [36m>[39m
                  [36m<span[39m
                    [33mclass[39m=[32m"flex h-10 w-10 shrink-0 items-center justify-center rounded-2xl"[39m
                    [33mstyle[39m=[32m"background: var(--accent-soft);"[39m
                  [36m>[39m
                    [36m<svg[39m
                      [33maria-hidden[39m=[32m"true"[39m
                      [33mclass[39m=[32m"lucide lucide-utensils"[39m
                      [33mfill[39m=[32m"none"[39m
                      [33mheight[39m=[32m"18"[39m
                      [33mstroke[39m=[32m"currentColor"[39m
                      [33mstroke-linecap[39m=[32m"round"[39m
                      [33mstroke-linejoin[39m=[32m"round"[39m
                      [33mstroke-width[39m=[32m"1.8"[39m
                      [33mviewBox[39m=[32m"0 0 24 24"[39m
                      [33mwidth[39m=[32m"18"[39m
                      [33mxmlns[39m=[32m"http://www.w3.org/2000/svg"[39m
                    [36m>[39m
                      [36m<path[39m
                        [33md[39m=[32m"M3 2v7c0 1.1.9 2 2 2h4a2 2 0 0 0 2-2V2"[39m
                      [36m/>[39m
                      [36m<path[39m
                        [33md[39m=[32m"M7 2v20"[39m
                      [36m/>[39m
                      [36m<path[39m
                        [33md[39m=[32m"M21 15V2a5 5 0 0 0-5 5v6c0 1.1.9 2 2 2h3Zm0 0v7"[39m
                      [36m/>[39m
                    [36m</svg>[39m
                  [36m</span>[39m
                  [36m<div[39m
                    [33mclass[39m=[32m"min-w-0 flex-1"[39m
                  [36m>[39m
                    [36m<p[39m
                      [33mclass[39m=[32m"text-[0.75rem] font-bold uppercase tracking-wide"[39m
                      [33mstyle[39m=[32m"color: var(--faint);"[39m
                    [36m>[39m
                      [0mNext[0m
                    [36m</p>[39m
                    [36m<p[39m
                      [33mcl...
 ÔØ» Object.getElementError node_modules/@testing-library/dom/dist/config.js:37:19
 ÔØ» node_modules/@testing-library/dom/dist/query-helpers.js:76:38
 ÔØ» node_modules/@testing-library/dom/dist/query-helpers.js:52:17
 ÔØ» node_modules/@testing-library/dom/dist/query-helpers.js:95:19
 ÔØ» openCard tests/health-flows.test.jsx:36:26
     34| const enableTools = async (...labels) => {
     35|   fireEvent.click(screen.getByRole('button', { name: 'Guidance ÔÇö what ÔÇª
     36|   const guidance = dialogFor('Guidance');
       |                          ^
     37|   fireEvent.click(within(guidance).getByText('Tools'));
     38|   fireEvent.click(within(guidance).getByText('Add tools'));
 ÔØ» openHealth tests/health-flows.test.jsx:42:17
 ÔØ» logWeight tests/health-flows.test.jsx:48:17
 ÔØ» tests/health-flows.test.jsx:163:19

ÔÄ»ÔÄ»ÔÄ»ÔÄ»ÔÄ»ÔÄ»ÔÄ»ÔÄ»ÔÄ»ÔÄ»ÔÄ»ÔÄ»ÔÄ»ÔÄ»ÔÄ»ÔÄ»ÔÄ»ÔÄ»ÔÄ»ÔÄ»ÔÄ»ÔÄ»ÔÄ»[7/39]ÔÄ»

 FAIL  tests/health-flows.test.jsx > taking a reading > logging again on the same day replaces the reading, it does 
not stack one on it
TestingLibraryElementError: Unable to find an element with the text: Health & training. This could be because the text 
is broken up by multiple elements. In this case, you can provide a function for your text matcher to make your matcher 
more flexible.

Ignored nodes: comments, script, style
[36m<body[39m
  [33mstyle[39m=[32m""[39m
[36m>[39m
  [36m<div>[39m
    [36m<div[39m
      [33mclass[39m=[32m"app-shell min-h-screen"[39m
      [33mstyle[39m=[32m"background: var(--bg);"[39m
    [36m>[39m
      [36m<div[39m
        [33mclass[39m=[32m"app-workspace"[39m
      [36m>[39m
        [36m<header[39m
          [33mclass[39m=[32m"app-header px-5 pt-12 pb-3"[39m
        [36m>[39m
          [36m<a[39m
            [33mclass[39m=[32m"skip-link"[39m
            [33mhref[39m=[32m"#main"[39m
          [36m>[39m
            [0mSkip to content[0m
          [36m</a>[39m
          [36m<div[39m
            [33mclass[39m=[32m"flex items-start justify-between gap-3"[39m
          [36m>[39m
            [36m<div[39m
              [33mclass[39m=[32m"min-w-0"[39m
            [36m>[39m
              [36m<p[39m
                [33mclass[39m=[32m"text-[0.8125rem] font-semibold"[39m
                [33mstyle[39m=[32m"color: var(--muted);"[39m
              [36m>[39m
                [0mTuesday 6 October[0m
              [36m</p>[39m
              [36m<h1[39m
                [33mclass[39m=[32m"text-[1.375rem] font-extrabold tracking-tight leading-tight"[39m
              [36m>[39m
                [0mGood afternoon[0m
                [0m, [0m
                [0mSam[0m
              [36m</h1>[39m
            [36m</div>[39m
            [36m<div[39m
              [33mclass[39m=[32m"flex shrink-0 items-center gap-2"[39m
            [36m>[39m
              [36m<button[39m
                [33maria-label[39m=[32m"Guidance ÔÇö what matters now"[39m
                [33mclass[39m=[32m"press flex h-11 w-11 items-center justify-center rounded-full border"[39m
                [33mstyle[39m=[32m"border-color: var(--line); color: var(--muted);"[39m
              [36m>[39m
                [36m<svg[39m
                  [33maria-hidden[39m=[32m"true"[39m
                  [33mclass[39m=[32m"lucide lucide-sparkles"[39m
                  [33mfill[39m=[32m"none"[39m
                  [33mheight[39m=[32m"19"[39m
                  [33mstroke[39m=[32m"currentColor"[39m
                  [33mstroke-linecap[39m=[32m"round"[39m
                  [33mstroke-linejoin[39m=[32m"round"[39m
                  [33mstroke-width[39m=[32m"1.9"[39m
                  [33mviewBox[39m=[32m"0 0 24 24"[39m
                  [33mwidth[39m=[32m"19"[39m
                  [33mxmlns[39m=[32m"http://www.w3.org/2000/svg"[39m
                [36m>[39m
                  [36m<path[39m
                    [33md[39m=[32m"M11.017 2.814a1 1 0 0 1 1.966 0l1.051 5.558a2 2 0 0 0 1.594 1.594l5.558 1.051a1 
1 0 0 1 0 1.966l-5.558 1.051a2 2 0 0 0-1.594 1.594l-1.051 5.558a1 1 0 0 1-1.966 0l-1.051-5.558a2 2 0 0 
0-1.594-1.594l-5.558-1.051a1 1 0 0 1 0-1.966l5.558-1.051a2 2 0 0 0 1.594-1.594z"[39m
                  [36m/>[39m
                  [36m<path[39m
                    [33md[39m=[32m"M20 2v4"[39m
                  [36m/>[39m
                  [36m<path[39m
                    [33md[39m=[32m"M22 4h-4"[39m
                  [36m/>[39m
                  [36m<circle[39m
                    [33mcx[39m=[32m"4"[39m
                    [33mcy[39m=[32m"20"[39m
                    [33mr[39m=[32m"2"[39m
                  [36m/>[39m
                [36m</svg>[39m
              [36m</button>[39m
              [36m<button[39m
                [33maria-label[39m=[32m"You ÔÇö profile and settings, 6 setup steps left"[39m
                [33mclass[39m=[32m"press relative flex h-11 w-11 items-center justify-center rounded-full text-lg 
font-extrabold"[39m
                [33mstyle[39m=[32m"background: var(--accent); color: var(--on-accent);"[39m
              [36m>[39m
                [0mS[0m
                [36m<span[39m
                  [33mclass[39m=[32m"absolute -top-0.5 -right-0.5 h-3 w-3 rounded-full border-2"[39m
                  [33mstyle[39m=[32m"background: var(--accent-deep); border-color: var(--bg);"[39m
                [36m/>[39m
              [36m</button>[39m
            [36m</div>[39m
          [36m</div>[39m
        [36m</header>[39m
        [36m<main[39m
          [33mclass[39m=[32m"app-main pb-44"[39m
          [33mid[39m=[32m"main"[39m
          [33mtabindex[39m=[32m"-1"[39m
        [36m>[39m
          [36m<div[39m
            [33mclass[39m=[32m"pb-6 space-y-6"[39m
          [36m>[39m
            [36m<section[39m
              [33maria-label[39m=[32m"Next action"[39m
              [33mclass[39m=[32m"px-5"[39m
            [36m>[39m
              [36m<div[39m
                [33mclass[39m=[32m"card p-4"[39m
              [36m>[39m
                [36m<div[39m
                  [33mclass[39m=[32m"flex items-start gap-3"[39m
                [36m>[39m
                  [36m<span[39m
                    [33mclass[39m=[32m"flex h-10 w-10 shrink-0 items-center justify-center rounded-2xl"[39m
                    [33mstyle[39m=[32m"background: var(--accent-soft);"[39m
                  [36m>[39m
                    [36m<svg[39m
                      [33maria-hidden[39m=[32m"true"[39m
                      [33mclass[39m=[32m"lucide lucide-utensils"[39m
                      [33mfill[39m=[32m"none"[39m
                      [33mheight[39m=[32m"18"[39m
                      [33mstroke[39m=[32m"currentColor"[39m
                      [33mstroke-linecap[39m=[32m"round"[39m
                      [33mstroke-linejoin[39m=[32m"round"[39m
                      [33mstroke-width[39m=[32m"1.8"[39m
                      [33mviewBox[39m=[32m"0 0 24 24"[39m
                      [33mwidth[39m=[32m"18"[39m
                      [33mxmlns[39m=[32m"http://www.w3.org/2000/svg"[39m
                    [36m>[39m
                      [36m<path[39m
                        [33md[39m=[32m"M3 2v7c0 1.1.9 2 2 2h4a2 2 0 0 0 2-2V2"[39m
                      [36m/>[39m
                      [36m<path[39m
                        [33md[39m=[32m"M7 2v20"[39m
                      [36m/>[39m
                      [36m<path[39m
                        [33md[39m=[32m"M21 15V2a5 5 0 0 0-5 5v6c0 1.1.9 2 2 2h3Zm0 0v7"[39m
                      [36m/>[39m
                    [36m</svg>[39m
                  [36m</span>[39m
                  [36m<div[39m
                    [33mclass[39m=[32m"min-w-0 flex-1"[39m
                  [36m>[39m
                    [36m<p[39m
                      [33mclass[39m=[32m"text-[0.75rem] font-bold uppercase tracking-wide"[39m
                      [33mstyle[39m=[32m"color: var(--faint);"[39m
                    [36m>[39m
                      [0mNext[0m
                    [36m</p>[39m
                    [36m<p[39m
                      [33mcl...
 ÔØ» Object.getElementError node_modules/@testing-library/dom/dist/config.js:37:19
 ÔØ» node_modules/@testing-library/dom/dist/query-helpers.js:76:38
 ÔØ» node_modules/@testing-library/dom/dist/query-helpers.js:52:17
 ÔØ» node_modules/@testing-library/dom/dist/query-helpers.js:95:19
 ÔØ» openCard tests/health-flows.test.jsx:36:26
     34| const enableTools = async (...labels) => {
     35|   fireEvent.click(screen.getByRole('button', { name: 'Guidance ÔÇö what ÔÇª
     36|   const guidance = dialogFor('Guidance');
       |                          ^
     37|   fireEvent.click(within(guidance).getByText('Tools'));
     38|   fireEvent.click(within(guidance).getByText('Add tools'));
 ÔØ» openHealth tests/health-flows.test.jsx:42:17
 ÔØ» logWeight tests/health-flows.test.jsx:48:17
 ÔØ» tests/health-flows.test.jsx:172:5

ÔÄ»ÔÄ»ÔÄ»ÔÄ»ÔÄ»ÔÄ»ÔÄ»ÔÄ»ÔÄ»ÔÄ»ÔÄ»ÔÄ»ÔÄ»ÔÄ»ÔÄ»ÔÄ»ÔÄ»ÔÄ»ÔÄ»ÔÄ»ÔÄ»ÔÄ»ÔÄ»[8/39]ÔÄ»

 FAIL  tests/health-flows.test.jsx > taking a reading > shows the weight it now knows on the profile card, and in the 
goals maths
TestingLibraryElementError: Unable to find an element with the text: Health & training. This could be because the text 
is broken up by multiple elements. In this case, you can provide a function for your text matcher to make your matcher 
more flexible.

Ignored nodes: comments, script, style
[36m<body[39m
  [33mstyle[39m=[32m""[39m
[36m>[39m
  [36m<div>[39m
    [36m<div[39m
      [33mclass[39m=[32m"app-shell min-h-screen"[39m
      [33mstyle[39m=[32m"background: var(--bg);"[39m
    [36m>[39m
      [36m<div[39m
        [33mclass[39m=[32m"app-workspace"[39m
      [36m>[39m
        [36m<header[39m
          [33mclass[39m=[32m"app-header px-5 pt-12 pb-3"[39m
        [36m>[39m
          [36m<a[39m
            [33mclass[39m=[32m"skip-link"[39m
            [33mhref[39m=[32m"#main"[39m
          [36m>[39m
            [0mSkip to content[0m
          [36m</a>[39m
          [36m<div[39m
            [33mclass[39m=[32m"flex items-start justify-between gap-3"[39m
          [36m>[39m
            [36m<div[39m
              [33mclass[39m=[32m"min-w-0"[39m
            [36m>[39m
              [36m<p[39m
                [33mclass[39m=[32m"text-[0.8125rem] font-semibold"[39m
                [33mstyle[39m=[32m"color: var(--muted);"[39m
              [36m>[39m
                [0mTuesday 6 October[0m
              [36m</p>[39m
              [36m<h1[39m
                [33mclass[39m=[32m"text-[1.375rem] font-extrabold tracking-tight leading-tight"[39m
              [36m>[39m
                [0mGood afternoon[0m
                [0m, [0m
                [0mSam[0m
              [36m</h1>[39m
            [36m</div>[39m
            [36m<div[39m
              [33mclass[39m=[32m"flex shrink-0 items-center gap-2"[39m
            [36m>[39m
              [36m<button[39m
                [33maria-label[39m=[32m"Guidance ÔÇö what matters now"[39m
                [33mclass[39m=[32m"press flex h-11 w-11 items-center justify-center rounded-full border"[39m
                [33mstyle[39m=[32m"border-color: var(--line); color: var(--muted);"[39m
              [36m>[39m
                [36m<svg[39m
                  [33maria-hidden[39m=[32m"true"[39m
                  [33mclass[39m=[32m"lucide lucide-sparkles"[39m
                  [33mfill[39m=[32m"none"[39m
                  [33mheight[39m=[32m"19"[39m
                  [33mstroke[39m=[32m"currentColor"[39m
                  [33mstroke-linecap[39m=[32m"round"[39m
                  [33mstroke-linejoin[39m=[32m"round"[39m
                  [33mstroke-width[39m=[32m"1.9"[39m
                  [33mviewBox[39m=[32m"0 0 24 24"[39m
                  [33mwidth[39m=[32m"19"[39m
                  [33mxmlns[39m=[32m"http://www.w3.org/2000/svg"[39m
                [36m>[39m
                  [36m<path[39m
                    [33md[39m=[32m"M11.017 2.814a1 1 0 0 1 1.966 0l1.051 5.558a2 2 0 0 0 1.594 1.594l5.558 1.051a1 
1 0 0 1 0 1.966l-5.558 1.051a2 2 0 0 0-1.594 1.594l-1.051 5.558a1 1 0 0 1-1.966 0l-1.051-5.558a2 2 0 0 
0-1.594-1.594l-5.558-1.051a1 1 0 0 1 0-1.966l5.558-1.051a2 2 0 0 0 1.594-1.594z"[39m
                  [36m/>[39m
                  [36m<path[39m
                    [33md[39m=[32m"M20 2v4"[39m
                  [36m/>[39m
                  [36m<path[39m
                    [33md[39m=[32m"M22 4h-4"[39m
                  [36m/>[39m
                  [36m<circle[39m
                    [33mcx[39m=[32m"4"[39m
                    [33mcy[39m=[32m"20"[39m
                    [33mr[39m=[32m"2"[39m
                  [36m/>[39m
                [36m</svg>[39m
              [36m</button>[39m
              [36m<button[39m
                [33maria-label[39m=[32m"You ÔÇö profile and settings, 6 setup steps left"[39m
                [33mclass[39m=[32m"press relative flex h-11 w-11 items-center justify-center rounded-full text-lg 
font-extrabold"[39m
                [33mstyle[39m=[32m"background: var(--accent); color: var(--on-accent);"[39m
              [36m>[39m
                [0mS[0m
                [36m<span[39m
                  [33mclass[39m=[32m"absolute -top-0.5 -right-0.5 h-3 w-3 rounded-full border-2"[39m
                  [33mstyle[39m=[32m"background: var(--accent-deep); border-color: var(--bg);"[39m
                [36m/>[39m
              [36m</button>[39m
            [36m</div>[39m
          [36m</div>[39m
        [36m</header>[39m
        [36m<main[39m
          [33mclass[39m=[32m"app-main pb-44"[39m
          [33mid[39m=[32m"main"[39m
          [33mtabindex[39m=[32m"-1"[39m
        [36m>[39m
          [36m<div[39m
            [33mclass[39m=[32m"pb-6 space-y-6"[39m
          [36m>[39m
            [36m<section[39m
              [33maria-label[39m=[32m"Next action"[39m
              [33mclass[39m=[32m"px-5"[39m
            [36m>[39m
              [36m<div[39m
                [33mclass[39m=[32m"card p-4"[39m
              [36m>[39m
                [36m<div[39m
                  [33mclass[39m=[32m"flex items-start gap-3"[39m
                [36m>[39m
                  [36m<span[39m
                    [33mclass[39m=[32m"flex h-10 w-10 shrink-0 items-center justify-center rounded-2xl"[39m
                    [33mstyle[39m=[32m"background: var(--accent-soft);"[39m
                  [36m>[39m
                    [36m<svg[39m
                      [33maria-hidden[39m=[32m"true"[39m
                      [33mclass[39m=[32m"lucide lucide-utensils"[39m
                      [33mfill[39m=[32m"none"[39m
                      [33mheight[39m=[32m"18"[39m
                      [33mstroke[39m=[32m"currentColor"[39m
                      [33mstroke-linecap[39m=[32m"round"[39m
                      [33mstroke-linejoin[39m=[32m"round"[39m
                      [33mstroke-width[39m=[32m"1.8"[39m
                      [33mviewBox[39m=[32m"0 0 24 24"[39m
                      [33mwidth[39m=[32m"18"[39m
                      [33mxmlns[39m=[32m"http://www.w3.org/2000/svg"[39m
                    [36m>[39m
                      [36m<path[39m
                        [33md[39m=[32m"M3 2v7c0 1.1.9 2 2 2h4a2 2 0 0 0 2-2V2"[39m
                      [36m/>[39m
                      [36m<path[39m
                        [33md[39m=[32m"M7 2v20"[39m
                      [36m/>[39m
                      [36m<path[39m
                        [33md[39m=[32m"M21 15V2a5 5 0 0 0-5 5v6c0 1.1.9 2 2 2h3Zm0 0v7"[39m
                      [36m/>[39m
                    [36m</svg>[39m
                  [36m</span>[39m
                  [36m<div[39m
                    [33mclass[39m=[32m"min-w-0 flex-1"[39m
                  [36m>[39m
                    [36m<p[39m
                      [33mclass[39m=[32m"text-[0.75rem] font-bold uppercase tracking-wide"[39m
                      [33mstyle[39m=[32m"color: var(--faint);"[39m
                    [36m>[39m
                      [0mNext[0m
                    [36m</p>[39m
                    [36m<p[39m
                      [33mcl...
 ÔØ» Object.getElementError node_modules/@testing-library/dom/dist/config.js:37:19
 ÔØ» node_modules/@testing-library/dom/dist/query-helpers.js:76:38
 ÔØ» node_modules/@testing-library/dom/dist/query-helpers.js:52:17
 ÔØ» node_modules/@testing-library/dom/dist/query-helpers.js:95:19
 ÔØ» openCard tests/health-flows.test.jsx:36:26
     34| const enableTools = async (...labels) => {
     35|   fireEvent.click(screen.getByRole('button', { name: 'Guidance ÔÇö what ÔÇª
     36|   const guidance = dialogFor('Guidance');
       |                          ^
     37|   fireEvent.click(within(guidance).getByText('Tools'));
     38|   fireEvent.click(within(guidance).getByText('Add tools'));
 ÔØ» openHealth tests/health-flows.test.jsx:42:17
 ÔØ» logWeight tests/health-flows.test.jsx:48:17
 ÔØ» tests/health-flows.test.jsx:181:19

ÔÄ»ÔÄ»ÔÄ»ÔÄ»ÔÄ»ÔÄ»ÔÄ»ÔÄ»ÔÄ»ÔÄ»ÔÄ»ÔÄ»ÔÄ»ÔÄ»ÔÄ»ÔÄ»ÔÄ»ÔÄ»ÔÄ»ÔÄ»ÔÄ»ÔÄ»ÔÄ»[9/39]ÔÄ»

 FAIL  tests/health-flows.test.jsx > taking a reading > will not band a waist until it knows which thresholds apply
TestingLibraryElementError: Unable to find an element with the text: Health & training. This could be because the text 
is broken up by multiple elements. In this case, you can provide a function for your text matcher to make your matcher 
more flexible.

Ignored nodes: comments, script, style
[36m<body[39m
  [33mstyle[39m=[32m""[39m
[36m>[39m
  [36m<div>[39m
    [36m<div[39m
      [33mclass[39m=[32m"app-shell min-h-screen"[39m
      [33mstyle[39m=[32m"background: var(--bg);"[39m
    [36m>[39m
      [36m<div[39m
        [33mclass[39m=[32m"app-workspace"[39m
      [36m>[39m
        [36m<header[39m
          [33mclass[39m=[32m"app-header px-5 pt-12 pb-3"[39m
        [36m>[39m
          [36m<a[39m
            [33mclass[39m=[32m"skip-link"[39m
            [33mhref[39m=[32m"#main"[39m
          [36m>[39m
            [0mSkip to content[0m
          [36m</a>[39m
          [36m<div[39m
            [33mclass[39m=[32m"flex items-start justify-between gap-3"[39m
          [36m>[39m
            [36m<div[39m
              [33mclass[39m=[32m"min-w-0"[39m
            [36m>[39m
              [36m<p[39m
                [33mclass[39m=[32m"text-[0.8125rem] font-semibold"[39m
                [33mstyle[39m=[32m"color: var(--muted);"[39m
              [36m>[39m
                [0mTuesday 6 October[0m
              [36m</p>[39m
              [36m<h1[39m
                [33mclass[39m=[32m"text-[1.375rem] font-extrabold tracking-tight leading-tight"[39m
              [36m>[39m
                [0mGood afternoon[0m
                [0m, [0m
                [0mSam[0m
              [36m</h1>[39m
            [36m</div>[39m
            [36m<div[39m
              [33mclass[39m=[32m"flex shrink-0 items-center gap-2"[39m
            [36m>[39m
              [36m<button[39m
                [33maria-label[39m=[32m"Guidance ÔÇö what matters now"[39m
                [33mclass[39m=[32m"press flex h-11 w-11 items-center justify-center rounded-full border"[39m
                [33mstyle[39m=[32m"border-color: var(--line); color: var(--muted);"[39m
              [36m>[39m
                [36m<svg[39m
                  [33maria-hidden[39m=[32m"true"[39m
                  [33mclass[39m=[32m"lucide lucide-sparkles"[39m
                  [33mfill[39m=[32m"none"[39m
                  [33mheight[39m=[32m"19"[39m
                  [33mstroke[39m=[32m"currentColor"[39m
                  [33mstroke-linecap[39m=[32m"round"[39m
                  [33mstroke-linejoin[39m=[32m"round"[39m
                  [33mstroke-width[39m=[32m"1.9"[39m
                  [33mviewBox[39m=[32m"0 0 24 24"[39m
                  [33mwidth[39m=[32m"19"[39m
                  [33mxmlns[39m=[32m"http://www.w3.org/2000/svg"[39m
                [36m>[39m
                  [36m<path[39m
                    [33md[39m=[32m"M11.017 2.814a1 1 0 0 1 1.966 0l1.051 5.558a2 2 0 0 0 1.594 1.594l5.558 1.051a1 
1 0 0 1 0 1.966l-5.558 1.051a2 2 0 0 0-1.594 1.594l-1.051 5.558a1 1 0 0 1-1.966 0l-1.051-5.558a2 2 0 0 
0-1.594-1.594l-5.558-1.051a1 1 0 0 1 0-1.966l5.558-1.051a2 2 0 0 0 1.594-1.594z"[39m
                  [36m/>[39m
                  [36m<path[39m
                    [33md[39m=[32m"M20 2v4"[39m
                  [36m/>[39m
                  [36m<path[39m
                    [33md[39m=[32m"M22 4h-4"[39m
                  [36m/>[39m
                  [36m<circle[39m
                    [33mcx[39m=[32m"4"[39m
                    [33mcy[39m=[32m"20"[39m
                    [33mr[39m=[32m"2"[39m
                  [36m/>[39m
                [36m</svg>[39m
              [36m</button>[39m
              [36m<button[39m
                [33maria-label[39m=[32m"You ÔÇö profile and settings, 6 setup steps left"[39m
                [33mclass[39m=[32m"press relative flex h-11 w-11 items-center justify-center rounded-full text-lg 
font-extrabold"[39m
                [33mstyle[39m=[32m"background: var(--accent); color: var(--on-accent);"[39m
              [36m>[39m
                [0mS[0m
                [36m<span[39m
                  [33mclass[39m=[32m"absolute -top-0.5 -right-0.5 h-3 w-3 rounded-full border-2"[39m
                  [33mstyle[39m=[32m"background: var(--accent-deep); border-color: var(--bg);"[39m
                [36m/>[39m
              [36m</button>[39m
            [36m</div>[39m
          [36m</div>[39m
        [36m</header>[39m
        [36m<main[39m
          [33mclass[39m=[32m"app-main pb-44"[39m
          [33mid[39m=[32m"main"[39m
          [33mtabindex[39m=[32m"-1"[39m
        [36m>[39m
          [36m<div[39m
            [33mclass[39m=[32m"pb-6 space-y-6"[39m
          [36m>[39m
            [36m<section[39m
              [33maria-label[39m=[32m"Next action"[39m
              [33mclass[39m=[32m"px-5"[39m
            [36m>[39m
              [36m<div[39m
                [33mclass[39m=[32m"card p-4"[39m
              [36m>[39m
                [36m<div[39m
                  [33mclass[39m=[32m"flex items-start gap-3"[39m
                [36m>[39m
                  [36m<span[39m
                    [33mclass[39m=[32m"flex h-10 w-10 shrink-0 items-center justify-center rounded-2xl"[39m
                    [33mstyle[39m=[32m"background: var(--accent-soft);"[39m
                  [36m>[39m
                    [36m<svg[39m
                      [33maria-hidden[39m=[32m"true"[39m
                      [33mclass[39m=[32m"lucide lucide-utensils"[39m
                      [33mfill[39m=[32m"none"[39m
                      [33mheight[39m=[32m"18"[39m
                      [33mstroke[39m=[32m"currentColor"[39m
                      [33mstroke-linecap[39m=[32m"round"[39m
                      [33mstroke-linejoin[39m=[32m"round"[39m
                      [33mstroke-width[39m=[32m"1.8"[39m
                      [33mviewBox[39m=[32m"0 0 24 24"[39m
                      [33mwidth[39m=[32m"18"[39m
                      [33mxmlns[39m=[32m"http://www.w3.org/2000/svg"[39m
                    [36m>[39m
                      [36m<path[39m
                        [33md[39m=[32m"M3 2v7c0 1.1.9 2 2 2h4a2 2 0 0 0 2-2V2"[39m
                      [36m/>[39m
                      [36m<path[39m
                        [33md[39m=[32m"M7 2v20"[39m
                      [36m/>[39m
                      [36m<path[39m
                        [33md[39m=[32m"M21 15V2a5 5 0 0 0-5 5v6c0 1.1.9 2 2 2h3Zm0 0v7"[39m
                      [36m/>[39m
                    [36m</svg>[39m
                  [36m</span>[39m
                  [36m<div[39m
                    [33mclass[39m=[32m"min-w-0 flex-1"[39m
                  [36m>[39m
                    [36m<p[39m
                      [33mclass[39m=[32m"text-[0.75rem] font-bold uppercase tracking-wide"[39m
                      [33mstyle[39m=[32m"color: var(--faint);"[39m
                    [36m>[39m
                      [0mNext[0m
                    [36m</p>[39m
                    [36m<p[39m
                      [33mcl...
 ÔØ» Object.getElementError node_modules/@testing-library/dom/dist/config.js:37:19
 ÔØ» node_modules/@testing-library/dom/dist/query-helpers.js:76:38
 ÔØ» node_modules/@testing-library/dom/dist/query-helpers.js:52:17
 ÔØ» node_modules/@testing-library/dom/dist/query-helpers.js:95:19
 ÔØ» openCard tests/health-flows.test.jsx:36:26
     34| const enableTools = async (...labels) => {
     35|   fireEvent.click(screen.getByRole('button', { name: 'Guidance ÔÇö what ÔÇª
     36|   const guidance = dialogFor('Guidance');
       |                          ^
     37|   fireEvent.click(within(guidance).getByText('Tools'));
     38|   fireEvent.click(within(guidance).getByText('Add tools'));
 ÔØ» openHealth tests/health-flows.test.jsx:42:17
 ÔØ» tests/health-flows.test.jsx:189:19

ÔÄ»ÔÄ»ÔÄ»ÔÄ»ÔÄ»ÔÄ»ÔÄ»ÔÄ»ÔÄ»ÔÄ»ÔÄ»ÔÄ»ÔÄ»ÔÄ»ÔÄ»ÔÄ»ÔÄ»ÔÄ»ÔÄ»ÔÄ»ÔÄ»ÔÄ»[10/39]ÔÄ»

 FAIL  tests/health-flows.test.jsx > vitals > labels a reading with the published band and the advice that goes with it
TestingLibraryElementError: Unable to find an element with the text: Health & training. This could be because the text 
is broken up by multiple elements. In this case, you can provide a function for your text matcher to make your matcher 
more flexible.

Ignored nodes: comments, script, style
[36m<body[39m
  [33mstyle[39m=[32m""[39m
[36m>[39m
  [36m<div>[39m
    [36m<div[39m
      [33mclass[39m=[32m"app-shell min-h-screen"[39m
      [33mstyle[39m=[32m"background: var(--bg);"[39m
    [36m>[39m
      [36m<div[39m
        [33mclass[39m=[32m"app-workspace"[39m
      [36m>[39m
        [36m<header[39m
          [33mclass[39m=[32m"app-header px-5 pt-12 pb-3"[39m
        [36m>[39m
          [36m<a[39m
            [33mclass[39m=[32m"skip-link"[39m
            [33mhref[39m=[32m"#main"[39m
          [36m>[39m
            [0mSkip to content[0m
          [36m</a>[39m
          [36m<div[39m
            [33mclass[39m=[32m"flex items-start justify-between gap-3"[39m
          [36m>[39m
            [36m<div[39m
              [33mclass[39m=[32m"min-w-0"[39m
            [36m>[39m
              [36m<p[39m
                [33mclass[39m=[32m"text-[0.8125rem] font-semibold"[39m
                [33mstyle[39m=[32m"color: var(--muted);"[39m
              [36m>[39m
                [0mTuesday 6 October[0m
              [36m</p>[39m
              [36m<h1[39m
                [33mclass[39m=[32m"text-[1.375rem] font-extrabold tracking-tight leading-tight"[39m
              [36m>[39m
                [0mGood afternoon[0m
                [0m, [0m
                [0mSam[0m
              [36m</h1>[39m
            [36m</div>[39m
            [36m<div[39m
              [33mclass[39m=[32m"flex shrink-0 items-center gap-2"[39m
            [36m>[39m
              [36m<button[39m
                [33maria-label[39m=[32m"Guidance ÔÇö what matters now"[39m
                [33mclass[39m=[32m"press flex h-11 w-11 items-center justify-center rounded-full border"[39m
                [33mstyle[39m=[32m"border-color: var(--line); color: var(--muted);"[39m
              [36m>[39m
                [36m<svg[39m
                  [33maria-hidden[39m=[32m"true"[39m
                  [33mclass[39m=[32m"lucide lucide-sparkles"[39m
                  [33mfill[39m=[32m"none"[39m
                  [33mheight[39m=[32m"19"[39m
                  [33mstroke[39m=[32m"currentColor"[39m
                  [33mstroke-linecap[39m=[32m"round"[39m
                  [33mstroke-linejoin[39m=[32m"round"[39m
                  [33mstroke-width[39m=[32m"1.9"[39m
                  [33mviewBox[39m=[32m"0 0 24 24"[39m
                  [33mwidth[39m=[32m"19"[39m
                  [33mxmlns[39m=[32m"http://www.w3.org/2000/svg"[39m
                [36m>[39m
                  [36m<path[39m
                    [33md[39m=[32m"M11.017 2.814a1 1 0 0 1 1.966 0l1.051 5.558a2 2 0 0 0 1.594 1.594l5.558 1.051a1 
1 0 0 1 0 1.966l-5.558 1.051a2 2 0 0 0-1.594 1.594l-1.051 5.558a1 1 0 0 1-1.966 0l-1.051-5.558a2 2 0 0 
0-1.594-1.594l-5.558-1.051a1 1 0 0 1 0-1.966l5.558-1.051a2 2 0 0 0 1.594-1.594z"[39m
                  [36m/>[39m
                  [36m<path[39m
                    [33md[39m=[32m"M20 2v4"[39m
                  [36m/>[39m
                  [36m<path[39m
                    [33md[39m=[32m"M22 4h-4"[39m
                  [36m/>[39m
                  [36m<circle[39m
                    [33mcx[39m=[32m"4"[39m
                    [33mcy[39m=[32m"20"[39m
                    [33mr[39m=[32m"2"[39m
                  [36m/>[39m
                [36m</svg>[39m
              [36m</button>[39m
              [36m<button[39m
                [33maria-label[39m=[32m"You ÔÇö profile and settings, 6 setup steps left"[39m
                [33mclass[39m=[32m"press relative flex h-11 w-11 items-center justify-center rounded-full text-lg 
font-extrabold"[39m
                [33mstyle[39m=[32m"background: var(--accent); color: var(--on-accent);"[39m
              [36m>[39m
                [0mS[0m
                [36m<span[39m
                  [33mclass[39m=[32m"absolute -top-0.5 -right-0.5 h-3 w-3 rounded-full border-2"[39m
                  [33mstyle[39m=[32m"background: var(--accent-deep); border-color: var(--bg);"[39m
                [36m/>[39m
              [36m</button>[39m
            [36m</div>[39m
          [36m</div>[39m
        [36m</header>[39m
        [36m<main[39m
          [33mclass[39m=[32m"app-main pb-44"[39m
          [33mid[39m=[32m"main"[39m
          [33mtabindex[39m=[32m"-1"[39m
        [36m>[39m
          [36m<div[39m
            [33mclass[39m=[32m"pb-6 space-y-6"[39m
          [36m>[39m
            [36m<section[39m
              [33maria-label[39m=[32m"Next action"[39m
              [33mclass[39m=[32m"px-5"[39m
            [36m>[39m
              [36m<div[39m
                [33mclass[39m=[32m"card p-4"[39m
              [36m>[39m
                [36m<div[39m
                  [33mclass[39m=[32m"flex items-start gap-3"[39m
                [36m>[39m
                  [36m<span[39m
                    [33mclass[39m=[32m"flex h-10 w-10 shrink-0 items-center justify-center rounded-2xl"[39m
                    [33mstyle[39m=[32m"background: var(--accent-soft);"[39m
                  [36m>[39m
                    [36m<svg[39m
                      [33maria-hidden[39m=[32m"true"[39m
                      [33mclass[39m=[32m"lucide lucide-utensils"[39m
                      [33mfill[39m=[32m"none"[39m
                      [33mheight[39m=[32m"18"[39m
                      [33mstroke[39m=[32m"currentColor"[39m
                      [33mstroke-linecap[39m=[32m"round"[39m
                      [33mstroke-linejoin[39m=[32m"round"[39m
                      [33mstroke-width[39m=[32m"1.8"[39m
                      [33mviewBox[39m=[32m"0 0 24 24"[39m
                      [33mwidth[39m=[32m"18"[39m
                      [33mxmlns[39m=[32m"http://www.w3.org/2000/svg"[39m
                    [36m>[39m
                      [36m<path[39m
                        [33md[39m=[32m"M3 2v7c0 1.1.9 2 2 2h4a2 2 0 0 0 2-2V2"[39m
                      [36m/>[39m
                      [36m<path[39m
                        [33md[39m=[32m"M7 2v20"[39m
                      [36m/>[39m
                      [36m<path[39m
                        [33md[39m=[32m"M21 15V2a5 5 0 0 0-5 5v6c0 1.1.9 2 2 2h3Zm0 0v7"[39m
                      [36m/>[39m
                    [36m</svg>[39m
                  [36m</span>[39m
                  [36m<div[39m
                    [33mclass[39m=[32m"min-w-0 flex-1"[39m
                  [36m>[39m
                    [36m<p[39m
                      [33mclass[39m=[32m"text-[0.75rem] font-bold uppercase tracking-wide"[39m
                      [33mstyle[39m=[32m"color: var(--faint);"[39m
                    [36m>[39m
                      [0mNext[0m
                    [36m</p>[39m
                    [36m<p[39m
                      [33mcl...
 ÔØ» Object.getElementError node_modules/@testing-library/dom/dist/config.js:37:19
 ÔØ» node_modules/@testing-library/dom/dist/query-helpers.js:76:38
 ÔØ» node_modules/@testing-library/dom/dist/query-helpers.js:52:17
 ÔØ» node_modules/@testing-library/dom/dist/query-helpers.js:95:19
 ÔØ» openCard tests/health-flows.test.jsx:36:26
     34| const enableTools = async (...labels) => {
     35|   fireEvent.click(screen.getByRole('button', { name: 'Guidance ÔÇö what ÔÇª
     36|   const guidance = dialogFor('Guidance');
       |                          ^
     37|   fireEvent.click(within(guidance).getByText('Tools'));
     38|   fireEvent.click(within(guidance).getByText('Add tools'));
 ÔØ» openHealth tests/health-flows.test.jsx:42:17
 ÔØ» tests/health-flows.test.jsx:203:19

ÔÄ»ÔÄ»ÔÄ»ÔÄ»ÔÄ»ÔÄ»ÔÄ»ÔÄ»ÔÄ»ÔÄ»ÔÄ»ÔÄ»ÔÄ»ÔÄ»ÔÄ»ÔÄ»ÔÄ»ÔÄ»ÔÄ»ÔÄ»ÔÄ»ÔÄ»[11/39]ÔÄ»

 FAIL  tests/health-flows.test.jsx > vitals > keeps each vital separate ÔÇö glucose is not a blood pressure
TestingLibraryElementError: Unable to find an element with the text: Health & training. This could be because the text 
is broken up by multiple elements. In this case, you can provide a function for your text matcher to make your matcher 
more flexible.

Ignored nodes: comments, script, style
[36m<body[39m
  [33mstyle[39m=[32m""[39m
[36m>[39m
  [36m<div>[39m
    [36m<div[39m
      [33mclass[39m=[32m"app-shell min-h-screen"[39m
      [33mstyle[39m=[32m"background: var(--bg);"[39m
    [36m>[39m
      [36m<div[39m
        [33mclass[39m=[32m"app-workspace"[39m
      [36m>[39m
        [36m<header[39m
          [33mclass[39m=[32m"app-header px-5 pt-12 pb-3"[39m
        [36m>[39m
          [36m<a[39m
            [33mclass[39m=[32m"skip-link"[39m
            [33mhref[39m=[32m"#main"[39m
          [36m>[39m
            [0mSkip to content[0m
          [36m</a>[39m
          [36m<div[39m
            [33mclass[39m=[32m"flex items-start justify-between gap-3"[39m
          [36m>[39m
            [36m<div[39m
              [33mclass[39m=[32m"min-w-0"[39m
            [36m>[39m
              [36m<p[39m
                [33mclass[39m=[32m"text-[0.8125rem] font-semibold"[39m
                [33mstyle[39m=[32m"color: var(--muted);"[39m
              [36m>[39m
                [0mTuesday 6 October[0m
              [36m</p>[39m
              [36m<h1[39m
                [33mclass[39m=[32m"text-[1.375rem] font-extrabold tracking-tight leading-tight"[39m
              [36m>[39m
                [0mGood afternoon[0m
                [0m, [0m
                [0mSam[0m
              [36m</h1>[39m
            [36m</div>[39m
            [36m<div[39m
              [33mclass[39m=[32m"flex shrink-0 items-center gap-2"[39m
            [36m>[39m
              [36m<button[39m
                [33maria-label[39m=[32m"Guidance ÔÇö what matters now"[39m
                [33mclass[39m=[32m"press flex h-11 w-11 items-center justify-center rounded-full border"[39m
                [33mstyle[39m=[32m"border-color: var(--line); color: var(--muted);"[39m
              [36m>[39m
                [36m<svg[39m
                  [33maria-hidden[39m=[32m"true"[39m
                  [33mclass[39m=[32m"lucide lucide-sparkles"[39m
                  [33mfill[39m=[32m"none"[39m
                  [33mheight[39m=[32m"19"[39m
                  [33mstroke[39m=[32m"currentColor"[39m
                  [33mstroke-linecap[39m=[32m"round"[39m
                  [33mstroke-linejoin[39m=[32m"round"[39m
                  [33mstroke-width[39m=[32m"1.9"[39m
                  [33mviewBox[39m=[32m"0 0 24 24"[39m
                  [33mwidth[39m=[32m"19"[39m
                  [33mxmlns[39m=[32m"http://www.w3.org/2000/svg"[39m
                [36m>[39m
                  [36m<path[39m
                    [33md[39m=[32m"M11.017 2.814a1 1 0 0 1 1.966 0l1.051 5.558a2 2 0 0 0 1.594 1.594l5.558 1.051a1 
1 0 0 1 0 1.966l-5.558 1.051a2 2 0 0 0-1.594 1.594l-1.051 5.558a1 1 0 0 1-1.966 0l-1.051-5.558a2 2 0 0 
0-1.594-1.594l-5.558-1.051a1 1 0 0 1 0-1.966l5.558-1.051a2 2 0 0 0 1.594-1.594z"[39m
                  [36m/>[39m
                  [36m<path[39m
                    [33md[39m=[32m"M20 2v4"[39m
                  [36m/>[39m
                  [36m<path[39m
                    [33md[39m=[32m"M22 4h-4"[39m
                  [36m/>[39m
                  [36m<circle[39m
                    [33mcx[39m=[32m"4"[39m
                    [33mcy[39m=[32m"20"[39m
                    [33mr[39m=[32m"2"[39m
                  [36m/>[39m
                [36m</svg>[39m
              [36m</button>[39m
              [36m<button[39m
                [33maria-label[39m=[32m"You ÔÇö profile and settings, 6 setup steps left"[39m
                [33mclass[39m=[32m"press relative flex h-11 w-11 items-center justify-center rounded-full text-lg 
font-extrabold"[39m
                [33mstyle[39m=[32m"background: var(--accent); color: var(--on-accent);"[39m
              [36m>[39m
                [0mS[0m
                [36m<span[39m
                  [33mclass[39m=[32m"absolute -top-0.5 -right-0.5 h-3 w-3 rounded-full border-2"[39m
                  [33mstyle[39m=[32m"background: var(--accent-deep); border-color: var(--bg);"[39m
                [36m/>[39m
              [36m</button>[39m
            [36m</div>[39m
          [36m</div>[39m
        [36m</header>[39m
        [36m<main[39m
          [33mclass[39m=[32m"app-main pb-44"[39m
          [33mid[39m=[32m"main"[39m
          [33mtabindex[39m=[32m"-1"[39m
        [36m>[39m
          [36m<div[39m
            [33mclass[39m=[32m"pb-6 space-y-6"[39m
          [36m>[39m
            [36m<section[39m
              [33maria-label[39m=[32m"Next action"[39m
              [33mclass[39m=[32m"px-5"[39m
            [36m>[39m
              [36m<div[39m
                [33mclass[39m=[32m"card p-4"[39m
              [36m>[39m
                [36m<div[39m
                  [33mclass[39m=[32m"flex items-start gap-3"[39m
                [36m>[39m
                  [36m<span[39m
                    [33mclass[39m=[32m"flex h-10 w-10 shrink-0 items-center justify-center rounded-2xl"[39m
                    [33mstyle[39m=[32m"background: var(--accent-soft);"[39m
                  [36m>[39m
                    [36m<svg[39m
                      [33maria-hidden[39m=[32m"true"[39m
                      [33mclass[39m=[32m"lucide lucide-utensils"[39m
                      [33mfill[39m=[32m"none"[39m
                      [33mheight[39m=[32m"18"[39m
                      [33mstroke[39m=[32m"currentColor"[39m
                      [33mstroke-linecap[39m=[32m"round"[39m
                      [33mstroke-linejoin[39m=[32m"round"[39m
                      [33mstroke-width[39m=[32m"1.8"[39m
                      [33mviewBox[39m=[32m"0 0 24 24"[39m
                      [33mwidth[39m=[32m"18"[39m
                      [33mxmlns[39m=[32m"http://www.w3.org/2000/svg"[39m
                    [36m>[39m
                      [36m<path[39m
                        [33md[39m=[32m"M3 2v7c0 1.1.9 2 2 2h4a2 2 0 0 0 2-2V2"[39m
                      [36m/>[39m
                      [36m<path[39m
                        [33md[39m=[32m"M7 2v20"[39m
                      [36m/>[39m
                      [36m<path[39m
                        [33md[39m=[32m"M21 15V2a5 5 0 0 0-5 5v6c0 1.1.9 2 2 2h3Zm0 0v7"[39m
                      [36m/>[39m
                    [36m</svg>[39m
                  [36m</span>[39m
                  [36m<div[39m
                    [33mclass[39m=[32m"min-w-0 flex-1"[39m
                  [36m>[39m
                    [36m<p[39m
                      [33mclass[39m=[32m"text-[0.75rem] font-bold uppercase tracking-wide"[39m
                      [33mstyle[39m=[32m"color: var(--faint);"[39m
                    [36m>[39m
                      [0mNext[0m
                    [36m</p>[39m
                    [36m<p[39m
                      [33mcl...
 ÔØ» Object.getElementError node_modules/@testing-library/dom/dist/config.js:37:19
 ÔØ» node_modules/@testing-library/dom/dist/query-helpers.js:76:38
 ÔØ» node_modules/@testing-library/dom/dist/query-helpers.js:52:17
 ÔØ» node_modules/@testing-library/dom/dist/query-helpers.js:95:19
 ÔØ» openCard tests/health-flows.test.jsx:36:26
     34| const enableTools = async (...labels) => {
     35|   fireEvent.click(screen.getByRole('button', { name: 'Guidance ÔÇö what ÔÇª
     36|   const guidance = dialogFor('Guidance');
       |                          ^
     37|   fireEvent.click(within(guidance).getByText('Tools'));
     38|   fireEvent.click(within(guidance).getByText('Add tools'));
 ÔØ» openHealth tests/health-flows.test.jsx:42:17
 ÔØ» tests/health-flows.test.jsx:215:19

ÔÄ»ÔÄ»ÔÄ»ÔÄ»ÔÄ»ÔÄ»ÔÄ»ÔÄ»ÔÄ»ÔÄ»ÔÄ»ÔÄ»ÔÄ»ÔÄ»ÔÄ»ÔÄ»ÔÄ»ÔÄ»ÔÄ»ÔÄ»ÔÄ»ÔÄ»[12/39]ÔÄ»

 FAIL  tests/health-flows.test.jsx > rest and cycle > summarises the nights it has, and says how many that is
TestingLibraryElementError: Unable to find an element with the text: Health & training. This could be because the text 
is broken up by multiple elements. In this case, you can provide a function for your text matcher to make your matcher 
more flexible.

Ignored nodes: comments, script, style
[36m<body[39m
  [33mstyle[39m=[32m""[39m
[36m>[39m
  [36m<div>[39m
    [36m<div[39m
      [33mclass[39m=[32m"app-shell min-h-screen"[39m
      [33mstyle[39m=[32m"background: var(--bg);"[39m
    [36m>[39m
      [36m<div[39m
        [33mclass[39m=[32m"app-workspace"[39m
      [36m>[39m
        [36m<header[39m
          [33mclass[39m=[32m"app-header px-5 pt-12 pb-3"[39m
        [36m>[39m
          [36m<a[39m
            [33mclass[39m=[32m"skip-link"[39m
            [33mhref[39m=[32m"#main"[39m
          [36m>[39m
            [0mSkip to content[0m
          [36m</a>[39m
          [36m<div[39m
            [33mclass[39m=[32m"flex items-start justify-between gap-3"[39m
          [36m>[39m
            [36m<div[39m
              [33mclass[39m=[32m"min-w-0"[39m
            [36m>[39m
              [36m<p[39m
                [33mclass[39m=[32m"text-[0.8125rem] font-semibold"[39m
                [33mstyle[39m=[32m"color: var(--muted);"[39m
              [36m>[39m
                [0mTuesday 6 October[0m
              [36m</p>[39m
              [36m<h1[39m
                [33mclass[39m=[32m"text-[1.375rem] font-extrabold tracking-tight leading-tight"[39m
              [36m>[39m
                [0mGood afternoon[0m
                [0m, [0m
                [0mSam[0m
              [36m</h1>[39m
            [36m</div>[39m
            [36m<div[39m
              [33mclass[39m=[32m"flex shrink-0 items-center gap-2"[39m
            [36m>[39m
              [36m<button[39m
                [33maria-label[39m=[32m"Guidance ÔÇö what matters now"[39m
                [33mclass[39m=[32m"press flex h-11 w-11 items-center justify-center rounded-full border"[39m
                [33mstyle[39m=[32m"border-color: var(--line); color: var(--muted);"[39m
              [36m>[39m
                [36m<svg[39m
                  [33maria-hidden[39m=[32m"true"[39m
                  [33mclass[39m=[32m"lucide lucide-sparkles"[39m
                  [33mfill[39m=[32m"none"[39m
                  [33mheight[39m=[32m"19"[39m
                  [33mstroke[39m=[32m"currentColor"[39m
                  [33mstroke-linecap[39m=[32m"round"[39m
                  [33mstroke-linejoin[39m=[32m"round"[39m
                  [33mstroke-width[39m=[32m"1.9"[39m
                  [33mviewBox[39m=[32m"0 0 24 24"[39m
                  [33mwidth[39m=[32m"19"[39m
                  [33mxmlns[39m=[32m"http://www.w3.org/2000/svg"[39m
                [36m>[39m
                  [36m<path[39m
                    [33md[39m=[32m"M11.017 2.814a1 1 0 0 1 1.966 0l1.051 5.558a2 2 0 0 0 1.594 1.594l5.558 1.051a1 
1 0 0 1 0 1.966l-5.558 1.051a2 2 0 0 0-1.594 1.594l-1.051 5.558a1 1 0 0 1-1.966 0l-1.051-5.558a2 2 0 0 
0-1.594-1.594l-5.558-1.051a1 1 0 0 1 0-1.966l5.558-1.051a2 2 0 0 0 1.594-1.594z"[39m
                  [36m/>[39m
                  [36m<path[39m
                    [33md[39m=[32m"M20 2v4"[39m
                  [36m/>[39m
                  [36m<path[39m
                    [33md[39m=[32m"M22 4h-4"[39m
                  [36m/>[39m
                  [36m<circle[39m
                    [33mcx[39m=[32m"4"[39m
                    [33mcy[39m=[32m"20"[39m
                    [33mr[39m=[32m"2"[39m
                  [36m/>[39m
                [36m</svg>[39m
              [36m</button>[39m
              [36m<button[39m
                [33maria-label[39m=[32m"You ÔÇö profile and settings, 6 setup steps left"[39m
                [33mclass[39m=[32m"press relative flex h-11 w-11 items-center justify-center rounded-full text-lg 
font-extrabold"[39m
                [33mstyle[39m=[32m"background: var(--accent); color: var(--on-accent);"[39m
              [36m>[39m
                [0mS[0m
                [36m<span[39m
                  [33mclass[39m=[32m"absolute -top-0.5 -right-0.5 h-3 w-3 rounded-full border-2"[39m
                  [33mstyle[39m=[32m"background: var(--accent-deep); border-color: var(--bg);"[39m
                [36m/>[39m
              [36m</button>[39m
            [36m</div>[39m
          [36m</div>[39m
        [36m</header>[39m
        [36m<main[39m
          [33mclass[39m=[32m"app-main pb-44"[39m
          [33mid[39m=[32m"main"[39m
          [33mtabindex[39m=[32m"-1"[39m
        [36m>[39m
          [36m<div[39m
            [33mclass[39m=[32m"pb-6 space-y-6"[39m
          [36m>[39m
            [36m<section[39m
              [33maria-label[39m=[32m"Next action"[39m
              [33mclass[39m=[32m"px-5"[39m
            [36m>[39m
              [36m<div[39m
                [33mclass[39m=[32m"card p-4"[39m
              [36m>[39m
                [36m<div[39m
                  [33mclass[39m=[32m"flex items-start gap-3"[39m
                [36m>[39m
                  [36m<span[39m
                    [33mclass[39m=[32m"flex h-10 w-10 shrink-0 items-center justify-center rounded-2xl"[39m
                    [33mstyle[39m=[32m"background: var(--accent-soft);"[39m
                  [36m>[39m
                    [36m<svg[39m
                      [33maria-hidden[39m=[32m"true"[39m
                      [33mclass[39m=[32m"lucide lucide-utensils"[39m
                      [33mfill[39m=[32m"none"[39m
                      [33mheight[39m=[32m"18"[39m
                      [33mstroke[39m=[32m"currentColor"[39m
                      [33mstroke-linecap[39m=[32m"round"[39m
                      [33mstroke-linejoin[39m=[32m"round"[39m
                      [33mstroke-width[39m=[32m"1.8"[39m
                      [33mviewBox[39m=[32m"0 0 24 24"[39m
                      [33mwidth[39m=[32m"18"[39m
                      [33mxmlns[39m=[32m"http://www.w3.org/2000/svg"[39m
                    [36m>[39m
                      [36m<path[39m
                        [33md[39m=[32m"M3 2v7c0 1.1.9 2 2 2h4a2 2 0 0 0 2-2V2"[39m
                      [36m/>[39m
                      [36m<path[39m
                        [33md[39m=[32m"M7 2v20"[39m
                      [36m/>[39m
                      [36m<path[39m
                        [33md[39m=[32m"M21 15V2a5 5 0 0 0-5 5v6c0 1.1.9 2 2 2h3Zm0 0v7"[39m
                      [36m/>[39m
                    [36m</svg>[39m
                  [36m</span>[39m
                  [36m<div[39m
                    [33mclass[39m=[32m"min-w-0 flex-1"[39m
                  [36m>[39m
                    [36m<p[39m
                      [33mclass[39m=[32m"text-[0.75rem] font-bold uppercase tracking-wide"[39m
                      [33mstyle[39m=[32m"color: var(--faint);"[39m
                    [36m>[39m
                      [0mNext[0m
                    [36m</p>[39m
                    [36m<p[39m
                      [33mcl...
 ÔØ» Object.getElementError node_modules/@testing-library/dom/dist/config.js:37:19
 ÔØ» node_modules/@testing-library/dom/dist/query-helpers.js:76:38
 ÔØ» node_modules/@testing-library/dom/dist/query-helpers.js:52:17
 ÔØ» node_modules/@testing-library/dom/dist/query-helpers.js:95:19
 ÔØ» openCard tests/health-flows.test.jsx:36:26
     34| const enableTools = async (...labels) => {
     35|   fireEvent.click(screen.getByRole('button', { name: 'Guidance ÔÇö what ÔÇª
     36|   const guidance = dialogFor('Guidance');
       |                          ^
     37|   fireEvent.click(within(guidance).getByText('Tools'));
     38|   fireEvent.click(within(guidance).getByText('Add tools'));
 ÔØ» openHealth tests/health-flows.test.jsx:42:17
 ÔØ» tests/health-flows.test.jsx:232:19

ÔÄ»ÔÄ»ÔÄ»ÔÄ»ÔÄ»ÔÄ»ÔÄ»ÔÄ»ÔÄ»ÔÄ»ÔÄ»ÔÄ»ÔÄ»ÔÄ»ÔÄ»ÔÄ»ÔÄ»ÔÄ»ÔÄ»ÔÄ»ÔÄ»ÔÄ»[13/39]ÔÄ»

 FAIL  tests/health-flows.test.jsx > rest and cycle > records how a day felt, with the reason you gave
TestingLibraryElementError: Unable to find an element with the text: Health & training. This could be because the text 
is broken up by multiple elements. In this case, you can provide a function for your text matcher to make your matcher 
more flexible.

Ignored nodes: comments, script, style
[36m<body[39m
  [33mstyle[39m=[32m""[39m
[36m>[39m
  [36m<div>[39m
    [36m<div[39m
      [33mclass[39m=[32m"app-shell min-h-screen"[39m
      [33mstyle[39m=[32m"background: var(--bg);"[39m
    [36m>[39m
      [36m<div[39m
        [33mclass[39m=[32m"app-workspace"[39m
      [36m>[39m
        [36m<header[39m
          [33mclass[39m=[32m"app-header px-5 pt-12 pb-3"[39m
        [36m>[39m
          [36m<a[39m
            [33mclass[39m=[32m"skip-link"[39m
            [33mhref[39m=[32m"#main"[39m
          [36m>[39m
            [0mSkip to content[0m
          [36m</a>[39m
          [36m<div[39m
            [33mclass[39m=[32m"flex items-start justify-between gap-3"[39m
          [36m>[39m
            [36m<div[39m
              [33mclass[39m=[32m"min-w-0"[39m
            [36m>[39m
              [36m<p[39m
                [33mclass[39m=[32m"text-[0.8125rem] font-semibold"[39m
                [33mstyle[39m=[32m"color: var(--muted);"[39m
              [36m>[39m
                [0mTuesday 6 October[0m
              [36m</p>[39m
              [36m<h1[39m
                [33mclass[39m=[32m"text-[1.375rem] font-extrabold tracking-tight leading-tight"[39m
              [36m>[39m
                [0mGood afternoon[0m
                [0m, [0m
                [0mSam[0m
              [36m</h1>[39m
            [36m</div>[39m
            [36m<div[39m
              [33mclass[39m=[32m"flex shrink-0 items-center gap-2"[39m
            [36m>[39m
              [36m<button[39m
                [33maria-label[39m=[32m"Guidance ÔÇö what matters now"[39m
                [33mclass[39m=[32m"press flex h-11 w-11 items-center justify-center rounded-full border"[39m
                [33mstyle[39m=[32m"border-color: var(--line); color: var(--muted);"[39m
              [36m>[39m
                [36m<svg[39m
                  [33maria-hidden[39m=[32m"true"[39m
                  [33mclass[39m=[32m"lucide lucide-sparkles"[39m
                  [33mfill[39m=[32m"none"[39m
                  [33mheight[39m=[32m"19"[39m
                  [33mstroke[39m=[32m"currentColor"[39m
                  [33mstroke-linecap[39m=[32m"round"[39m
                  [33mstroke-linejoin[39m=[32m"round"[39m
                  [33mstroke-width[39m=[32m"1.9"[39m
                  [33mviewBox[39m=[32m"0 0 24 24"[39m
                  [33mwidth[39m=[32m"19"[39m
                  [33mxmlns[39m=[32m"http://www.w3.org/2000/svg"[39m
                [36m>[39m
                  [36m<path[39m
                    [33md[39m=[32m"M11.017 2.814a1 1 0 0 1 1.966 0l1.051 5.558a2 2 0 0 0 1.594 1.594l5.558 1.051a1 
1 0 0 1 0 1.966l-5.558 1.051a2 2 0 0 0-1.594 1.594l-1.051 5.558a1 1 0 0 1-1.966 0l-1.051-5.558a2 2 0 0 
0-1.594-1.594l-5.558-1.051a1 1 0 0 1 0-1.966l5.558-1.051a2 2 0 0 0 1.594-1.594z"[39m
                  [36m/>[39m
                  [36m<path[39m
                    [33md[39m=[32m"M20 2v4"[39m
                  [36m/>[39m
                  [36m<path[39m
                    [33md[39m=[32m"M22 4h-4"[39m
                  [36m/>[39m
                  [36m<circle[39m
                    [33mcx[39m=[32m"4"[39m
                    [33mcy[39m=[32m"20"[39m
                    [33mr[39m=[32m"2"[39m
                  [36m/>[39m
                [36m</svg>[39m
              [36m</button>[39m
              [36m<button[39m
                [33maria-label[39m=[32m"You ÔÇö profile and settings, 6 setup steps left"[39m
                [33mclass[39m=[32m"press relative flex h-11 w-11 items-center justify-center rounded-full text-lg 
font-extrabold"[39m
                [33mstyle[39m=[32m"background: var(--accent); color: var(--on-accent);"[39m
              [36m>[39m
                [0mS[0m
                [36m<span[39m
                  [33mclass[39m=[32m"absolute -top-0.5 -right-0.5 h-3 w-3 rounded-full border-2"[39m
                  [33mstyle[39m=[32m"background: var(--accent-deep); border-color: var(--bg);"[39m
                [36m/>[39m
              [36m</button>[39m
            [36m</div>[39m
          [36m</div>[39m
        [36m</header>[39m
        [36m<main[39m
          [33mclass[39m=[32m"app-main pb-44"[39m
          [33mid[39m=[32m"main"[39m
          [33mtabindex[39m=[32m"-1"[39m
        [36m>[39m
          [36m<div[39m
            [33mclass[39m=[32m"pb-6 space-y-6"[39m
          [36m>[39m
            [36m<section[39m
              [33maria-label[39m=[32m"Next action"[39m
              [33mclass[39m=[32m"px-5"[39m
            [36m>[39m
              [36m<div[39m
                [33mclass[39m=[32m"card p-4"[39m
              [36m>[39m
                [36m<div[39m
                  [33mclass[39m=[32m"flex items-start gap-3"[39m
                [36m>[39m
                  [36m<span[39m
                    [33mclass[39m=[32m"flex h-10 w-10 shrink-0 items-center justify-center rounded-2xl"[39m
                    [33mstyle[39m=[32m"background: var(--accent-soft);"[39m
                  [36m>[39m
                    [36m<svg[39m
                      [33maria-hidden[39m=[32m"true"[39m
                      [33mclass[39m=[32m"lucide lucide-utensils"[39m
                      [33mfill[39m=[32m"none"[39m
                      [33mheight[39m=[32m"18"[39m
                      [33mstroke[39m=[32m"currentColor"[39m
                      [33mstroke-linecap[39m=[32m"round"[39m
                      [33mstroke-linejoin[39m=[32m"round"[39m
                      [33mstroke-width[39m=[32m"1.8"[39m
                      [33mviewBox[39m=[32m"0 0 24 24"[39m
                      [33mwidth[39m=[32m"18"[39m
                      [33mxmlns[39m=[32m"http://www.w3.org/2000/svg"[39m
                    [36m>[39m
                      [36m<path[39m
                        [33md[39m=[32m"M3 2v7c0 1.1.9 2 2 2h4a2 2 0 0 0 2-2V2"[39m
                      [36m/>[39m
                      [36m<path[39m
                        [33md[39m=[32m"M7 2v20"[39m
                      [36m/>[39m
                      [36m<path[39m
                        [33md[39m=[32m"M21 15V2a5 5 0 0 0-5 5v6c0 1.1.9 2 2 2h3Zm0 0v7"[39m
                      [36m/>[39m
                    [36m</svg>[39m
                  [36m</span>[39m
                  [36m<div[39m
                    [33mclass[39m=[32m"min-w-0 flex-1"[39m
                  [36m>[39m
                    [36m<p[39m
                      [33mclass[39m=[32m"text-[0.75rem] font-bold uppercase tracking-wide"[39m
                      [33mstyle[39m=[32m"color: var(--faint);"[39m
                    [36m>[39m
                      [0mNext[0m
                    [36m</p>[39m
                    [36m<p[39m
                      [33mcl...
 ÔØ» Object.getElementError node_modules/@testing-library/dom/dist/config.js:37:19
 ÔØ» node_modules/@testing-library/dom/dist/query-helpers.js:76:38
 ÔØ» node_modules/@testing-library/dom/dist/query-helpers.js:52:17
 ÔØ» node_modules/@testing-library/dom/dist/query-helpers.js:95:19
 ÔØ» openCard tests/health-flows.test.jsx:36:26
     34| const enableTools = async (...labels) => {
     35|   fireEvent.click(screen.getByRole('button', { name: 'Guidance ÔÇö what ÔÇª
     36|   const guidance = dialogFor('Guidance');
       |                          ^
     37|   fireEvent.click(within(guidance).getByText('Tools'));
     38|   fireEvent.click(within(guidance).getByText('Add tools'));
 ÔØ» openHealth tests/health-flows.test.jsx:42:17
 ÔØ» tests/health-flows.test.jsx:244:19

ÔÄ»ÔÄ»ÔÄ»ÔÄ»ÔÄ»ÔÄ»ÔÄ»ÔÄ»ÔÄ»ÔÄ»ÔÄ»ÔÄ»ÔÄ»ÔÄ»ÔÄ»ÔÄ»ÔÄ»ÔÄ»ÔÄ»ÔÄ»ÔÄ»ÔÄ»[14/39]ÔÄ»

 FAIL  tests/health-flows.test.jsx > exercise > says there is no step counter behind it before anything is logged
TestingLibraryElementError: Unable to find an element with the text: Health & training. This could be because the text 
is broken up by multiple elements. In this case, you can provide a function for your text matcher to make your matcher 
more flexible.

Ignored nodes: comments, script, style
[36m<body[39m
  [33mstyle[39m=[32m""[39m
[36m>[39m
  [36m<div>[39m
    [36m<div[39m
      [33mclass[39m=[32m"app-shell min-h-screen"[39m
      [33mstyle[39m=[32m"background: var(--bg);"[39m
    [36m>[39m
      [36m<div[39m
        [33mclass[39m=[32m"app-workspace"[39m
      [36m>[39m
        [36m<header[39m
          [33mclass[39m=[32m"app-header px-5 pt-12 pb-3"[39m
        [36m>[39m
          [36m<a[39m
            [33mclass[39m=[32m"skip-link"[39m
            [33mhref[39m=[32m"#main"[39m
          [36m>[39m
            [0mSkip to content[0m
          [36m</a>[39m
          [36m<div[39m
            [33mclass[39m=[32m"flex items-start justify-between gap-3"[39m
          [36m>[39m
            [36m<div[39m
              [33mclass[39m=[32m"min-w-0"[39m
            [36m>[39m
              [36m<p[39m
                [33mclass[39m=[32m"text-[0.8125rem] font-semibold"[39m
                [33mstyle[39m=[32m"color: var(--muted);"[39m
              [36m>[39m
                [0mTuesday 6 October[0m
              [36m</p>[39m
              [36m<h1[39m
                [33mclass[39m=[32m"text-[1.375rem] font-extrabold tracking-tight leading-tight"[39m
              [36m>[39m
                [0mGood afternoon[0m
                [0m, [0m
                [0mSam[0m
              [36m</h1>[39m
            [36m</div>[39m
            [36m<div[39m
              [33mclass[39m=[32m"flex shrink-0 items-center gap-2"[39m
            [36m>[39m
              [36m<button[39m
                [33maria-label[39m=[32m"Guidance ÔÇö what matters now"[39m
                [33mclass[39m=[32m"press flex h-11 w-11 items-center justify-center rounded-full border"[39m
                [33mstyle[39m=[32m"border-color: var(--line); color: var(--muted);"[39m
              [36m>[39m
                [36m<svg[39m
                  [33maria-hidden[39m=[32m"true"[39m
                  [33mclass[39m=[32m"lucide lucide-sparkles"[39m
                  [33mfill[39m=[32m"none"[39m
                  [33mheight[39m=[32m"19"[39m
                  [33mstroke[39m=[32m"currentColor"[39m
                  [33mstroke-linecap[39m=[32m"round"[39m
                  [33mstroke-linejoin[39m=[32m"round"[39m
                  [33mstroke-width[39m=[32m"1.9"[39m
                  [33mviewBox[39m=[32m"0 0 24 24"[39m
                  [33mwidth[39m=[32m"19"[39m
                  [33mxmlns[39m=[32m"http://www.w3.org/2000/svg"[39m
                [36m>[39m
                  [36m<path[39m
                    [33md[39m=[32m"M11.017 2.814a1 1 0 0 1 1.966 0l1.051 5.558a2 2 0 0 0 1.594 1.594l5.558 1.051a1 
1 0 0 1 0 1.966l-5.558 1.051a2 2 0 0 0-1.594 1.594l-1.051 5.558a1 1 0 0 1-1.966 0l-1.051-5.558a2 2 0 0 
0-1.594-1.594l-5.558-1.051a1 1 0 0 1 0-1.966l5.558-1.051a2 2 0 0 0 1.594-1.594z"[39m
                  [36m/>[39m
                  [36m<path[39m
                    [33md[39m=[32m"M20 2v4"[39m
                  [36m/>[39m
                  [36m<path[39m
                    [33md[39m=[32m"M22 4h-4"[39m
                  [36m/>[39m
                  [36m<circle[39m
                    [33mcx[39m=[32m"4"[39m
                    [33mcy[39m=[32m"20"[39m
                    [33mr[39m=[32m"2"[39m
                  [36m/>[39m
                [36m</svg>[39m
              [36m</button>[39m
              [36m<button[39m
                [33maria-label[39m=[32m"You ÔÇö profile and settings, 6 setup steps left"[39m
                [33mclass[39m=[32m"press relative flex h-11 w-11 items-center justify-center rounded-full text-lg 
font-extrabold"[39m
                [33mstyle[39m=[32m"background: var(--accent); color: var(--on-accent);"[39m
              [36m>[39m
                [0mS[0m
                [36m<span[39m
                  [33mclass[39m=[32m"absolute -top-0.5 -right-0.5 h-3 w-3 rounded-full border-2"[39m
                  [33mstyle[39m=[32m"background: var(--accent-deep); border-color: var(--bg);"[39m
                [36m/>[39m
              [36m</button>[39m
            [36m</div>[39m
          [36m</div>[39m
        [36m</header>[39m
        [36m<main[39m
          [33mclass[39m=[32m"app-main pb-44"[39m
          [33mid[39m=[32m"main"[39m
          [33mtabindex[39m=[32m"-1"[39m
        [36m>[39m
          [36m<div[39m
            [33mclass[39m=[32m"pb-6 space-y-6"[39m
          [36m>[39m
            [36m<section[39m
              [33maria-label[39m=[32m"Next action"[39m
              [33mclass[39m=[32m"px-5"[39m
            [36m>[39m
              [36m<div[39m
                [33mclass[39m=[32m"card p-4"[39m
              [36m>[39m
                [36m<div[39m
                  [33mclass[39m=[32m"flex items-start gap-3"[39m
                [36m>[39m
                  [36m<span[39m
                    [33mclass[39m=[32m"flex h-10 w-10 shrink-0 items-center justify-center rounded-2xl"[39m
                    [33mstyle[39m=[32m"background: var(--accent-soft);"[39m
                  [36m>[39m
                    [36m<svg[39m
                      [33maria-hidden[39m=[32m"true"[39m
                      [33mclass[39m=[32m"lucide lucide-utensils"[39m
                      [33mfill[39m=[32m"none"[39m
                      [33mheight[39m=[32m"18"[39m
                      [33mstroke[39m=[32m"currentColor"[39m
                      [33mstroke-linecap[39m=[32m"round"[39m
                      [33mstroke-linejoin[39m=[32m"round"[39m
                      [33mstroke-width[39m=[32m"1.8"[39m
                      [33mviewBox[39m=[32m"0 0 24 24"[39m
                      [33mwidth[39m=[32m"18"[39m
                      [33mxmlns[39m=[32m"http://www.w3.org/2000/svg"[39m
                    [36m>[39m
                      [36m<path[39m
                        [33md[39m=[32m"M3 2v7c0 1.1.9 2 2 2h4a2 2 0 0 0 2-2V2"[39m
                      [36m/>[39m
                      [36m<path[39m
                        [33md[39m=[32m"M7 2v20"[39m
                      [36m/>[39m
                      [36m<path[39m
                        [33md[39m=[32m"M21 15V2a5 5 0 0 0-5 5v6c0 1.1.9 2 2 2h3Zm0 0v7"[39m
                      [36m/>[39m
                    [36m</svg>[39m
                  [36m</span>[39m
                  [36m<div[39m
                    [33mclass[39m=[32m"min-w-0 flex-1"[39m
                  [36m>[39m
                    [36m<p[39m
                      [33mclass[39m=[32m"text-[0.75rem] font-bold uppercase tracking-wide"[39m
                      [33mstyle[39m=[32m"color: var(--faint);"[39m
                    [36m>[39m
                      [0mNext[0m
                    [36m</p>[39m
                    [36m<p[39m
                      [33mcl...
 ÔØ» Object.getElementError node_modules/@testing-library/dom/dist/config.js:37:19
 ÔØ» node_modules/@testing-library/dom/dist/query-helpers.js:76:38
 ÔØ» node_modules/@testing-library/dom/dist/query-helpers.js:52:17
 ÔØ» node_modules/@testing-library/dom/dist/query-helpers.js:95:19
 ÔØ» openCard tests/health-flows.test.jsx:36:26
     34| const enableTools = async (...labels) => {
     35|   fireEvent.click(screen.getByRole('button', { name: 'Guidance ÔÇö what ÔÇª
     36|   const guidance = dialogFor('Guidance');
       |                          ^
     37|   fireEvent.click(within(guidance).getByText('Tools'));
     38|   fireEvent.click(within(guidance).getByText('Add tools'));
 ÔØ» openExercise tests/health-flows.test.jsx:281:30
 ÔØ» tests/health-flows.test.jsx:285:19

ÔÄ»ÔÄ»ÔÄ»ÔÄ»ÔÄ»ÔÄ»ÔÄ»ÔÄ»ÔÄ»ÔÄ»ÔÄ»ÔÄ»ÔÄ»ÔÄ»ÔÄ»ÔÄ»ÔÄ»ÔÄ»ÔÄ»ÔÄ»ÔÄ»ÔÄ»[15/39]ÔÄ»

 FAIL  tests/health-flows.test.jsx > exercise > will not estimate a burn without a weight, and says why
TestingLibraryElementError: Unable to find an element with the text: Health & training. This could be because the text 
is broken up by multiple elements. In this case, you can provide a function for your text matcher to make your matcher 
more flexible.

Ignored nodes: comments, script, style
[36m<body[39m
  [33mstyle[39m=[32m""[39m
[36m>[39m
  [36m<div>[39m
    [36m<div[39m
      [33mclass[39m=[32m"app-shell min-h-screen"[39m
      [33mstyle[39m=[32m"background: var(--bg);"[39m
    [36m>[39m
      [36m<div[39m
        [33mclass[39m=[32m"app-workspace"[39m
      [36m>[39m
        [36m<header[39m
          [33mclass[39m=[32m"app-header px-5 pt-12 pb-3"[39m
        [36m>[39m
          [36m<a[39m
            [33mclass[39m=[32m"skip-link"[39m
            [33mhref[39m=[32m"#main"[39m
          [36m>[39m
            [0mSkip to content[0m
          [36m</a>[39m
          [36m<div[39m
            [33mclass[39m=[32m"flex items-start justify-between gap-3"[39m
          [36m>[39m
            [36m<div[39m
              [33mclass[39m=[32m"min-w-0"[39m
            [36m>[39m
              [36m<p[39m
                [33mclass[39m=[32m"text-[0.8125rem] font-semibold"[39m
                [33mstyle[39m=[32m"color: var(--muted);"[39m
              [36m>[39m
                [0mTuesday 6 October[0m
              [36m</p>[39m
              [36m<h1[39m
                [33mclass[39m=[32m"text-[1.375rem] font-extrabold tracking-tight leading-tight"[39m
              [36m>[39m
                [0mGood afternoon[0m
                [0m, [0m
                [0mSam[0m
              [36m</h1>[39m
            [36m</div>[39m
            [36m<div[39m
              [33mclass[39m=[32m"flex shrink-0 items-center gap-2"[39m
            [36m>[39m
              [36m<button[39m
                [33maria-label[39m=[32m"Guidance ÔÇö what matters now"[39m
                [33mclass[39m=[32m"press flex h-11 w-11 items-center justify-center rounded-full border"[39m
                [33mstyle[39m=[32m"border-color: var(--line); color: var(--muted);"[39m
              [36m>[39m
                [36m<svg[39m
                  [33maria-hidden[39m=[32m"true"[39m
                  [33mclass[39m=[32m"lucide lucide-sparkles"[39m
                  [33mfill[39m=[32m"none"[39m
                  [33mheight[39m=[32m"19"[39m
                  [33mstroke[39m=[32m"currentColor"[39m
                  [33mstroke-linecap[39m=[32m"round"[39m
                  [33mstroke-linejoin[39m=[32m"round"[39m
                  [33mstroke-width[39m=[32m"1.9"[39m
                  [33mviewBox[39m=[32m"0 0 24 24"[39m
                  [33mwidth[39m=[32m"19"[39m
                  [33mxmlns[39m=[32m"http://www.w3.org/2000/svg"[39m
                [36m>[39m
                  [36m<path[39m
                    [33md[39m=[32m"M11.017 2.814a1 1 0 0 1 1.966 0l1.051 5.558a2 2 0 0 0 1.594 1.594l5.558 1.051a1 
1 0 0 1 0 1.966l-5.558 1.051a2 2 0 0 0-1.594 1.594l-1.051 5.558a1 1 0 0 1-1.966 0l-1.051-5.558a2 2 0 0 
0-1.594-1.594l-5.558-1.051a1 1 0 0 1 0-1.966l5.558-1.051a2 2 0 0 0 1.594-1.594z"[39m
                  [36m/>[39m
                  [36m<path[39m
                    [33md[39m=[32m"M20 2v4"[39m
                  [36m/>[39m
                  [36m<path[39m
                    [33md[39m=[32m"M22 4h-4"[39m
                  [36m/>[39m
                  [36m<circle[39m
                    [33mcx[39m=[32m"4"[39m
                    [33mcy[39m=[32m"20"[39m
                    [33mr[39m=[32m"2"[39m
                  [36m/>[39m
                [36m</svg>[39m
              [36m</button>[39m
              [36m<button[39m
                [33maria-label[39m=[32m"You ÔÇö profile and settings, 6 setup steps left"[39m
                [33mclass[39m=[32m"press relative flex h-11 w-11 items-center justify-center rounded-full text-lg 
font-extrabold"[39m
                [33mstyle[39m=[32m"background: var(--accent); color: var(--on-accent);"[39m
              [36m>[39m
                [0mS[0m
                [36m<span[39m
                  [33mclass[39m=[32m"absolute -top-0.5 -right-0.5 h-3 w-3 rounded-full border-2"[39m
                  [33mstyle[39m=[32m"background: var(--accent-deep); border-color: var(--bg);"[39m
                [36m/>[39m
              [36m</button>[39m
            [36m</div>[39m
          [36m</div>[39m
        [36m</header>[39m
        [36m<main[39m
          [33mclass[39m=[32m"app-main pb-44"[39m
          [33mid[39m=[32m"main"[39m
          [33mtabindex[39m=[32m"-1"[39m
        [36m>[39m
          [36m<div[39m
            [33mclass[39m=[32m"pb-6 space-y-6"[39m
          [36m>[39m
            [36m<section[39m
              [33maria-label[39m=[32m"Next action"[39m
              [33mclass[39m=[32m"px-5"[39m
            [36m>[39m
              [36m<div[39m
                [33mclass[39m=[32m"card p-4"[39m
              [36m>[39m
                [36m<div[39m
                  [33mclass[39m=[32m"flex items-start gap-3"[39m
                [36m>[39m
                  [36m<span[39m
                    [33mclass[39m=[32m"flex h-10 w-10 shrink-0 items-center justify-center rounded-2xl"[39m
                    [33mstyle[39m=[32m"background: var(--accent-soft);"[39m
                  [36m>[39m
                    [36m<svg[39m
                      [33maria-hidden[39m=[32m"true"[39m
                      [33mclass[39m=[32m"lucide lucide-utensils"[39m
                      [33mfill[39m=[32m"none"[39m
                      [33mheight[39m=[32m"18"[39m
                      [33mstroke[39m=[32m"currentColor"[39m
                      [33mstroke-linecap[39m=[32m"round"[39m
                      [33mstroke-linejoin[39m=[32m"round"[39m
                      [33mstroke-width[39m=[32m"1.8"[39m
                      [33mviewBox[39m=[32m"0 0 24 24"[39m
                      [33mwidth[39m=[32m"18"[39m
                      [33mxmlns[39m=[32m"http://www.w3.org/2000/svg"[39m
                    [36m>[39m
                      [36m<path[39m
                        [33md[39m=[32m"M3 2v7c0 1.1.9 2 2 2h4a2 2 0 0 0 2-2V2"[39m
                      [36m/>[39m
                      [36m<path[39m
                        [33md[39m=[32m"M7 2v20"[39m
                      [36m/>[39m
                      [36m<path[39m
                        [33md[39m=[32m"M21 15V2a5 5 0 0 0-5 5v6c0 1.1.9 2 2 2h3Zm0 0v7"[39m
                      [36m/>[39m
                    [36m</svg>[39m
                  [36m</span>[39m
                  [36m<div[39m
                    [33mclass[39m=[32m"min-w-0 flex-1"[39m
                  [36m>[39m
                    [36m<p[39m
                      [33mclass[39m=[32m"text-[0.75rem] font-bold uppercase tracking-wide"[39m
                      [33mstyle[39m=[32m"color: var(--faint);"[39m
                    [36m>[39m
                      [0mNext[0m
                    [36m</p>[39m
                    [36m<p[39m
                      [33mcl...
 ÔØ» Object.getElementError node_modules/@testing-library/dom/dist/config.js:37:19
 ÔØ» node_modules/@testing-library/dom/dist/query-helpers.js:76:38
 ÔØ» node_modules/@testing-library/dom/dist/query-helpers.js:52:17
 ÔØ» node_modules/@testing-library/dom/dist/query-helpers.js:95:19
 ÔØ» openCard tests/health-flows.test.jsx:36:26
     34| const enableTools = async (...labels) => {
     35|   fireEvent.click(screen.getByRole('button', { name: 'Guidance ÔÇö what ÔÇª
     36|   const guidance = dialogFor('Guidance');
       |                          ^
     37|   fireEvent.click(within(guidance).getByText('Tools'));
     38|   fireEvent.click(within(guidance).getByText('Add tools'));
 ÔØ» openExercise tests/health-flows.test.jsx:281:30
 ÔØ» tests/health-flows.test.jsx:291:19

ÔÄ»ÔÄ»ÔÄ»ÔÄ»ÔÄ»ÔÄ»ÔÄ»ÔÄ»ÔÄ»ÔÄ»ÔÄ»ÔÄ»ÔÄ»ÔÄ»ÔÄ»ÔÄ»ÔÄ»ÔÄ»ÔÄ»ÔÄ»ÔÄ»ÔÄ»[16/39]ÔÄ»

 FAIL  tests/health-flows.test.jsx > exercise > estimates the burn once it knows a weight, and labels it an estimate
TestingLibraryElementError: Unable to find an element with the text: Health & training. This could be because the text 
is broken up by multiple elements. In this case, you can provide a function for your text matcher to make your matcher 
more flexible.

Ignored nodes: comments, script, style
[36m<body[39m
  [33mstyle[39m=[32m""[39m
[36m>[39m
  [36m<div>[39m
    [36m<div[39m
      [33mclass[39m=[32m"app-shell min-h-screen"[39m
      [33mstyle[39m=[32m"background: var(--bg);"[39m
    [36m>[39m
      [36m<div[39m
        [33mclass[39m=[32m"app-workspace"[39m
      [36m>[39m
        [36m<header[39m
          [33mclass[39m=[32m"app-header px-5 pt-12 pb-3"[39m
        [36m>[39m
          [36m<a[39m
            [33mclass[39m=[32m"skip-link"[39m
            [33mhref[39m=[32m"#main"[39m
          [36m>[39m
            [0mSkip to content[0m
          [36m</a>[39m
          [36m<div[39m
            [33mclass[39m=[32m"flex items-start justify-between gap-3"[39m
          [36m>[39m
            [36m<div[39m
              [33mclass[39m=[32m"min-w-0"[39m
            [36m>[39m
              [36m<p[39m
                [33mclass[39m=[32m"text-[0.8125rem] font-semibold"[39m
                [33mstyle[39m=[32m"color: var(--muted);"[39m
              [36m>[39m
                [0mTuesday 6 October[0m
              [36m</p>[39m
              [36m<h1[39m
                [33mclass[39m=[32m"text-[1.375rem] font-extrabold tracking-tight leading-tight"[39m
              [36m>[39m
                [0mGood afternoon[0m
                [0m, [0m
                [0mSam[0m
              [36m</h1>[39m
            [36m</div>[39m
            [36m<div[39m
              [33mclass[39m=[32m"flex shrink-0 items-center gap-2"[39m
            [36m>[39m
              [36m<button[39m
                [33maria-label[39m=[32m"Guidance ÔÇö what matters now"[39m
                [33mclass[39m=[32m"press flex h-11 w-11 items-center justify-center rounded-full border"[39m
                [33mstyle[39m=[32m"border-color: var(--line); color: var(--muted);"[39m
              [36m>[39m
                [36m<svg[39m
                  [33maria-hidden[39m=[32m"true"[39m
                  [33mclass[39m=[32m"lucide lucide-sparkles"[39m
                  [33mfill[39m=[32m"none"[39m
                  [33mheight[39m=[32m"19"[39m
                  [33mstroke[39m=[32m"currentColor"[39m
                  [33mstroke-linecap[39m=[32m"round"[39m
                  [33mstroke-linejoin[39m=[32m"round"[39m
                  [33mstroke-width[39m=[32m"1.9"[39m
                  [33mviewBox[39m=[32m"0 0 24 24"[39m
                  [33mwidth[39m=[32m"19"[39m
                  [33mxmlns[39m=[32m"http://www.w3.org/2000/svg"[39m
                [36m>[39m
                  [36m<path[39m
                    [33md[39m=[32m"M11.017 2.814a1 1 0 0 1 1.966 0l1.051 5.558a2 2 0 0 0 1.594 1.594l5.558 1.051a1 
1 0 0 1 0 1.966l-5.558 1.051a2 2 0 0 0-1.594 1.594l-1.051 5.558a1 1 0 0 1-1.966 0l-1.051-5.558a2 2 0 0 
0-1.594-1.594l-5.558-1.051a1 1 0 0 1 0-1.966l5.558-1.051a2 2 0 0 0 1.594-1.594z"[39m
                  [36m/>[39m
                  [36m<path[39m
                    [33md[39m=[32m"M20 2v4"[39m
                  [36m/>[39m
                  [36m<path[39m
                    [33md[39m=[32m"M22 4h-4"[39m
                  [36m/>[39m
                  [36m<circle[39m
                    [33mcx[39m=[32m"4"[39m
                    [33mcy[39m=[32m"20"[39m
                    [33mr[39m=[32m"2"[39m
                  [36m/>[39m
                [36m</svg>[39m
              [36m</button>[39m
              [36m<button[39m
                [33maria-label[39m=[32m"You ÔÇö profile and settings, 6 setup steps left"[39m
                [33mclass[39m=[32m"press relative flex h-11 w-11 items-center justify-center rounded-full text-lg 
font-extrabold"[39m
                [33mstyle[39m=[32m"background: var(--accent); color: var(--on-accent);"[39m
              [36m>[39m
                [0mS[0m
                [36m<span[39m
                  [33mclass[39m=[32m"absolute -top-0.5 -right-0.5 h-3 w-3 rounded-full border-2"[39m
                  [33mstyle[39m=[32m"background: var(--accent-deep); border-color: var(--bg);"[39m
                [36m/>[39m
              [36m</button>[39m
            [36m</div>[39m
          [36m</div>[39m
        [36m</header>[39m
        [36m<main[39m
          [33mclass[39m=[32m"app-main pb-44"[39m
          [33mid[39m=[32m"main"[39m
          [33mtabindex[39m=[32m"-1"[39m
        [36m>[39m
          [36m<div[39m
            [33mclass[39m=[32m"pb-6 space-y-6"[39m
          [36m>[39m
            [36m<section[39m
              [33maria-label[39m=[32m"Next action"[39m
              [33mclass[39m=[32m"px-5"[39m
            [36m>[39m
              [36m<div[39m
                [33mclass[39m=[32m"card p-4"[39m
              [36m>[39m
                [36m<div[39m
                  [33mclass[39m=[32m"flex items-start gap-3"[39m
                [36m>[39m
                  [36m<span[39m
                    [33mclass[39m=[32m"flex h-10 w-10 shrink-0 items-center justify-center rounded-2xl"[39m
                    [33mstyle[39m=[32m"background: var(--accent-soft);"[39m
                  [36m>[39m
                    [36m<svg[39m
                      [33maria-hidden[39m=[32m"true"[39m
                      [33mclass[39m=[32m"lucide lucide-utensils"[39m
                      [33mfill[39m=[32m"none"[39m
                      [33mheight[39m=[32m"18"[39m
                      [33mstroke[39m=[32m"currentColor"[39m
                      [33mstroke-linecap[39m=[32m"round"[39m
                      [33mstroke-linejoin[39m=[32m"round"[39m
                      [33mstroke-width[39m=[32m"1.8"[39m
                      [33mviewBox[39m=[32m"0 0 24 24"[39m
                      [33mwidth[39m=[32m"18"[39m
                      [33mxmlns[39m=[32m"http://www.w3.org/2000/svg"[39m
                    [36m>[39m
                      [36m<path[39m
                        [33md[39m=[32m"M3 2v7c0 1.1.9 2 2 2h4a2 2 0 0 0 2-2V2"[39m
                      [36m/>[39m
                      [36m<path[39m
                        [33md[39m=[32m"M7 2v20"[39m
                      [36m/>[39m
                      [36m<path[39m
                        [33md[39m=[32m"M21 15V2a5 5 0 0 0-5 5v6c0 1.1.9 2 2 2h3Zm0 0v7"[39m
                      [36m/>[39m
                    [36m</svg>[39m
                  [36m</span>[39m
                  [36m<div[39m
                    [33mclass[39m=[32m"min-w-0 flex-1"[39m
                  [36m>[39m
                    [36m<p[39m
                      [33mclass[39m=[32m"text-[0.75rem] font-bold uppercase tracking-wide"[39m
                      [33mstyle[39m=[32m"color: var(--faint);"[39m
                    [36m>[39m
                      [0mNext[0m
                    [36m</p>[39m
                    [36m<p[39m
                      [33mcl...
 ÔØ» Object.getElementError node_modules/@testing-library/dom/dist/config.js:37:19
 ÔØ» node_modules/@testing-library/dom/dist/query-helpers.js:76:38
 ÔØ» node_modules/@testing-library/dom/dist/query-helpers.js:52:17
 ÔØ» node_modules/@testing-library/dom/dist/query-helpers.js:95:19
 ÔØ» openCard tests/health-flows.test.jsx:36:26
     34| const enableTools = async (...labels) => {
     35|   fireEvent.click(screen.getByRole('button', { name: 'Guidance ÔÇö what ÔÇª
     36|   const guidance = dialogFor('Guidance');
       |                          ^
     37|   fireEvent.click(within(guidance).getByText('Tools'));
     38|   fireEvent.click(within(guidance).getByText('Add tools'));
 ÔØ» openHealth tests/health-flows.test.jsx:42:17
 ÔØ» logWeight tests/health-flows.test.jsx:48:17
 ÔØ» tests/health-flows.test.jsx:302:28

ÔÄ»ÔÄ»ÔÄ»ÔÄ»ÔÄ»ÔÄ»ÔÄ»ÔÄ»ÔÄ»ÔÄ»ÔÄ»ÔÄ»ÔÄ»ÔÄ»ÔÄ»ÔÄ»ÔÄ»ÔÄ»ÔÄ»ÔÄ»ÔÄ»ÔÄ»[17/39]ÔÄ»

 FAIL  tests/health-flows.test.jsx > exercise > leaves the dayÔÇÖs target alone until you ask for the calories back
TestingLibraryElementError: Unable to find an element with the text: Health & training. This could be because the text 
is broken up by multiple elements. In this case, you can provide a function for your text matcher to make your matcher 
more flexible.

Ignored nodes: comments, script, style
[36m<body[39m
  [33mstyle[39m=[32m""[39m
[36m>[39m
  [36m<div>[39m
    [36m<div[39m
      [33mclass[39m=[32m"app-shell min-h-screen"[39m
      [33mstyle[39m=[32m"background: var(--bg);"[39m
    [36m>[39m
      [36m<div[39m
        [33mclass[39m=[32m"app-workspace"[39m
      [36m>[39m
        [36m<header[39m
          [33mclass[39m=[32m"app-header px-5 pt-12 pb-3"[39m
        [36m>[39m
          [36m<a[39m
            [33mclass[39m=[32m"skip-link"[39m
            [33mhref[39m=[32m"#main"[39m
          [36m>[39m
            [0mSkip to content[0m
          [36m</a>[39m
          [36m<div[39m
            [33mclass[39m=[32m"flex items-start justify-between gap-3"[39m
          [36m>[39m
            [36m<div[39m
              [33mclass[39m=[32m"min-w-0"[39m
            [36m>[39m
              [36m<p[39m
                [33mclass[39m=[32m"text-[0.8125rem] font-semibold"[39m
                [33mstyle[39m=[32m"color: var(--muted);"[39m
              [36m>[39m
                [0mTuesday 6 October[0m
              [36m</p>[39m
              [36m<h1[39m
                [33mclass[39m=[32m"text-[1.375rem] font-extrabold tracking-tight leading-tight"[39m
              [36m>[39m
                [0mGood afternoon[0m
                [0m, [0m
                [0mSam[0m
              [36m</h1>[39m
            [36m</div>[39m
            [36m<div[39m
              [33mclass[39m=[32m"flex shrink-0 items-center gap-2"[39m
            [36m>[39m
              [36m<button[39m
                [33maria-label[39m=[32m"Guidance ÔÇö what matters now"[39m
                [33mclass[39m=[32m"press flex h-11 w-11 items-center justify-center rounded-full border"[39m
                [33mstyle[39m=[32m"border-color: var(--line); color: var(--muted);"[39m
              [36m>[39m
                [36m<svg[39m
                  [33maria-hidden[39m=[32m"true"[39m
                  [33mclass[39m=[32m"lucide lucide-sparkles"[39m
                  [33mfill[39m=[32m"none"[39m
                  [33mheight[39m=[32m"19"[39m
                  [33mstroke[39m=[32m"currentColor"[39m
                  [33mstroke-linecap[39m=[32m"round"[39m
                  [33mstroke-linejoin[39m=[32m"round"[39m
                  [33mstroke-width[39m=[32m"1.9"[39m
                  [33mviewBox[39m=[32m"0 0 24 24"[39m
                  [33mwidth[39m=[32m"19"[39m
                  [33mxmlns[39m=[32m"http://www.w3.org/2000/svg"[39m
                [36m>[39m
                  [36m<path[39m
                    [33md[39m=[32m"M11.017 2.814a1 1 0 0 1 1.966 0l1.051 5.558a2 2 0 0 0 1.594 1.594l5.558 1.051a1 
1 0 0 1 0 1.966l-5.558 1.051a2 2 0 0 0-1.594 1.594l-1.051 5.558a1 1 0 0 1-1.966 0l-1.051-5.558a2 2 0 0 
0-1.594-1.594l-5.558-1.051a1 1 0 0 1 0-1.966l5.558-1.051a2 2 0 0 0 1.594-1.594z"[39m
                  [36m/>[39m
                  [36m<path[39m
                    [33md[39m=[32m"M20 2v4"[39m
                  [36m/>[39m
                  [36m<path[39m
                    [33md[39m=[32m"M22 4h-4"[39m
                  [36m/>[39m
                  [36m<circle[39m
                    [33mcx[39m=[32m"4"[39m
                    [33mcy[39m=[32m"20"[39m
                    [33mr[39m=[32m"2"[39m
                  [36m/>[39m
                [36m</svg>[39m
              [36m</button>[39m
              [36m<button[39m
                [33maria-label[39m=[32m"You ÔÇö profile and settings, 6 setup steps left"[39m
                [33mclass[39m=[32m"press relative flex h-11 w-11 items-center justify-center rounded-full text-lg 
font-extrabold"[39m
                [33mstyle[39m=[32m"background: var(--accent); color: var(--on-accent);"[39m
              [36m>[39m
                [0mS[0m
                [36m<span[39m
                  [33mclass[39m=[32m"absolute -top-0.5 -right-0.5 h-3 w-3 rounded-full border-2"[39m
                  [33mstyle[39m=[32m"background: var(--accent-deep); border-color: var(--bg);"[39m
                [36m/>[39m
              [36m</button>[39m
            [36m</div>[39m
          [36m</div>[39m
        [36m</header>[39m
        [36m<main[39m
          [33mclass[39m=[32m"app-main pb-44"[39m
          [33mid[39m=[32m"main"[39m
          [33mtabindex[39m=[32m"-1"[39m
        [36m>[39m
          [36m<div[39m
            [33mclass[39m=[32m"pb-6 space-y-6"[39m
          [36m>[39m
            [36m<section[39m
              [33maria-label[39m=[32m"Next action"[39m
              [33mclass[39m=[32m"px-5"[39m
            [36m>[39m
              [36m<div[39m
                [33mclass[39m=[32m"card p-4"[39m
              [36m>[39m
                [36m<div[39m
                  [33mclass[39m=[32m"flex items-start gap-3"[39m
                [36m>[39m
                  [36m<span[39m
                    [33mclass[39m=[32m"flex h-10 w-10 shrink-0 items-center justify-center rounded-2xl"[39m
                    [33mstyle[39m=[32m"background: var(--accent-soft);"[39m
                  [36m>[39m
                    [36m<svg[39m
                      [33maria-hidden[39m=[32m"true"[39m
                      [33mclass[39m=[32m"lucide lucide-utensils"[39m
                      [33mfill[39m=[32m"none"[39m
                      [33mheight[39m=[32m"18"[39m
                      [33mstroke[39m=[32m"currentColor"[39m
                      [33mstroke-linecap[39m=[32m"round"[39m
                      [33mstroke-linejoin[39m=[32m"round"[39m
                      [33mstroke-width[39m=[32m"1.8"[39m
                      [33mviewBox[39m=[32m"0 0 24 24"[39m
                      [33mwidth[39m=[32m"18"[39m
                      [33mxmlns[39m=[32m"http://www.w3.org/2000/svg"[39m
                    [36m>[39m
                      [36m<path[39m
                        [33md[39m=[32m"M3 2v7c0 1.1.9 2 2 2h4a2 2 0 0 0 2-2V2"[39m
                      [36m/>[39m
                      [36m<path[39m
                        [33md[39m=[32m"M7 2v20"[39m
                      [36m/>[39m
                      [36m<path[39m
                        [33md[39m=[32m"M21 15V2a5 5 0 0 0-5 5v6c0 1.1.9 2 2 2h3Zm0 0v7"[39m
                      [36m/>[39m
                    [36m</svg>[39m
                  [36m</span>[39m
                  [36m<div[39m
                    [33mclass[39m=[32m"min-w-0 flex-1"[39m
                  [36m>[39m
                    [36m<p[39m
                      [33mclass[39m=[32m"text-[0.75rem] font-bold uppercase tracking-wide"[39m
                      [33mstyle[39m=[32m"color: var(--faint);"[39m
                    [36m>[39m
                      [0mNext[0m
                    [36m</p>[39m
                    [36m<p[39m
                      [33mcl...
 ÔØ» Object.getElementError node_modules/@testing-library/dom/dist/config.js:37:19
 ÔØ» node_modules/@testing-library/dom/dist/query-helpers.js:76:38
 ÔØ» node_modules/@testing-library/dom/dist/query-helpers.js:52:17
 ÔØ» node_modules/@testing-library/dom/dist/query-helpers.js:95:19
 ÔØ» openCard tests/health-flows.test.jsx:36:26
     34| const enableTools = async (...labels) => {
     35|   fireEvent.click(screen.getByRole('button', { name: 'Guidance ÔÇö what ÔÇª
     36|   const guidance = dialogFor('Guidance');
       |                          ^
     37|   fireEvent.click(within(guidance).getByText('Tools'));
     38|   fireEvent.click(within(guidance).getByText('Add tools'));
 ÔØ» openHealth tests/health-flows.test.jsx:42:17
 ÔØ» logWeight tests/health-flows.test.jsx:48:17
 ÔØ» tests/health-flows.test.jsx:313:28

ÔÄ»ÔÄ»ÔÄ»ÔÄ»ÔÄ»ÔÄ»ÔÄ»ÔÄ»ÔÄ»ÔÄ»ÔÄ»ÔÄ»ÔÄ»ÔÄ»ÔÄ»ÔÄ»ÔÄ»ÔÄ»ÔÄ»ÔÄ»ÔÄ»ÔÄ»[18/39]ÔÄ»

 FAIL  tests/health-flows.test.jsx > exercise > reads an exported file rather than offering a sync button that could 
not work
TestingLibraryElementError: Unable to find an element with the text: Health & training. This could be because the text 
is broken up by multiple elements. In this case, you can provide a function for your text matcher to make your matcher 
more flexible.

Ignored nodes: comments, script, style
[36m<body[39m
  [33mstyle[39m=[32m""[39m
[36m>[39m
  [36m<div>[39m
    [36m<div[39m
      [33mclass[39m=[32m"app-shell min-h-screen"[39m
      [33mstyle[39m=[32m"background: var(--bg);"[39m
    [36m>[39m
      [36m<div[39m
        [33mclass[39m=[32m"app-workspace"[39m
      [36m>[39m
        [36m<header[39m
          [33mclass[39m=[32m"app-header px-5 pt-12 pb-3"[39m
        [36m>[39m
          [36m<a[39m
            [33mclass[39m=[32m"skip-link"[39m
            [33mhref[39m=[32m"#main"[39m
          [36m>[39m
            [0mSkip to content[0m
          [36m</a>[39m
          [36m<div[39m
            [33mclass[39m=[32m"flex items-start justify-between gap-3"[39m
          [36m>[39m
            [36m<div[39m
              [33mclass[39m=[32m"min-w-0"[39m
            [36m>[39m
              [36m<p[39m
                [33mclass[39m=[32m"text-[0.8125rem] font-semibold"[39m
                [33mstyle[39m=[32m"color: var(--muted);"[39m
              [36m>[39m
                [0mTuesday 6 October[0m
              [36m</p>[39m
              [36m<h1[39m
                [33mclass[39m=[32m"text-[1.375rem] font-extrabold tracking-tight leading-tight"[39m
              [36m>[39m
                [0mGood afternoon[0m
                [0m, [0m
                [0mSam[0m
              [36m</h1>[39m
            [36m</div>[39m
            [36m<div[39m
              [33mclass[39m=[32m"flex shrink-0 items-center gap-2"[39m
            [36m>[39m
              [36m<button[39m
                [33maria-label[39m=[32m"Guidance ÔÇö what matters now"[39m
                [33mclass[39m=[32m"press flex h-11 w-11 items-center justify-center rounded-full border"[39m
                [33mstyle[39m=[32m"border-color: var(--line); color: var(--muted);"[39m
              [36m>[39m
                [36m<svg[39m
                  [33maria-hidden[39m=[32m"true"[39m
                  [33mclass[39m=[32m"lucide lucide-sparkles"[39m
                  [33mfill[39m=[32m"none"[39m
                  [33mheight[39m=[32m"19"[39m
                  [33mstroke[39m=[32m"currentColor"[39m
                  [33mstroke-linecap[39m=[32m"round"[39m
                  [33mstroke-linejoin[39m=[32m"round"[39m
                  [33mstroke-width[39m=[32m"1.9"[39m
                  [33mviewBox[39m=[32m"0 0 24 24"[39m
                  [33mwidth[39m=[32m"19"[39m
                  [33mxmlns[39m=[32m"http://www.w3.org/2000/svg"[39m
                [36m>[39m
                  [36m<path[39m
                    [33md[39m=[32m"M11.017 2.814a1 1 0 0 1 1.966 0l1.051 5.558a2 2 0 0 0 1.594 1.594l5.558 1.051a1 
1 0 0 1 0 1.966l-5.558 1.051a2 2 0 0 0-1.594 1.594l-1.051 5.558a1 1 0 0 1-1.966 0l-1.051-5.558a2 2 0 0 
0-1.594-1.594l-5.558-1.051a1 1 0 0 1 0-1.966l5.558-1.051a2 2 0 0 0 1.594-1.594z"[39m
                  [36m/>[39m
                  [36m<path[39m
                    [33md[39m=[32m"M20 2v4"[39m
                  [36m/>[39m
                  [36m<path[39m
                    [33md[39m=[32m"M22 4h-4"[39m
                  [36m/>[39m
                  [36m<circle[39m
                    [33mcx[39m=[32m"4"[39m
                    [33mcy[39m=[32m"20"[39m
                    [33mr[39m=[32m"2"[39m
                  [36m/>[39m
                [36m</svg>[39m
              [36m</button>[39m
              [36m<button[39m
                [33maria-label[39m=[32m"You ÔÇö profile and settings, 6 setup steps left"[39m
                [33mclass[39m=[32m"press relative flex h-11 w-11 items-center justify-center rounded-full text-lg 
font-extrabold"[39m
                [33mstyle[39m=[32m"background: var(--accent); color: var(--on-accent);"[39m
              [36m>[39m
                [0mS[0m
                [36m<span[39m
                  [33mclass[39m=[32m"absolute -top-0.5 -right-0.5 h-3 w-3 rounded-full border-2"[39m
                  [33mstyle[39m=[32m"background: var(--accent-deep); border-color: var(--bg);"[39m
                [36m/>[39m
              [36m</button>[39m
            [36m</div>[39m
          [36m</div>[39m
        [36m</header>[39m
        [36m<main[39m
          [33mclass[39m=[32m"app-main pb-44"[39m
          [33mid[39m=[32m"main"[39m
          [33mtabindex[39m=[32m"-1"[39m
        [36m>[39m
          [36m<div[39m
            [33mclass[39m=[32m"pb-6 space-y-6"[39m
          [36m>[39m
            [36m<section[39m
              [33maria-label[39m=[32m"Next action"[39m
              [33mclass[39m=[32m"px-5"[39m
            [36m>[39m
              [36m<div[39m
                [33mclass[39m=[32m"card p-4"[39m
              [36m>[39m
                [36m<div[39m
                  [33mclass[39m=[32m"flex items-start gap-3"[39m
                [36m>[39m
                  [36m<span[39m
                    [33mclass[39m=[32m"flex h-10 w-10 shrink-0 items-center justify-center rounded-2xl"[39m
                    [33mstyle[39m=[32m"background: var(--accent-soft);"[39m
                  [36m>[39m
                    [36m<svg[39m
                      [33maria-hidden[39m=[32m"true"[39m
                      [33mclass[39m=[32m"lucide lucide-utensils"[39m
                      [33mfill[39m=[32m"none"[39m
                      [33mheight[39m=[32m"18"[39m
                      [33mstroke[39m=[32m"currentColor"[39m
                      [33mstroke-linecap[39m=[32m"round"[39m
                      [33mstroke-linejoin[39m=[32m"round"[39m
                      [33mstroke-width[39m=[32m"1.8"[39m
                      [33mviewBox[39m=[32m"0 0 24 24"[39m
                      [33mwidth[39m=[32m"18"[39m
                      [33mxmlns[39m=[32m"http://www.w3.org/2000/svg"[39m
                    [36m>[39m
                      [36m<path[39m
                        [33md[39m=[32m"M3 2v7c0 1.1.9 2 2 2h4a2 2 0 0 0 2-2V2"[39m
                      [36m/>[39m
                      [36m<path[39m
                        [33md[39m=[32m"M7 2v20"[39m
                      [36m/>[39m
                      [36m<path[39m
                        [33md[39m=[32m"M21 15V2a5 5 0 0 0-5 5v6c0 1.1.9 2 2 2h3Zm0 0v7"[39m
                      [36m/>[39m
                    [36m</svg>[39m
                  [36m</span>[39m
                  [36m<div[39m
                    [33mclass[39m=[32m"min-w-0 flex-1"[39m
                  [36m>[39m
                    [36m<p[39m
                      [33mclass[39m=[32m"text-[0.75rem] font-bold uppercase tracking-wide"[39m
                      [33mstyle[39m=[32m"color: var(--faint);"[39m
                    [36m>[39m
                      [0mNext[0m
                    [36m</p>[39m
                    [36m<p[39m
                      [33mcl...
 ÔØ» Object.getElementError node_modules/@testing-library/dom/dist/config.js:37:19
 ÔØ» node_modules/@testing-library/dom/dist/query-helpers.js:76:38
 ÔØ» node_modules/@testing-library/dom/dist/query-helpers.js:52:17
 ÔØ» node_modules/@testing-library/dom/dist/query-helpers.js:95:19
 ÔØ» openCard tests/health-flows.test.jsx:36:26
     34| const enableTools = async (...labels) => {
     35|   fireEvent.click(screen.getByRole('button', { name: 'Guidance ÔÇö what ÔÇª
     36|   const guidance = dialogFor('Guidance');
       |                          ^
     37|   fireEvent.click(within(guidance).getByText('Tools'));
     38|   fireEvent.click(within(guidance).getByText('Add tools'));
 ÔØ» openExercise tests/health-flows.test.jsx:281:30
 ÔØ» tests/health-flows.test.jsx:324:19

ÔÄ»ÔÄ»ÔÄ»ÔÄ»ÔÄ»ÔÄ»ÔÄ»ÔÄ»ÔÄ»ÔÄ»ÔÄ»ÔÄ»ÔÄ»ÔÄ»ÔÄ»ÔÄ»ÔÄ»ÔÄ»ÔÄ»ÔÄ»ÔÄ»ÔÄ»[19/39]ÔÄ»

 FAIL  tests/health-nutrition-flows.test.jsx > integrated health area > puts the full nutrition breakdown and salt 
equivalent under Health
TestingLibraryElementError: Unable to find an element with the text: Health & training. This could be because the text 
is broken up by multiple elements. In this case, you can provide a function for your text matcher to make your matcher 
more flexible.

Ignored nodes: comments, script, style
[36m<body[39m
  [33mstyle[39m=[32m""[39m
[36m>[39m
  [36m<div>[39m
    [36m<div[39m
      [33mclass[39m=[32m"app-shell min-h-screen"[39m
      [33mstyle[39m=[32m"background: var(--bg);"[39m
    [36m>[39m
      [36m<div[39m
        [33mclass[39m=[32m"app-workspace"[39m
      [36m>[39m
        [36m<header[39m
          [33mclass[39m=[32m"app-header px-5 pt-12 pb-3"[39m
        [36m>[39m
          [36m<a[39m
            [33mclass[39m=[32m"skip-link"[39m
            [33mhref[39m=[32m"#main"[39m
          [36m>[39m
            [0mSkip to content[0m
          [36m</a>[39m
          [36m<div[39m
            [33mclass[39m=[32m"flex items-start justify-between gap-3"[39m
          [36m>[39m
            [36m<div[39m
              [33mclass[39m=[32m"min-w-0"[39m
            [36m>[39m
              [36m<p[39m
                [33mclass[39m=[32m"text-[0.8125rem] font-semibold"[39m
                [33mstyle[39m=[32m"color: var(--muted);"[39m
              [36m>[39m
                [0mTuesday 6 October[0m
              [36m</p>[39m
              [36m<h1[39m
                [33mclass[39m=[32m"text-[1.375rem] font-extrabold tracking-tight leading-tight"[39m
              [36m>[39m
                [0mGood afternoon[0m
                [0m, [0m
                [0mSam[0m
              [36m</h1>[39m
            [36m</div>[39m
            [36m<div[39m
              [33mclass[39m=[32m"flex shrink-0 items-center gap-2"[39m
            [36m>[39m
              [36m<button[39m
                [33maria-label[39m=[32m"Guidance ÔÇö what matters now"[39m
                [33mclass[39m=[32m"press flex h-11 w-11 items-center justify-center rounded-full border"[39m
                [33mstyle[39m=[32m"border-color: var(--line); color: var(--muted);"[39m
              [36m>[39m
                [36m<svg[39m
                  [33maria-hidden[39m=[32m"true"[39m
                  [33mclass[39m=[32m"lucide lucide-sparkles"[39m
                  [33mfill[39m=[32m"none"[39m
                  [33mheight[39m=[32m"19"[39m
                  [33mstroke[39m=[32m"currentColor"[39m
                  [33mstroke-linecap[39m=[32m"round"[39m
                  [33mstroke-linejoin[39m=[32m"round"[39m
                  [33mstroke-width[39m=[32m"1.9"[39m
                  [33mviewBox[39m=[32m"0 0 24 24"[39m
                  [33mwidth[39m=[32m"19"[39m
                  [33mxmlns[39m=[32m"http://www.w3.org/2000/svg"[39m
                [36m>[39m
                  [36m<path[39m
                    [33md[39m=[32m"M11.017 2.814a1 1 0 0 1 1.966 0l1.051 5.558a2 2 0 0 0 1.594 1.594l5.558 1.051a1 
1 0 0 1 0 1.966l-5.558 1.051a2 2 0 0 0-1.594 1.594l-1.051 5.558a1 1 0 0 1-1.966 0l-1.051-5.558a2 2 0 0 
0-1.594-1.594l-5.558-1.051a1 1 0 0 1 0-1.966l5.558-1.051a2 2 0 0 0 1.594-1.594z"[39m
                  [36m/>[39m
                  [36m<path[39m
                    [33md[39m=[32m"M20 2v4"[39m
                  [36m/>[39m
                  [36m<path[39m
                    [33md[39m=[32m"M22 4h-4"[39m
                  [36m/>[39m
                  [36m<circle[39m
                    [33mcx[39m=[32m"4"[39m
                    [33mcy[39m=[32m"20"[39m
                    [33mr[39m=[32m"2"[39m
                  [36m/>[39m
                [36m</svg>[39m
              [36m</button>[39m
              [36m<button[39m
                [33maria-label[39m=[32m"You ÔÇö profile and settings, 6 setup steps left"[39m
                [33mclass[39m=[32m"press relative flex h-11 w-11 items-center justify-center rounded-full text-lg 
font-extrabold"[39m
                [33mstyle[39m=[32m"background: var(--accent); color: var(--on-accent);"[39m
              [36m>[39m
                [0mS[0m
                [36m<span[39m
                  [33mclass[39m=[32m"absolute -top-0.5 -right-0.5 h-3 w-3 rounded-full border-2"[39m
                  [33mstyle[39m=[32m"background: var(--accent-deep); border-color: var(--bg);"[39m
                [36m/>[39m
              [36m</button>[39m
            [36m</div>[39m
          [36m</div>[39m
        [36m</header>[39m
        [36m<main[39m
          [33mclass[39m=[32m"app-main pb-44"[39m
          [33mid[39m=[32m"main"[39m
          [33mtabindex[39m=[32m"-1"[39m
        [36m>[39m
          [36m<div[39m
            [33mclass[39m=[32m"pb-6 space-y-6"[39m
          [36m>[39m
            [36m<section[39m
              [33maria-label[39m=[32m"Next action"[39m
              [33mclass[39m=[32m"px-5"[39m
            [36m>[39m
              [36m<div[39m
                [33mclass[39m=[32m"card p-4"[39m
              [36m>[39m
                [36m<div[39m
                  [33mclass[39m=[32m"flex items-start gap-3"[39m
                [36m>[39m
                  [36m<span[39m
                    [33mclass[39m=[32m"flex h-10 w-10 shrink-0 items-center justify-center rounded-2xl"[39m
                    [33mstyle[39m=[32m"background: var(--accent-soft);"[39m
                  [36m>[39m
                    [36m<svg[39m
                      [33maria-hidden[39m=[32m"true"[39m
                      [33mclass[39m=[32m"lucide lucide-utensils"[39m
                      [33mfill[39m=[32m"none"[39m
                      [33mheight[39m=[32m"18"[39m
                      [33mstroke[39m=[32m"currentColor"[39m
                      [33mstroke-linecap[39m=[32m"round"[39m
                      [33mstroke-linejoin[39m=[32m"round"[39m
                      [33mstroke-width[39m=[32m"1.8"[39m
                      [33mviewBox[39m=[32m"0 0 24 24"[39m
                      [33mwidth[39m=[32m"18"[39m
                      [33mxmlns[39m=[32m"http://www.w3.org/2000/svg"[39m
                    [36m>[39m
                      [36m<path[39m
                        [33md[39m=[32m"M3 2v7c0 1.1.9 2 2 2h4a2 2 0 0 0 2-2V2"[39m
                      [36m/>[39m
                      [36m<path[39m
                        [33md[39m=[32m"M7 2v20"[39m
                      [36m/>[39m
                      [36m<path[39m
                        [33md[39m=[32m"M21 15V2a5 5 0 0 0-5 5v6c0 1.1.9 2 2 2h3Zm0 0v7"[39m
                      [36m/>[39m
                    [36m</svg>[39m
                  [36m</span>[39m
                  [36m<div[39m
                    [33mclass[39m=[32m"min-w-0 flex-1"[39m
                  [36m>[39m
                    [36m<p[39m
                      [33mclass[39m=[32m"text-[0.75rem] font-bold uppercase tracking-wide"[39m
                      [33mstyle[39m=[32m"color: var(--faint);"[39m
                    [36m>[39m
                      [0mNext[0m
                    [36m</p>[39m
                    [36m<p[39m
                      [33mcl...
 ÔØ» Object.getElementError node_modules/@testing-library/dom/dist/config.js:37:19
 ÔØ» node_modules/@testing-library/dom/dist/query-helpers.js:76:38
 ÔØ» node_modules/@testing-library/dom/dist/query-helpers.js:52:17
 ÔØ» node_modules/@testing-library/dom/dist/query-helpers.js:95:19
 ÔØ» openHealth tests/health-nutrition-flows.test.jsx:16:26
     14|   onboard();
     15|   fireEvent.click(screen.getByRole('button', { name: /^You ÔÇö profile/ ÔÇª
     16|   const section = screen.getByText('Health & training').closest('sectiÔÇª
       |                          ^
     17|   fireEvent.click(within(section).getByText('Health'));
     18|   return [...document.querySelectorAll('[role="dialog"]')]
 ÔØ» tests/health-nutrition-flows.test.jsx:27:20

ÔÄ»ÔÄ»ÔÄ»ÔÄ»ÔÄ»ÔÄ»ÔÄ»ÔÄ»ÔÄ»ÔÄ»ÔÄ»ÔÄ»ÔÄ»ÔÄ»ÔÄ»ÔÄ»ÔÄ»ÔÄ»ÔÄ»ÔÄ»ÔÄ»ÔÄ»[20/39]ÔÄ»

 FAIL  tests/health-nutrition-flows.test.jsx > integrated health area > edits macro and weight goals from Health
TestingLibraryElementError: Unable to find an element with the text: Health & training. This could be because the text 
is broken up by multiple elements. In this case, you can provide a function for your text matcher to make your matcher 
more flexible.

Ignored nodes: comments, script, style
[36m<body[39m
  [33mstyle[39m=[32m""[39m
[36m>[39m
  [36m<div>[39m
    [36m<div[39m
      [33mclass[39m=[32m"app-shell min-h-screen"[39m
      [33mstyle[39m=[32m"background: var(--bg);"[39m
    [36m>[39m
      [36m<div[39m
        [33mclass[39m=[32m"app-workspace"[39m
      [36m>[39m
        [36m<header[39m
          [33mclass[39m=[32m"app-header px-5 pt-12 pb-3"[39m
        [36m>[39m
          [36m<a[39m
            [33mclass[39m=[32m"skip-link"[39m
            [33mhref[39m=[32m"#main"[39m
          [36m>[39m
            [0mSkip to content[0m
          [36m</a>[39m
          [36m<div[39m
            [33mclass[39m=[32m"flex items-start justify-between gap-3"[39m
          [36m>[39m
            [36m<div[39m
              [33mclass[39m=[32m"min-w-0"[39m
            [36m>[39m
              [36m<p[39m
                [33mclass[39m=[32m"text-[0.8125rem] font-semibold"[39m
                [33mstyle[39m=[32m"color: var(--muted);"[39m
              [36m>[39m
                [0mTuesday 6 October[0m
              [36m</p>[39m
              [36m<h1[39m
                [33mclass[39m=[32m"text-[1.375rem] font-extrabold tracking-tight leading-tight"[39m
              [36m>[39m
                [0mGood afternoon[0m
                [0m, [0m
                [0mSam[0m
              [36m</h1>[39m
            [36m</div>[39m
            [36m<div[39m
              [33mclass[39m=[32m"flex shrink-0 items-center gap-2"[39m
            [36m>[39m
              [36m<button[39m
                [33maria-label[39m=[32m"Guidance ÔÇö what matters now"[39m
                [33mclass[39m=[32m"press flex h-11 w-11 items-center justify-center rounded-full border"[39m
                [33mstyle[39m=[32m"border-color: var(--line); color: var(--muted);"[39m
              [36m>[39m
                [36m<svg[39m
                  [33maria-hidden[39m=[32m"true"[39m
                  [33mclass[39m=[32m"lucide lucide-sparkles"[39m
                  [33mfill[39m=[32m"none"[39m
                  [33mheight[39m=[32m"19"[39m
                  [33mstroke[39m=[32m"currentColor"[39m
                  [33mstroke-linecap[39m=[32m"round"[39m
                  [33mstroke-linejoin[39m=[32m"round"[39m
                  [33mstroke-width[39m=[32m"1.9"[39m
                  [33mviewBox[39m=[32m"0 0 24 24"[39m
                  [33mwidth[39m=[32m"19"[39m
                  [33mxmlns[39m=[32m"http://www.w3.org/2000/svg"[39m
                [36m>[39m
                  [36m<path[39m
                    [33md[39m=[32m"M11.017 2.814a1 1 0 0 1 1.966 0l1.051 5.558a2 2 0 0 0 1.594 1.594l5.558 1.051a1 
1 0 0 1 0 1.966l-5.558 1.051a2 2 0 0 0-1.594 1.594l-1.051 5.558a1 1 0 0 1-1.966 0l-1.051-5.558a2 2 0 0 
0-1.594-1.594l-5.558-1.051a1 1 0 0 1 0-1.966l5.558-1.051a2 2 0 0 0 1.594-1.594z"[39m
                  [36m/>[39m
                  [36m<path[39m
                    [33md[39m=[32m"M20 2v4"[39m
                  [36m/>[39m
                  [36m<path[39m
                    [33md[39m=[32m"M22 4h-4"[39m
                  [36m/>[39m
                  [36m<circle[39m
                    [33mcx[39m=[32m"4"[39m
                    [33mcy[39m=[32m"20"[39m
                    [33mr[39m=[32m"2"[39m
                  [36m/>[39m
                [36m</svg>[39m
              [36m</button>[39m
              [36m<button[39m
                [33maria-label[39m=[32m"You ÔÇö profile and settings, 6 setup steps left"[39m
                [33mclass[39m=[32m"press relative flex h-11 w-11 items-center justify-center rounded-full text-lg 
font-extrabold"[39m
                [33mstyle[39m=[32m"background: var(--accent); color: var(--on-accent);"[39m
              [36m>[39m
                [0mS[0m
                [36m<span[39m
                  [33mclass[39m=[32m"absolute -top-0.5 -right-0.5 h-3 w-3 rounded-full border-2"[39m
                  [33mstyle[39m=[32m"background: var(--accent-deep); border-color: var(--bg);"[39m
                [36m/>[39m
              [36m</button>[39m
            [36m</div>[39m
          [36m</div>[39m
        [36m</header>[39m
        [36m<main[39m
          [33mclass[39m=[32m"app-main pb-44"[39m
          [33mid[39m=[32m"main"[39m
          [33mtabindex[39m=[32m"-1"[39m
        [36m>[39m
          [36m<div[39m
            [33mclass[39m=[32m"pb-6 space-y-6"[39m
          [36m>[39m
            [36m<section[39m
              [33maria-label[39m=[32m"Next action"[39m
              [33mclass[39m=[32m"px-5"[39m
            [36m>[39m
              [36m<div[39m
                [33mclass[39m=[32m"card p-4"[39m
              [36m>[39m
                [36m<div[39m
                  [33mclass[39m=[32m"flex items-start gap-3"[39m
                [36m>[39m
                  [36m<span[39m
                    [33mclass[39m=[32m"flex h-10 w-10 shrink-0 items-center justify-center rounded-2xl"[39m
                    [33mstyle[39m=[32m"background: var(--accent-soft);"[39m
                  [36m>[39m
                    [36m<svg[39m
                      [33maria-hidden[39m=[32m"true"[39m
                      [33mclass[39m=[32m"lucide lucide-utensils"[39m
                      [33mfill[39m=[32m"none"[39m
                      [33mheight[39m=[32m"18"[39m
                      [33mstroke[39m=[32m"currentColor"[39m
                      [33mstroke-linecap[39m=[32m"round"[39m
                      [33mstroke-linejoin[39m=[32m"round"[39m
                      [33mstroke-width[39m=[32m"1.8"[39m
                      [33mviewBox[39m=[32m"0 0 24 24"[39m
                      [33mwidth[39m=[32m"18"[39m
                      [33mxmlns[39m=[32m"http://www.w3.org/2000/svg"[39m
                    [36m>[39m
                      [36m<path[39m
                        [33md[39m=[32m"M3 2v7c0 1.1.9 2 2 2h4a2 2 0 0 0 2-2V2"[39m
                      [36m/>[39m
                      [36m<path[39m
                        [33md[39m=[32m"M7 2v20"[39m
                      [36m/>[39m
                      [36m<path[39m
                        [33md[39m=[32m"M21 15V2a5 5 0 0 0-5 5v6c0 1.1.9 2 2 2h3Zm0 0v7"[39m
                      [36m/>[39m
                    [36m</svg>[39m
                  [36m</span>[39m
                  [36m<div[39m
                    [33mclass[39m=[32m"min-w-0 flex-1"[39m
                  [36m>[39m
                    [36m<p[39m
                      [33mclass[39m=[32m"text-[0.75rem] font-bold uppercase tracking-wide"[39m
                      [33mstyle[39m=[32m"color: var(--faint);"[39m
                    [36m>[39m
                      [0mNext[0m
                    [36m</p>[39m
                    [36m<p[39m
                      [33mcl...
 ÔØ» Object.getElementError node_modules/@testing-library/dom/dist/config.js:37:19
 ÔØ» node_modules/@testing-library/dom/dist/query-helpers.js:76:38
 ÔØ» node_modules/@testing-library/dom/dist/query-helpers.js:52:17
 ÔØ» node_modules/@testing-library/dom/dist/query-helpers.js:95:19
 ÔØ» openHealth tests/health-nutrition-flows.test.jsx:16:26
     14|   onboard();
     15|   fireEvent.click(screen.getByRole('button', { name: /^You ÔÇö profile/ ÔÇª
     16|   const section = screen.getByText('Health & training').closest('sectiÔÇª
       |                          ^
     17|   fireEvent.click(within(section).getByText('Health'));
     18|   return [...document.querySelectorAll('[role="dialog"]')]
 ÔØ» tests/health-nutrition-flows.test.jsx:38:20

ÔÄ»ÔÄ»ÔÄ»ÔÄ»ÔÄ»ÔÄ»ÔÄ»ÔÄ»ÔÄ»ÔÄ»ÔÄ»ÔÄ»ÔÄ»ÔÄ»ÔÄ»ÔÄ»ÔÄ»ÔÄ»ÔÄ»ÔÄ»ÔÄ»ÔÄ»[21/39]ÔÄ»

 FAIL  tests/health-nutrition-flows.test.jsx > integrated health area > offers healthy swaps without inventing a food 
on an empty diary
TestingLibraryElementError: Unable to find an element with the text: Health & training. This could be because the text 
is broken up by multiple elements. In this case, you can provide a function for your text matcher to make your matcher 
more flexible.

Ignored nodes: comments, script, style
[36m<body[39m
  [33mstyle[39m=[32m""[39m
[36m>[39m
  [36m<div>[39m
    [36m<div[39m
      [33mclass[39m=[32m"app-shell min-h-screen"[39m
      [33mstyle[39m=[32m"background: var(--bg);"[39m
    [36m>[39m
      [36m<div[39m
        [33mclass[39m=[32m"app-workspace"[39m
      [36m>[39m
        [36m<header[39m
          [33mclass[39m=[32m"app-header px-5 pt-12 pb-3"[39m
        [36m>[39m
          [36m<a[39m
            [33mclass[39m=[32m"skip-link"[39m
            [33mhref[39m=[32m"#main"[39m
          [36m>[39m
            [0mSkip to content[0m
          [36m</a>[39m
          [36m<div[39m
            [33mclass[39m=[32m"flex items-start justify-between gap-3"[39m
          [36m>[39m
            [36m<div[39m
              [33mclass[39m=[32m"min-w-0"[39m
            [36m>[39m
              [36m<p[39m
                [33mclass[39m=[32m"text-[0.8125rem] font-semibold"[39m
                [33mstyle[39m=[32m"color: var(--muted);"[39m
              [36m>[39m
                [0mTuesday 6 October[0m
              [36m</p>[39m
              [36m<h1[39m
                [33mclass[39m=[32m"text-[1.375rem] font-extrabold tracking-tight leading-tight"[39m
              [36m>[39m
                [0mGood afternoon[0m
                [0m, [0m
                [0mSam[0m
              [36m</h1>[39m
            [36m</div>[39m
            [36m<div[39m
              [33mclass[39m=[32m"flex shrink-0 items-center gap-2"[39m
            [36m>[39m
              [36m<button[39m
                [33maria-label[39m=[32m"Guidance ÔÇö what matters now"[39m
                [33mclass[39m=[32m"press flex h-11 w-11 items-center justify-center rounded-full border"[39m
                [33mstyle[39m=[32m"border-color: var(--line); color: var(--muted);"[39m
              [36m>[39m
                [36m<svg[39m
                  [33maria-hidden[39m=[32m"true"[39m
                  [33mclass[39m=[32m"lucide lucide-sparkles"[39m
                  [33mfill[39m=[32m"none"[39m
                  [33mheight[39m=[32m"19"[39m
                  [33mstroke[39m=[32m"currentColor"[39m
                  [33mstroke-linecap[39m=[32m"round"[39m
                  [33mstroke-linejoin[39m=[32m"round"[39m
                  [33mstroke-width[39m=[32m"1.9"[39m
                  [33mviewBox[39m=[32m"0 0 24 24"[39m
                  [33mwidth[39m=[32m"19"[39m
                  [33mxmlns[39m=[32m"http://www.w3.org/2000/svg"[39m
                [36m>[39m
                  [36m<path[39m
                    [33md[39m=[32m"M11.017 2.814a1 1 0 0 1 1.966 0l1.051 5.558a2 2 0 0 0 1.594 1.594l5.558 1.051a1 
1 0 0 1 0 1.966l-5.558 1.051a2 2 0 0 0-1.594 1.594l-1.051 5.558a1 1 0 0 1-1.966 0l-1.051-5.558a2 2 0 0 
0-1.594-1.594l-5.558-1.051a1 1 0 0 1 0-1.966l5.558-1.051a2 2 0 0 0 1.594-1.594z"[39m
                  [36m/>[39m
                  [36m<path[39m
                    [33md[39m=[32m"M20 2v4"[39m
                  [36m/>[39m
                  [36m<path[39m
                    [33md[39m=[32m"M22 4h-4"[39m
                  [36m/>[39m
                  [36m<circle[39m
                    [33mcx[39m=[32m"4"[39m
                    [33mcy[39m=[32m"20"[39m
                    [33mr[39m=[32m"2"[39m
                  [36m/>[39m
                [36m</svg>[39m
              [36m</button>[39m
              [36m<button[39m
                [33maria-label[39m=[32m"You ÔÇö profile and settings, 6 setup steps left"[39m
                [33mclass[39m=[32m"press relative flex h-11 w-11 items-center justify-center rounded-full text-lg 
font-extrabold"[39m
                [33mstyle[39m=[32m"background: var(--accent); color: var(--on-accent);"[39m
              [36m>[39m
                [0mS[0m
                [36m<span[39m
                  [33mclass[39m=[32m"absolute -top-0.5 -right-0.5 h-3 w-3 rounded-full border-2"[39m
                  [33mstyle[39m=[32m"background: var(--accent-deep); border-color: var(--bg);"[39m
                [36m/>[39m
              [36m</button>[39m
            [36m</div>[39m
          [36m</div>[39m
        [36m</header>[39m
        [36m<main[39m
          [33mclass[39m=[32m"app-main pb-44"[39m
          [33mid[39m=[32m"main"[39m
          [33mtabindex[39m=[32m"-1"[39m
        [36m>[39m
          [36m<div[39m
            [33mclass[39m=[32m"pb-6 space-y-6"[39m
          [36m>[39m
            [36m<section[39m
              [33maria-label[39m=[32m"Next action"[39m
              [33mclass[39m=[32m"px-5"[39m
            [36m>[39m
              [36m<div[39m
                [33mclass[39m=[32m"card p-4"[39m
              [36m>[39m
                [36m<div[39m
                  [33mclass[39m=[32m"flex items-start gap-3"[39m
                [36m>[39m
                  [36m<span[39m
                    [33mclass[39m=[32m"flex h-10 w-10 shrink-0 items-center justify-center rounded-2xl"[39m
                    [33mstyle[39m=[32m"background: var(--accent-soft);"[39m
                  [36m>[39m
                    [36m<svg[39m
                      [33maria-hidden[39m=[32m"true"[39m
                      [33mclass[39m=[32m"lucide lucide-utensils"[39m
                      [33mfill[39m=[32m"none"[39m
                      [33mheight[39m=[32m"18"[39m
                      [33mstroke[39m=[32m"currentColor"[39m
                      [33mstroke-linecap[39m=[32m"round"[39m
                      [33mstroke-linejoin[39m=[32m"round"[39m
                      [33mstroke-width[39m=[32m"1.8"[39m
                      [33mviewBox[39m=[32m"0 0 24 24"[39m
                      [33mwidth[39m=[32m"18"[39m
                      [33mxmlns[39m=[32m"http://www.w3.org/2000/svg"[39m
                    [36m>[39m
                      [36m<path[39m
                        [33md[39m=[32m"M3 2v7c0 1.1.9 2 2 2h4a2 2 0 0 0 2-2V2"[39m
                      [36m/>[39m
                      [36m<path[39m
                        [33md[39m=[32m"M7 2v20"[39m
                      [36m/>[39m
                      [36m<path[39m
                        [33md[39m=[32m"M21 15V2a5 5 0 0 0-5 5v6c0 1.1.9 2 2 2h3Zm0 0v7"[39m
                      [36m/>[39m
                    [36m</svg>[39m
                  [36m</span>[39m
                  [36m<div[39m
                    [33mclass[39m=[32m"min-w-0 flex-1"[39m
                  [36m>[39m
                    [36m<p[39m
                      [33mclass[39m=[32m"text-[0.75rem] font-bold uppercase tracking-wide"[39m
                      [33mstyle[39m=[32m"color: var(--faint);"[39m
                    [36m>[39m
                      [0mNext[0m
                    [36m</p>[39m
                    [36m<p[39m
                      [33mcl...
 ÔØ» Object.getElementError node_modules/@testing-library/dom/dist/config.js:37:19
 ÔØ» node_modules/@testing-library/dom/dist/query-helpers.js:76:38
 ÔØ» node_modules/@testing-library/dom/dist/query-helpers.js:52:17
 ÔØ» node_modules/@testing-library/dom/dist/query-helpers.js:95:19
 ÔØ» openHealth tests/health-nutrition-flows.test.jsx:16:26
     14|   onboard();
     15|   fireEvent.click(screen.getByRole('button', { name: /^You ÔÇö profile/ ÔÇª
     16|   const section = screen.getByText('Health & training').closest('sectiÔÇª
       |                          ^
     17|   fireEvent.click(within(section).getByText('Health'));
     18|   return [...document.querySelectorAll('[role="dialog"]')]
 ÔØ» tests/health-nutrition-flows.test.jsx:49:20

ÔÄ»ÔÄ»ÔÄ»ÔÄ»ÔÄ»ÔÄ»ÔÄ»ÔÄ»ÔÄ»ÔÄ»ÔÄ»ÔÄ»ÔÄ»ÔÄ»ÔÄ»ÔÄ»ÔÄ»ÔÄ»ÔÄ»ÔÄ»ÔÄ»ÔÄ»[22/39]ÔÄ»

 FAIL  tests/kitchen-flows.test.jsx > Guidance > keeps questions in the adaptive surface and admits when there is no 
data
TestingLibraryElementError: Unable to find an element with the text: Ask. This could be because the text is broken up 
by multiple elements. In this case, you can provide a function for your text matcher to make your matcher more 
flexible.

Ignored nodes: comments, script, style
[36m<div[39m
  [33maria-labelledby[39m=[32m":r4e:"[39m
  [33maria-modal[39m=[32m"true"[39m
  [33mclass[39m=[32m"sheet-up relative w-full max-w-lg flex flex-col max-h-[92%] rounded-t-3xl"[39m
  [33mrole[39m=[32m"dialog"[39m
  [33mstyle[39m=[32m"background: var(--bg); transition: transform 200ms; transform: translateY(0px);"[39m
  [33mtabindex[39m=[32m"-1"[39m
[36m>[39m
  [36m<div[39m
    [33mclass[39m=[32m"mx-auto mt-2.5 mb-1 h-1 w-10 rounded-full shrink-0"[39m
    [33mstyle[39m=[32m"background: var(--line);"[39m
  [36m/>[39m
  [36m<div[39m
    [33mclass[39m=[32m"flex items-center justify-between px-5 pt-3 pb-2 shrink-0"[39m
  [36m>[39m
    [36m<h2[39m
      [33mclass[39m=[32m"text-lg font-extrabold tracking-tight"[39m
      [33mid[39m=[32m":r4e:"[39m
    [36m>[39m
      [0mGuidance[0m
    [36m</h2>[39m
    [36m<button[39m
      [33maria-label[39m=[32m"Close"[39m
      [33mclass[39m=[32m"tap press flex h-10 w-10 items-center justify-center rounded-full"[39m
      [33mstyle[39m=[32m"background: var(--card-2); color: var(--muted);"[39m
    [36m>[39m
      [36m<svg[39m
        [33maria-hidden[39m=[32m"true"[39m
        [33mclass[39m=[32m"lucide lucide-x"[39m
        [33mfill[39m=[32m"none"[39m
        [33mheight[39m=[32m"18"[39m
        [33mstroke[39m=[32m"currentColor"[39m
        [33mstroke-linecap[39m=[32m"round"[39m
        [33mstroke-linejoin[39m=[32m"round"[39m
        [33mstroke-width[39m=[32m"2.4"[39m
        [33mviewBox[39m=[32m"0 0 24 24"[39m
        [33mwidth[39m=[32m"18"[39m
        [33mxmlns[39m=[32m"http://www.w3.org/2000/svg"[39m
      [36m>[39m
        [36m<path[39m
          [33md[39m=[32m"M18 6 6 18"[39m
        [36m/>[39m
        [36m<path[39m
          [33md[39m=[32m"m6 6 12 12"[39m
        [36m/>[39m
      [36m</svg>[39m
    [36m</button>[39m
  [36m</div>[39m
  [36m<div[39m
    [33mclass[39m=[32m"overflow-y-auto no-scrollbar flex-1 overscroll-contain"[39m
    [33mdata-sheet-scroll[39m=[32m"true"[39m
    [33mtabindex[39m=[32m"0"[39m
  [36m>[39m
    [36m<div[39m
      [33mclass[39m=[32m"pb-10"[39m
    [36m>[39m
      [36m<div[39m
        [33mclass[39m=[32m"px-5 pb-4"[39m
      [36m>[39m
        [36m<p[39m
          [33mclass[39m=[32m"text-[0.6875rem] font-bold uppercase tracking-wide"[39m
          [33mstyle[39m=[32m"color: var(--muted);"[39m
        [36m>[39m
          [0mWhat matters now[0m
        [36m</p>[39m
        [36m<p[39m
          [33mclass[39m=[32m"text-[0.75rem] font-semibold leading-relaxed"[39m
          [33mstyle[39m=[32m"color: var(--muted);"[39m
        [36m>[39m
          [0mRanked from your diary, plan, pantry and shops. Every suggestion shows its evidence.[0m
        [36m</p>[39m
        [36m<div[39m
          [33maria-label[39m=[32m"Guidance sections"[39m
          [33mclass[39m=[32m"mt-3 flex gap-2 overflow-x-auto no-scrollbar"[39m
        [36m>[39m
          [36m<button[39m
            [33maria-pressed[39m=[32m"true"[39m
            [33mclass[39m=[32m"tap press shrink-0 rounded-full px-3.5 py-2 text-[0.8125rem] font-semibold border 
transition-colors"[39m
            [33mstyle[39m=[32m"background: var(--accent); color: var(--on-accent); border-color: 
var(--accent);"[39m
          [36m>[39m
            [36m<span[39m
              [33mclass[39m=[32m"inline-flex items-center gap-1.5"[39m
            [36m>[39m
              [36m<svg[39m
                [33maria-hidden[39m=[32m"true"[39m
                [33mclass[39m=[32m"lucide lucide-lightbulb"[39m
                [33mfill[39m=[32m"none"[39m
                [33mheight[39m=[32m"13"[39m
                [33mstroke[39m=[32m"currentColor"[39m
                [33mstroke-linecap[39m=[32m"round"[39m
                [33mstroke-linejoin[39m=[32m"round"[39m
                [33mstroke-width[39m=[32m"2"[39m
                [33mviewBox[39m=[32m"0 0 24 24"[39m
                [33mwidth[39m=[32m"13"[39m
                [33mxmlns[39m=[32m"http://www.w3.org/2000/svg"[39m
              [36m>[39m
                [36m<path[39m
                  [33md[39m=[32m"M15 14c.2-1 .7-1.7 1.5-2.5 1-.9 1.5-2.2 1.5-3.5A6 6 0 0 0 6 8c0 1 .2 2.2 1.5 
3.5.7.7 1.3 1.5 1.5 2.5"[39m
                [36m/>[39m
                [36m<path[39m
                  [33md[39m=[32m"M9 18h6"[39m
                [36m/>[39m
                [36m<path[39m
                  [33md[39m=[32m"M10 22h4"[39m
                [36m/>[39m
              [36m</svg>[39m
              [0m [0m
              [0mNext[0m
            [36m</span>[39m
          [36m</button>[39m
          [36m<button[39m
            [33maria-pressed[39m=[32m"false"[39m
            [33mclass[39m=[32m"tap press shrink-0 rounded-full px-3.5 py-2 text-[0.8125rem] font-semibold border 
transition-colors"[39m
            [33mstyle[39m=[32m"background: var(--card); color: var(--muted); border-color: var(--line);"[39m
          [36m>[39m
            [36m<span[39m
              [33mclass[39m=[32m"inline-flex items-center gap-1.5"[39m
            [36m>[39m
              [36m<svg[39m
                [33maria-hidden[39m=[32m"true"[39m
                [33mclass[39m=[32m"lucide lucide-chart-column"[39m
                [33mfill[39m=[32m"none"[39m
                [33mheight[39m=[32m"13"[39m
                [33mstroke[39m=[32m"currentColor"[39m
                [33mstroke-linecap[39m=[32m"round"[39m
                [33mstroke-linejoin[39m=[32m"round"[39m
                [33mstroke-width[39m=[32m"2"[39m
                [33mviewBox[39m=[32m"0 0 24 24"[39m
                [33mwidth[39m=[32m"13"[39m
                [33mxmlns[39m=[32m"http://www.w3.org/2000/svg"[39m
              [36m>[39m
                [36m<path[39m
                  [33md[39m=[32m"M3 3v16a2 2 0 0 0 2 2h16"[39m
                [36m/>[39m
                [36m<path[39m
                  [33md[39m=[32m"M18 17V9"[39m
                [36m/>[39m
                [36m<path[39m
                  [33md[39m=[32m"M13 17V5"[39m
                [36m/>[39m
                [36m<path[39m
                  [33md[39m=[32m"M8 17v-3"[39m
                [36m/>[39m
              [36m</svg>[39m
              [0m [0m
              [0mReview[0m
            [36m</span>[39m
          [36m</button>[39m
          [36m<button[39m
            [33maria-pressed[39m=[32m"false"[39m
            [33mclass[39m=[32m"tap press shrink-0 rounded-full px-3.5 py-2 text-[0.8125rem] font-semibold border 
transition-colors"[39m
            [33mstyle[39m=[32m"background: var(--card); color: var(--muted); border-color: var(--line);"[39m
          [36m>[39m
            [36m<span[39m
              [33mclass[39m=[32m"inline-flex items-center gap-1.5"[39m
            [36m>[39m
              [36m<svg[39m
                [33maria-hidden[39m=[32m"true"[39m
                [33mclass[39m=[32m"lucide lucide-wrench"[39m
                [33mfill[39m=[32m"none"[39m
                [33mheight[39m=[32m"13"[39m
                [33mstroke[39m=[32m"currentColor"[39m
                [33mstroke-linecap[39m=[32m"round"[39m
                [33mstroke-linejoin[39m=[32m"round"[39m
                [33mstroke-width[39m=[32m"2"[39m
                [33mviewBox[39m=[32m"0 0 24 24"[39m
                [33mwidth[39m=[32m"13"[39m
                [33mxmlns[39m=[32m"http://www.w3.org/2000/svg"[39m
              [36m>[39m
                [36m<path[39m
                  [33md[39m=[32m"M14.7 6.3a1 1 0 0 0 0 1.4l1.6 1.6a1 1 0 0 0 1.4 
0l3.106-3.105c.32-.322.863-.22.983.218a6 6 0 0 1-8.259 7.057l-7.91 7.91a1 1 0 0 1-2.999-3l7.91-7.91a6 6 0 0 1 
7.057-8.259c.438.12.54.662.219.984z"[39m
                [36m/>[39m
              [36m</svg>[39m
              [0m [0m
              [0mTools[0m
            [36m</span>[39m
          [36m</button>[39m
        [36m</div>[39m
      [36m</div>[39m
      [36m<div[39m
        [33mclass[39m=[32m"px-5 space-y-3"[39m
      [36m>[39m
        [36m<div[39m
          [33mclass[39m=[32m"card p-4 !p-5"[39m
          [33mstyle[39m=[32m"border-color: var(--line);"[39m
        [36m>[39m
          [36m<p[39m
            [33mclass[39m=[32m"text-[0.6875rem] font-bold uppercase tracking-wide"[39m
            [33mstyle[39m=[32m"color: var(--faint);"[39m
          [36m>[39m
            [0mUnlock more ┬À 0 of 6[0m
          [36m</p>[39m
          [36m<h3[39m
            [33mclass[39m=[32m"mt-1 text-[1.25rem] font-extrabold tracking-tight"[39m
          [36m>[39m
            [0mPlan a meal[0m
          [36m</h3>[39m
          [36m<p[39m
            [33mclass[39m=[32m"mt-1.5 text-[0.8125rem] font-semibold leading-relaxed"[39m
            [33mstyle[39m=[32m"color: var(--muted);"[39m
          [36m>[39m
            [0mA planned week becomes a shopping list with your pantry already deducted.[0m
          [36m</p>[39m
          [36m<div[39m
            [33mclass[39m=[32m"mt-4 grid gap-3"[39m
          [36m>[39m
            [36m<div>[39m
              [36m<span[39m
                [33mclass[39m=[32m"inline-flex items-center gap-1 rounded-full px-2 py-0.5 text-[0.6875rem] 
font-bold"[39m
                [33mstyle[39m=[32m"background: var(--card-2); color: var(--muted);"[39m
              [36m>[39m
                [0m6 useful setup steps left[0m
              [36m</span>[39m
            [36m</div>[39m
            [36m<button[39m
              [33mclass[39m=[32m"press w-full rounded-xl px-4 py-2.5 text-[0.8125rem] font-extrabold"[39m
              [33mstyle[39m=[32m"background: var(--accent); color: var(--on-accent);"[39m
              [33mtype[39m=[32m"button"[39m
            [36m>[39m
              [0mPlan a meal[0m
            [36m</button>[39m
          [36m</div>[39m
          [36m<button[39m
            [33mclass[39m=[32m"tap press mt-2 text-[0.75rem] font-bold"[39m
            [33mstyle[39m=[32m"color: var(--muted);"[39m
            [33mtype[39m=[32m"button"[39m
          [36m>[39m
            [0mNot now[0m
          [36m</button>[39m
        [36m</div>[39m
        [36m<section[39m
          [33maria-labelledby[39m=[32m"guidance-later"[39m
        [36m>[39m
          [36m<div[39m
            [33mclass[39m=[32m"mb-2 flex items-center justify-between"[39m
          [36m>[39m
            [36m<h3[39m
              [33mclass[39m=[32m"text-[0.8125rem] font-extrabold"[39m
              [33mid[39m=[32m"guidance-later"[39m
            [36m>[39m
              [0mAfter that[0m
            [36m</h3>[39m
            [36m<span[39m
              [33mclass[39m=[32m"text-[0.6875rem] font-semibold"[39m
              [33mstyle[39m=[32m"color: var(--faint);"[39m
            [36m>[39m
              [0mRanked by urgency[0m
            [36m</span>[39m
          [36m</div>[39m
          [36m<div[39m
            [33mclass[39m=[32m"overflow-hidden rounded-2xl border divide-y"[39m
            [33mstyle[39m=[32m"border-color: var(--line);"[39m
          [36m>[39m
            [36m<button[39m
              [33mclass[39m=[32m"press flex w-full items-center gap-3 p-3.5 text-left"[39m
              [33mstyle[39m=[32m"background: var(--card); border-color: var(--line);"[39m
              [33mtype[39m=[32m"button"[39m
            [36m>[39m
              [36m<span[39m
                [33mclass[39m=[32m"min-w-0 flex-1"[39m
              [36m>[39m
                [36m<span[39m
                  [33mclass[39m=[32m"block text-[0.8125rem] font-extrabold"[39m
                [36m>[39m
                  [0mLog something you ate[0m
                [36m</span>[39m
                [36m<span[39m
                  [33mclass[39m=[32m"mt-0.5 block text-[0.71875rem] font-semibold"[39m
                  [33mstyle[39m=[32m"color: var(--muted);"[39m
                [36m>[39m
                  [0mNo food logged today[0m
                [36m</span>[39m
              [36m</span>[39m
              [36m<svg[39m
                [33maria-hidden[39m=[32m"true"[39m
                [33mclass[39m=[32m"lucide lucide-chevron-right shrink-0"[39m
                [33mfill[39m=[32m"none"[39m
                [33mheight[39m=[32m"15"[39m
                [33mstroke[39m=[32m"currentColor"[39m
                [33mstroke-linecap[39m=[32m"round"[39m
                [33mstroke-linejoin[39m=[32m"round"[39m
                [33mstroke-width[39m=[32m"2"[39m
                [33mstyle[39m=[32m"color: var(--faint);"[39m
                [33mviewBox[39m=[32m"0 0 24 24"[39m
                [33mwidth[39m=[32m"15"[39m
                [33mxmlns[39m=[32m"http://www.w3.org/2000/svg"[39m
              [36m>[39m
                [36m<path[39m
                  [33md[39m=[32m"m9 18 6-6-6-6"[39m
                [36m/>[39m
              [36m</svg>[39m
            [36m</button>[39m
          [36m</div>[39m
        [36m</section>[39m
      [36m</div>[39m
    [36m</div>[39m
  [36m</div>[39m
[36m</div>[39m
 ÔØ» Object.getElementError node_modules/@testing-library/dom/dist/config.js:37:19
 ÔØ» node_modules/@testing-library/dom/dist/query-helpers.js:76:38
 ÔØ» node_modules/@testing-library/dom/dist/query-helpers.js:52:17
 ÔØ» node_modules/@testing-library/dom/dist/query-helpers.js:95:19
 ÔØ» tests/kitchen-flows.test.jsx:260:38
    258|     const guidance = dialogFor('Guidance');
    259|     expect(within(guidance).getByText('What matters now')).toBeDefinedÔÇª
    260|     // AI coach is parked: opt in the way a user does.
       |                                      ^
    261|     fireEvent.click(within(guidance).getByText('Tools'));
    262|     fireEvent.click(within(guidance).getByText('Add tools'));

ÔÄ»ÔÄ»ÔÄ»ÔÄ»ÔÄ»ÔÄ»ÔÄ»ÔÄ»ÔÄ»ÔÄ»ÔÄ»ÔÄ»ÔÄ»ÔÄ»ÔÄ»ÔÄ»ÔÄ»ÔÄ»ÔÄ»ÔÄ»ÔÄ»ÔÄ»[23/39]ÔÄ»

 FAIL  tests/product.test.js > Forq product positioning > states a single primary promise about plan, buy, waste
AssertionError: expected 'Tell Forq what you are eating; it worÔÇª' to match /plan meals/i

- Expected:
/plan meals/i

+ Received:
"Tell Forq what you are eating; it works out what to buy; it helps you waste less."

 ÔØ» tests/product.test.js:11:29
      9| describe('Forq product positioning', () => {
     10|   it('states a single primary promise about what to eat, buy and wasteÔÇª
     11|     expect(PRODUCT.promise).toMatch(/what you.re eating/i);
       |                             ^
     12|     expect(PRODUCT.promise).toMatch(/what you need to buy/i);
     13|     expect(PRODUCT.promise).toMatch(/waste less food/i);

ÔÄ»ÔÄ»ÔÄ»ÔÄ»ÔÄ»ÔÄ»ÔÄ»ÔÄ»ÔÄ»ÔÄ»ÔÄ»ÔÄ»ÔÄ»ÔÄ»ÔÄ»ÔÄ»ÔÄ»ÔÄ»ÔÄ»ÔÄ»ÔÄ»ÔÄ»[24/39]ÔÄ»

 FAIL  tests/product.test.js > Forq product positioning > meta description leads with the promise, not a feature 
laundry list
AssertionError: expected 'tell forq what you are eating; it worÔÇª' to contain 'plan meals'

Expected: "plan meals"
Received: "tell forq what you are eating; it works out what to buy; it helps you waste less. local-first meal planning 
and shopping."

 ÔØ» tests/product.test.js:36:51
     34|
     35|   it('meta description leads with the promise, not a feature laundry lÔÇª
     36|     expect(PRODUCT.metaDescription.toLowerCase()).toContain('plan mealÔÇª
       |                                                   ^
     37|     expect(PRODUCT.metaDescription.toLowerCase()).not.toContain('fitneÔÇª
     38|     expect(PRODUCT.metaDescription.toLowerCase()).not.toContain('healtÔÇª

ÔÄ»ÔÄ»ÔÄ»ÔÄ»ÔÄ»ÔÄ»ÔÄ»ÔÄ»ÔÄ»ÔÄ»ÔÄ»ÔÄ»ÔÄ»ÔÄ»ÔÄ»ÔÄ»ÔÄ»ÔÄ»ÔÄ»ÔÄ»ÔÄ»ÔÄ»[25/39]ÔÄ»

 FAIL  tests/recipe-flows.test.jsx > a recipe page > adds a displayed shortfall even when the pantry already has a 
same-name row
Error: Test timed out in 5000ms.
If this is a long-running test, pass a timeout value as the last argument or configure it globally with "testTimeout".
 ÔØ» tests/recipe-flows.test.jsx:247:3
    245|   });
    246|
    247|   it('adds a displayed shortfall even when the pantry already has a saÔÇª
       |   ^
    248|     onboard();
    249|     addPantry('Rice'); // name is known, amount is not ÔÇö the recipe stÔÇª

ÔÄ»ÔÄ»ÔÄ»ÔÄ»ÔÄ»ÔÄ»ÔÄ»ÔÄ»ÔÄ»ÔÄ»ÔÄ»ÔÄ»ÔÄ»ÔÄ»ÔÄ»ÔÄ»ÔÄ»ÔÄ»ÔÄ»ÔÄ»ÔÄ»ÔÄ»[26/39]ÔÄ»

 FAIL  tests/reminder-flows.test.jsx > reminders start empty > invents no routine for you, and says so
TestingLibraryElementError: Unable to find an element with the text: Health & training. This could be because the text 
is broken up by multiple elements. In this case, you can provide a function for your text matcher to make your matcher 
more flexible.

Ignored nodes: comments, script, style
[36m<body[39m
  [33mstyle[39m=[32m""[39m
[36m>[39m
  [36m<div>[39m
    [36m<div[39m
      [33mclass[39m=[32m"app-shell min-h-screen"[39m
      [33mstyle[39m=[32m"background: var(--bg);"[39m
    [36m>[39m
      [36m<div[39m
        [33mclass[39m=[32m"app-workspace"[39m
      [36m>[39m
        [36m<header[39m
          [33mclass[39m=[32m"app-header px-5 pt-12 pb-3"[39m
        [36m>[39m
          [36m<a[39m
            [33mclass[39m=[32m"skip-link"[39m
            [33mhref[39m=[32m"#main"[39m
          [36m>[39m
            [0mSkip to content[0m
          [36m</a>[39m
          [36m<div[39m
            [33mclass[39m=[32m"flex items-start justify-between gap-3"[39m
          [36m>[39m
            [36m<div[39m
              [33mclass[39m=[32m"min-w-0"[39m
            [36m>[39m
              [36m<p[39m
                [33mclass[39m=[32m"text-[0.8125rem] font-semibold"[39m
                [33mstyle[39m=[32m"color: var(--muted);"[39m
              [36m>[39m
                [0mTuesday 6 October[0m
              [36m</p>[39m
              [36m<h1[39m
                [33mclass[39m=[32m"text-[1.375rem] font-extrabold tracking-tight leading-tight"[39m
              [36m>[39m
                [0mGood afternoon[0m
                [0m, [0m
                [0mSam[0m
              [36m</h1>[39m
            [36m</div>[39m
            [36m<div[39m
              [33mclass[39m=[32m"flex shrink-0 items-center gap-2"[39m
            [36m>[39m
              [36m<button[39m
                [33maria-label[39m=[32m"Guidance ÔÇö what matters now"[39m
                [33mclass[39m=[32m"press flex h-11 w-11 items-center justify-center rounded-full border"[39m
                [33mstyle[39m=[32m"border-color: var(--line); color: var(--muted);"[39m
              [36m>[39m
                [36m<svg[39m
                  [33maria-hidden[39m=[32m"true"[39m
                  [33mclass[39m=[32m"lucide lucide-sparkles"[39m
                  [33mfill[39m=[32m"none"[39m
                  [33mheight[39m=[32m"19"[39m
                  [33mstroke[39m=[32m"currentColor"[39m
                  [33mstroke-linecap[39m=[32m"round"[39m
                  [33mstroke-linejoin[39m=[32m"round"[39m
                  [33mstroke-width[39m=[32m"1.9"[39m
                  [33mviewBox[39m=[32m"0 0 24 24"[39m
                  [33mwidth[39m=[32m"19"[39m
                  [33mxmlns[39m=[32m"http://www.w3.org/2000/svg"[39m
                [36m>[39m
                  [36m<path[39m
                    [33md[39m=[32m"M11.017 2.814a1 1 0 0 1 1.966 0l1.051 5.558a2 2 0 0 0 1.594 1.594l5.558 1.051a1 
1 0 0 1 0 1.966l-5.558 1.051a2 2 0 0 0-1.594 1.594l-1.051 5.558a1 1 0 0 1-1.966 0l-1.051-5.558a2 2 0 0 
0-1.594-1.594l-5.558-1.051a1 1 0 0 1 0-1.966l5.558-1.051a2 2 0 0 0 1.594-1.594z"[39m
                  [36m/>[39m
                  [36m<path[39m
                    [33md[39m=[32m"M20 2v4"[39m
                  [36m/>[39m
                  [36m<path[39m
                    [33md[39m=[32m"M22 4h-4"[39m
                  [36m/>[39m
                  [36m<circle[39m
                    [33mcx[39m=[32m"4"[39m
                    [33mcy[39m=[32m"20"[39m
                    [33mr[39m=[32m"2"[39m
                  [36m/>[39m
                [36m</svg>[39m
              [36m</button>[39m
              [36m<button[39m
                [33maria-label[39m=[32m"You ÔÇö profile and settings, 6 setup steps left"[39m
                [33mclass[39m=[32m"press relative flex h-11 w-11 items-center justify-center rounded-full text-lg 
font-extrabold"[39m
                [33mstyle[39m=[32m"background: var(--accent); color: var(--on-accent);"[39m
              [36m>[39m
                [0mS[0m
                [36m<span[39m
                  [33mclass[39m=[32m"absolute -top-0.5 -right-0.5 h-3 w-3 rounded-full border-2"[39m
                  [33mstyle[39m=[32m"background: var(--accent-deep); border-color: var(--bg);"[39m
                [36m/>[39m
              [36m</button>[39m
            [36m</div>[39m
          [36m</div>[39m
        [36m</header>[39m
        [36m<main[39m
          [33mclass[39m=[32m"app-main pb-44"[39m
          [33mid[39m=[32m"main"[39m
          [33mtabindex[39m=[32m"-1"[39m
        [36m>[39m
          [36m<div[39m
            [33mclass[39m=[32m"pb-6 space-y-6"[39m
          [36m>[39m
            [36m<section[39m
              [33maria-label[39m=[32m"Next action"[39m
              [33mclass[39m=[32m"px-5"[39m
            [36m>[39m
              [36m<div[39m
                [33mclass[39m=[32m"card p-4"[39m
              [36m>[39m
                [36m<div[39m
                  [33mclass[39m=[32m"flex items-start gap-3"[39m
                [36m>[39m
                  [36m<span[39m
                    [33mclass[39m=[32m"flex h-10 w-10 shrink-0 items-center justify-center rounded-2xl"[39m
                    [33mstyle[39m=[32m"background: var(--accent-soft);"[39m
                  [36m>[39m
                    [36m<svg[39m
                      [33maria-hidden[39m=[32m"true"[39m
                      [33mclass[39m=[32m"lucide lucide-utensils"[39m
                      [33mfill[39m=[32m"none"[39m
                      [33mheight[39m=[32m"18"[39m
                      [33mstroke[39m=[32m"currentColor"[39m
                      [33mstroke-linecap[39m=[32m"round"[39m
                      [33mstroke-linejoin[39m=[32m"round"[39m
                      [33mstroke-width[39m=[32m"1.8"[39m
                      [33mviewBox[39m=[32m"0 0 24 24"[39m
                      [33mwidth[39m=[32m"18"[39m
                      [33mxmlns[39m=[32m"http://www.w3.org/2000/svg"[39m
                    [36m>[39m
                      [36m<path[39m
                        [33md[39m=[32m"M3 2v7c0 1.1.9 2 2 2h4a2 2 0 0 0 2-2V2"[39m
                      [36m/>[39m
                      [36m<path[39m
                        [33md[39m=[32m"M7 2v20"[39m
                      [36m/>[39m
                      [36m<path[39m
                        [33md[39m=[32m"M21 15V2a5 5 0 0 0-5 5v6c0 1.1.9 2 2 2h3Zm0 0v7"[39m
                      [36m/>[39m
                    [36m</svg>[39m
                  [36m</span>[39m
                  [36m<div[39m
                    [33mclass[39m=[32m"min-w-0 flex-1"[39m
                  [36m>[39m
                    [36m<p[39m
                      [33mclass[39m=[32m"text-[0.75rem] font-bold uppercase tracking-wide"[39m
                      [33mstyle[39m=[32m"color: var(--faint);"[39m
                    [36m>[39m
                      [0mNext[0m
                    [36m</p>[39m
                    [36m<p[39m
                      [33mcl...
 ÔØ» Object.getElementError node_modules/@testing-library/dom/dist/config.js:37:19
 ÔØ» node_modules/@testing-library/dom/dist/query-helpers.js:76:38
 ÔØ» node_modules/@testing-library/dom/dist/query-helpers.js:52:17
 ÔØ» node_modules/@testing-library/dom/dist/query-helpers.js:95:19
 ÔØ» openReminders tests/reminder-flows.test.jsx:22:26
     20| const openReminders = () => {
     21|   openProfile();
     22|   const section = screen.getByText('Health & training').closest('sectiÔÇª
       |                          ^
     23|   fireEvent.click(within(section).getByText('Reminders'));
     24|   return dialogFor('Reminders');
 ÔØ» tests/reminder-flows.test.jsx:54:19

ÔÄ»ÔÄ»ÔÄ»ÔÄ»ÔÄ»ÔÄ»ÔÄ»ÔÄ»ÔÄ»ÔÄ»ÔÄ»ÔÄ»ÔÄ»ÔÄ»ÔÄ»ÔÄ»ÔÄ»ÔÄ»ÔÄ»ÔÄ»ÔÄ»ÔÄ»[27/39]ÔÄ»

 FAIL  tests/reminder-flows.test.jsx > reminders start empty > is straight about when a notification can and cannot 
reach you
TestingLibraryElementError: Unable to find an element with the text: Health & training. This could be because the text 
is broken up by multiple elements. In this case, you can provide a function for your text matcher to make your matcher 
more flexible.

Ignored nodes: comments, script, style
[36m<body[39m
  [33mstyle[39m=[32m""[39m
[36m>[39m
  [36m<div>[39m
    [36m<div[39m
      [33mclass[39m=[32m"app-shell min-h-screen"[39m
      [33mstyle[39m=[32m"background: var(--bg);"[39m
    [36m>[39m
      [36m<div[39m
        [33mclass[39m=[32m"app-workspace"[39m
      [36m>[39m
        [36m<header[39m
          [33mclass[39m=[32m"app-header px-5 pt-12 pb-3"[39m
        [36m>[39m
          [36m<a[39m
            [33mclass[39m=[32m"skip-link"[39m
            [33mhref[39m=[32m"#main"[39m
          [36m>[39m
            [0mSkip to content[0m
          [36m</a>[39m
          [36m<div[39m
            [33mclass[39m=[32m"flex items-start justify-between gap-3"[39m
          [36m>[39m
            [36m<div[39m
              [33mclass[39m=[32m"min-w-0"[39m
            [36m>[39m
              [36m<p[39m
                [33mclass[39m=[32m"text-[0.8125rem] font-semibold"[39m
                [33mstyle[39m=[32m"color: var(--muted);"[39m
              [36m>[39m
                [0mTuesday 6 October[0m
              [36m</p>[39m
              [36m<h1[39m
                [33mclass[39m=[32m"text-[1.375rem] font-extrabold tracking-tight leading-tight"[39m
              [36m>[39m
                [0mGood afternoon[0m
                [0m, [0m
                [0mSam[0m
              [36m</h1>[39m
            [36m</div>[39m
            [36m<div[39m
              [33mclass[39m=[32m"flex shrink-0 items-center gap-2"[39m
            [36m>[39m
              [36m<button[39m
                [33maria-label[39m=[32m"Guidance ÔÇö what matters now"[39m
                [33mclass[39m=[32m"press flex h-11 w-11 items-center justify-center rounded-full border"[39m
                [33mstyle[39m=[32m"border-color: var(--line); color: var(--muted);"[39m
              [36m>[39m
                [36m<svg[39m
                  [33maria-hidden[39m=[32m"true"[39m
                  [33mclass[39m=[32m"lucide lucide-sparkles"[39m
                  [33mfill[39m=[32m"none"[39m
                  [33mheight[39m=[32m"19"[39m
                  [33mstroke[39m=[32m"currentColor"[39m
                  [33mstroke-linecap[39m=[32m"round"[39m
                  [33mstroke-linejoin[39m=[32m"round"[39m
                  [33mstroke-width[39m=[32m"1.9"[39m
                  [33mviewBox[39m=[32m"0 0 24 24"[39m
                  [33mwidth[39m=[32m"19"[39m
                  [33mxmlns[39m=[32m"http://www.w3.org/2000/svg"[39m
                [36m>[39m
                  [36m<path[39m
                    [33md[39m=[32m"M11.017 2.814a1 1 0 0 1 1.966 0l1.051 5.558a2 2 0 0 0 1.594 1.594l5.558 1.051a1 
1 0 0 1 0 1.966l-5.558 1.051a2 2 0 0 0-1.594 1.594l-1.051 5.558a1 1 0 0 1-1.966 0l-1.051-5.558a2 2 0 0 
0-1.594-1.594l-5.558-1.051a1 1 0 0 1 0-1.966l5.558-1.051a2 2 0 0 0 1.594-1.594z"[39m
                  [36m/>[39m
                  [36m<path[39m
                    [33md[39m=[32m"M20 2v4"[39m
                  [36m/>[39m
                  [36m<path[39m
                    [33md[39m=[32m"M22 4h-4"[39m
                  [36m/>[39m
                  [36m<circle[39m
                    [33mcx[39m=[32m"4"[39m
                    [33mcy[39m=[32m"20"[39m
                    [33mr[39m=[32m"2"[39m
                  [36m/>[39m
                [36m</svg>[39m
              [36m</button>[39m
              [36m<button[39m
                [33maria-label[39m=[32m"You ÔÇö profile and settings, 6 setup steps left"[39m
                [33mclass[39m=[32m"press relative flex h-11 w-11 items-center justify-center rounded-full text-lg 
font-extrabold"[39m
                [33mstyle[39m=[32m"background: var(--accent); color: var(--on-accent);"[39m
              [36m>[39m
                [0mS[0m
                [36m<span[39m
                  [33mclass[39m=[32m"absolute -top-0.5 -right-0.5 h-3 w-3 rounded-full border-2"[39m
                  [33mstyle[39m=[32m"background: var(--accent-deep); border-color: var(--bg);"[39m
                [36m/>[39m
              [36m</button>[39m
            [36m</div>[39m
          [36m</div>[39m
        [36m</header>[39m
        [36m<main[39m
          [33mclass[39m=[32m"app-main pb-44"[39m
          [33mid[39m=[32m"main"[39m
          [33mtabindex[39m=[32m"-1"[39m
        [36m>[39m
          [36m<div[39m
            [33mclass[39m=[32m"pb-6 space-y-6"[39m
          [36m>[39m
            [36m<section[39m
              [33maria-label[39m=[32m"Next action"[39m
              [33mclass[39m=[32m"px-5"[39m
            [36m>[39m
              [36m<div[39m
                [33mclass[39m=[32m"card p-4"[39m
              [36m>[39m
                [36m<div[39m
                  [33mclass[39m=[32m"flex items-start gap-3"[39m
                [36m>[39m
                  [36m<span[39m
                    [33mclass[39m=[32m"flex h-10 w-10 shrink-0 items-center justify-center rounded-2xl"[39m
                    [33mstyle[39m=[32m"background: var(--accent-soft);"[39m
                  [36m>[39m
                    [36m<svg[39m
                      [33maria-hidden[39m=[32m"true"[39m
                      [33mclass[39m=[32m"lucide lucide-utensils"[39m
                      [33mfill[39m=[32m"none"[39m
                      [33mheight[39m=[32m"18"[39m
                      [33mstroke[39m=[32m"currentColor"[39m
                      [33mstroke-linecap[39m=[32m"round"[39m
                      [33mstroke-linejoin[39m=[32m"round"[39m
                      [33mstroke-width[39m=[32m"1.8"[39m
                      [33mviewBox[39m=[32m"0 0 24 24"[39m
                      [33mwidth[39m=[32m"18"[39m
                      [33mxmlns[39m=[32m"http://www.w3.org/2000/svg"[39m
                    [36m>[39m
                      [36m<path[39m
                        [33md[39m=[32m"M3 2v7c0 1.1.9 2 2 2h4a2 2 0 0 0 2-2V2"[39m
                      [36m/>[39m
                      [36m<path[39m
                        [33md[39m=[32m"M7 2v20"[39m
                      [36m/>[39m
                      [36m<path[39m
                        [33md[39m=[32m"M21 15V2a5 5 0 0 0-5 5v6c0 1.1.9 2 2 2h3Zm0 0v7"[39m
                      [36m/>[39m
                    [36m</svg>[39m
                  [36m</span>[39m
                  [36m<div[39m
                    [33mclass[39m=[32m"min-w-0 flex-1"[39m
                  [36m>[39m
                    [36m<p[39m
                      [33mclass[39m=[32m"text-[0.75rem] font-bold uppercase tracking-wide"[39m
                      [33mstyle[39m=[32m"color: var(--faint);"[39m
                    [36m>[39m
                      [0mNext[0m
                    [36m</p>[39m
                    [36m<p[39m
                      [33mcl...
 ÔØ» Object.getElementError node_modules/@testing-library/dom/dist/config.js:37:19
 ÔØ» node_modules/@testing-library/dom/dist/query-helpers.js:76:38
 ÔØ» node_modules/@testing-library/dom/dist/query-helpers.js:52:17
 ÔØ» node_modules/@testing-library/dom/dist/query-helpers.js:95:19
 ÔØ» openReminders tests/reminder-flows.test.jsx:22:26
     20| const openReminders = () => {
     21|   openProfile();
     22|   const section = screen.getByText('Health & training').closest('sectiÔÇª
       |                          ^
     23|   fireEvent.click(within(section).getByText('Reminders'));
     24|   return dialogFor('Reminders');
 ÔØ» tests/reminder-flows.test.jsx:61:19

ÔÄ»ÔÄ»ÔÄ»ÔÄ»ÔÄ»ÔÄ»ÔÄ»ÔÄ»ÔÄ»ÔÄ»ÔÄ»ÔÄ»ÔÄ»ÔÄ»ÔÄ»ÔÄ»ÔÄ»ÔÄ»ÔÄ»ÔÄ»ÔÄ»ÔÄ»[28/39]ÔÄ»

 FAIL  tests/reminder-flows.test.jsx > reminders start empty > offers the calendar as the path that works with the app 
shut
TestingLibraryElementError: Unable to find an element with the text: Health & training. This could be because the text 
is broken up by multiple elements. In this case, you can provide a function for your text matcher to make your matcher 
more flexible.

Ignored nodes: comments, script, style
[36m<body[39m
  [33mstyle[39m=[32m""[39m
[36m>[39m
  [36m<div>[39m
    [36m<div[39m
      [33mclass[39m=[32m"app-shell min-h-screen"[39m
      [33mstyle[39m=[32m"background: var(--bg);"[39m
    [36m>[39m
      [36m<div[39m
        [33mclass[39m=[32m"app-workspace"[39m
      [36m>[39m
        [36m<header[39m
          [33mclass[39m=[32m"app-header px-5 pt-12 pb-3"[39m
        [36m>[39m
          [36m<a[39m
            [33mclass[39m=[32m"skip-link"[39m
            [33mhref[39m=[32m"#main"[39m
          [36m>[39m
            [0mSkip to content[0m
          [36m</a>[39m
          [36m<div[39m
            [33mclass[39m=[32m"flex items-start justify-between gap-3"[39m
          [36m>[39m
            [36m<div[39m
              [33mclass[39m=[32m"min-w-0"[39m
            [36m>[39m
              [36m<p[39m
                [33mclass[39m=[32m"text-[0.8125rem] font-semibold"[39m
                [33mstyle[39m=[32m"color: var(--muted);"[39m
              [36m>[39m
                [0mTuesday 6 October[0m
              [36m</p>[39m
              [36m<h1[39m
                [33mclass[39m=[32m"text-[1.375rem] font-extrabold tracking-tight leading-tight"[39m
              [36m>[39m
                [0mGood afternoon[0m
                [0m, [0m
                [0mSam[0m
              [36m</h1>[39m
            [36m</div>[39m
            [36m<div[39m
              [33mclass[39m=[32m"flex shrink-0 items-center gap-2"[39m
            [36m>[39m
              [36m<button[39m
                [33maria-label[39m=[32m"Guidance ÔÇö what matters now"[39m
                [33mclass[39m=[32m"press flex h-11 w-11 items-center justify-center rounded-full border"[39m
                [33mstyle[39m=[32m"border-color: var(--line); color: var(--muted);"[39m
              [36m>[39m
                [36m<svg[39m
                  [33maria-hidden[39m=[32m"true"[39m
                  [33mclass[39m=[32m"lucide lucide-sparkles"[39m
                  [33mfill[39m=[32m"none"[39m
                  [33mheight[39m=[32m"19"[39m
                  [33mstroke[39m=[32m"currentColor"[39m
                  [33mstroke-linecap[39m=[32m"round"[39m
                  [33mstroke-linejoin[39m=[32m"round"[39m
                  [33mstroke-width[39m=[32m"1.9"[39m
                  [33mviewBox[39m=[32m"0 0 24 24"[39m
                  [33mwidth[39m=[32m"19"[39m
                  [33mxmlns[39m=[32m"http://www.w3.org/2000/svg"[39m
                [36m>[39m
                  [36m<path[39m
                    [33md[39m=[32m"M11.017 2.814a1 1 0 0 1 1.966 0l1.051 5.558a2 2 0 0 0 1.594 1.594l5.558 1.051a1 
1 0 0 1 0 1.966l-5.558 1.051a2 2 0 0 0-1.594 1.594l-1.051 5.558a1 1 0 0 1-1.966 0l-1.051-5.558a2 2 0 0 
0-1.594-1.594l-5.558-1.051a1 1 0 0 1 0-1.966l5.558-1.051a2 2 0 0 0 1.594-1.594z"[39m
                  [36m/>[39m
                  [36m<path[39m
                    [33md[39m=[32m"M20 2v4"[39m
                  [36m/>[39m
                  [36m<path[39m
                    [33md[39m=[32m"M22 4h-4"[39m
                  [36m/>[39m
                  [36m<circle[39m
                    [33mcx[39m=[32m"4"[39m
                    [33mcy[39m=[32m"20"[39m
                    [33mr[39m=[32m"2"[39m
                  [36m/>[39m
                [36m</svg>[39m
              [36m</button>[39m
              [36m<button[39m
                [33maria-label[39m=[32m"You ÔÇö profile and settings, 6 setup steps left"[39m
                [33mclass[39m=[32m"press relative flex h-11 w-11 items-center justify-center rounded-full text-lg 
font-extrabold"[39m
                [33mstyle[39m=[32m"background: var(--accent); color: var(--on-accent);"[39m
              [36m>[39m
                [0mS[0m
                [36m<span[39m
                  [33mclass[39m=[32m"absolute -top-0.5 -right-0.5 h-3 w-3 rounded-full border-2"[39m
                  [33mstyle[39m=[32m"background: var(--accent-deep); border-color: var(--bg);"[39m
                [36m/>[39m
              [36m</button>[39m
            [36m</div>[39m
          [36m</div>[39m
        [36m</header>[39m
        [36m<main[39m
          [33mclass[39m=[32m"app-main pb-44"[39m
          [33mid[39m=[32m"main"[39m
          [33mtabindex[39m=[32m"-1"[39m
        [36m>[39m
          [36m<div[39m
            [33mclass[39m=[32m"pb-6 space-y-6"[39m
          [36m>[39m
            [36m<section[39m
              [33maria-label[39m=[32m"Next action"[39m
              [33mclass[39m=[32m"px-5"[39m
            [36m>[39m
              [36m<div[39m
                [33mclass[39m=[32m"card p-4"[39m
              [36m>[39m
                [36m<div[39m
                  [33mclass[39m=[32m"flex items-start gap-3"[39m
                [36m>[39m
                  [36m<span[39m
                    [33mclass[39m=[32m"flex h-10 w-10 shrink-0 items-center justify-center rounded-2xl"[39m
                    [33mstyle[39m=[32m"background: var(--accent-soft);"[39m
                  [36m>[39m
                    [36m<svg[39m
                      [33maria-hidden[39m=[32m"true"[39m
                      [33mclass[39m=[32m"lucide lucide-utensils"[39m
                      [33mfill[39m=[32m"none"[39m
                      [33mheight[39m=[32m"18"[39m
                      [33mstroke[39m=[32m"currentColor"[39m
                      [33mstroke-linecap[39m=[32m"round"[39m
                      [33mstroke-linejoin[39m=[32m"round"[39m
                      [33mstroke-width[39m=[32m"1.8"[39m
                      [33mviewBox[39m=[32m"0 0 24 24"[39m
                      [33mwidth[39m=[32m"18"[39m
                      [33mxmlns[39m=[32m"http://www.w3.org/2000/svg"[39m
                    [36m>[39m
                      [36m<path[39m
                        [33md[39m=[32m"M3 2v7c0 1.1.9 2 2 2h4a2 2 0 0 0 2-2V2"[39m
                      [36m/>[39m
                      [36m<path[39m
                        [33md[39m=[32m"M7 2v20"[39m
                      [36m/>[39m
                      [36m<path[39m
                        [33md[39m=[32m"M21 15V2a5 5 0 0 0-5 5v6c0 1.1.9 2 2 2h3Zm0 0v7"[39m
                      [36m/>[39m
                    [36m</svg>[39m
                  [36m</span>[39m
                  [36m<div[39m
                    [33mclass[39m=[32m"min-w-0 flex-1"[39m
                  [36m>[39m
                    [36m<p[39m
                      [33mclass[39m=[32m"text-[0.75rem] font-bold uppercase tracking-wide"[39m
                      [33mstyle[39m=[32m"color: var(--faint);"[39m
                    [36m>[39m
                      [0mNext[0m
                    [36m</p>[39m
                    [36m<p[39m
                      [33mcl...
 ÔØ» Object.getElementError node_modules/@testing-library/dom/dist/config.js:37:19
 ÔØ» node_modules/@testing-library/dom/dist/query-helpers.js:76:38
 ÔØ» node_modules/@testing-library/dom/dist/query-helpers.js:52:17
 ÔØ» node_modules/@testing-library/dom/dist/query-helpers.js:95:19
 ÔØ» openReminders tests/reminder-flows.test.jsx:22:26
     20| const openReminders = () => {
     21|   openProfile();
     22|   const section = screen.getByText('Health & training').closest('sectiÔÇª
       |                          ^
     23|   fireEvent.click(within(section).getByText('Reminders'));
     24|   return dialogFor('Reminders');
 ÔØ» tests/reminder-flows.test.jsx:70:19

ÔÄ»ÔÄ»ÔÄ»ÔÄ»ÔÄ»ÔÄ»ÔÄ»ÔÄ»ÔÄ»ÔÄ»ÔÄ»ÔÄ»ÔÄ»ÔÄ»ÔÄ»ÔÄ»ÔÄ»ÔÄ»ÔÄ»ÔÄ»ÔÄ»ÔÄ»[29/39]ÔÄ»

 FAIL  tests/reminder-flows.test.jsx > reminders start empty > offers all nine notification presets and installs them 
in one tap
TestingLibraryElementError: Unable to find an element with the text: Health & training. This could be because the text 
is broken up by multiple elements. In this case, you can provide a function for your text matcher to make your matcher 
more flexible.

Ignored nodes: comments, script, style
[36m<body[39m
  [33mstyle[39m=[32m""[39m
[36m>[39m
  [36m<div>[39m
    [36m<div[39m
      [33mclass[39m=[32m"app-shell min-h-screen"[39m
      [33mstyle[39m=[32m"background: var(--bg);"[39m
    [36m>[39m
      [36m<div[39m
        [33mclass[39m=[32m"app-workspace"[39m
      [36m>[39m
        [36m<header[39m
          [33mclass[39m=[32m"app-header px-5 pt-12 pb-3"[39m
        [36m>[39m
          [36m<a[39m
            [33mclass[39m=[32m"skip-link"[39m
            [33mhref[39m=[32m"#main"[39m
          [36m>[39m
            [0mSkip to content[0m
          [36m</a>[39m
          [36m<div[39m
            [33mclass[39m=[32m"flex items-start justify-between gap-3"[39m
          [36m>[39m
            [36m<div[39m
              [33mclass[39m=[32m"min-w-0"[39m
            [36m>[39m
              [36m<p[39m
                [33mclass[39m=[32m"text-[0.8125rem] font-semibold"[39m
                [33mstyle[39m=[32m"color: var(--muted);"[39m
              [36m>[39m
                [0mTuesday 6 October[0m
              [36m</p>[39m
              [36m<h1[39m
                [33mclass[39m=[32m"text-[1.375rem] font-extrabold tracking-tight leading-tight"[39m
              [36m>[39m
                [0mGood afternoon[0m
                [0m, [0m
                [0mSam[0m
              [36m</h1>[39m
            [36m</div>[39m
            [36m<div[39m
              [33mclass[39m=[32m"flex shrink-0 items-center gap-2"[39m
            [36m>[39m
              [36m<button[39m
                [33maria-label[39m=[32m"Guidance ÔÇö what matters now"[39m
                [33mclass[39m=[32m"press flex h-11 w-11 items-center justify-center rounded-full border"[39m
                [33mstyle[39m=[32m"border-color: var(--line); color: var(--muted);"[39m
              [36m>[39m
                [36m<svg[39m
                  [33maria-hidden[39m=[32m"true"[39m
                  [33mclass[39m=[32m"lucide lucide-sparkles"[39m
                  [33mfill[39m=[32m"none"[39m
                  [33mheight[39m=[32m"19"[39m
                  [33mstroke[39m=[32m"currentColor"[39m
                  [33mstroke-linecap[39m=[32m"round"[39m
                  [33mstroke-linejoin[39m=[32m"round"[39m
                  [33mstroke-width[39m=[32m"1.9"[39m
                  [33mviewBox[39m=[32m"0 0 24 24"[39m
                  [33mwidth[39m=[32m"19"[39m
                  [33mxmlns[39m=[32m"http://www.w3.org/2000/svg"[39m
                [36m>[39m
                  [36m<path[39m
                    [33md[39m=[32m"M11.017 2.814a1 1 0 0 1 1.966 0l1.051 5.558a2 2 0 0 0 1.594 1.594l5.558 1.051a1 
1 0 0 1 0 1.966l-5.558 1.051a2 2 0 0 0-1.594 1.594l-1.051 5.558a1 1 0 0 1-1.966 0l-1.051-5.558a2 2 0 0 
0-1.594-1.594l-5.558-1.051a1 1 0 0 1 0-1.966l5.558-1.051a2 2 0 0 0 1.594-1.594z"[39m
                  [36m/>[39m
                  [36m<path[39m
                    [33md[39m=[32m"M20 2v4"[39m
                  [36m/>[39m
                  [36m<path[39m
                    [33md[39m=[32m"M22 4h-4"[39m
                  [36m/>[39m
                  [36m<circle[39m
                    [33mcx[39m=[32m"4"[39m
                    [33mcy[39m=[32m"20"[39m
                    [33mr[39m=[32m"2"[39m
                  [36m/>[39m
                [36m</svg>[39m
              [36m</button>[39m
              [36m<button[39m
                [33maria-label[39m=[32m"You ÔÇö profile and settings, 6 setup steps left"[39m
                [33mclass[39m=[32m"press relative flex h-11 w-11 items-center justify-center rounded-full text-lg 
font-extrabold"[39m
                [33mstyle[39m=[32m"background: var(--accent); color: var(--on-accent);"[39m
              [36m>[39m
                [0mS[0m
                [36m<span[39m
                  [33mclass[39m=[32m"absolute -top-0.5 -right-0.5 h-3 w-3 rounded-full border-2"[39m
                  [33mstyle[39m=[32m"background: var(--accent-deep); border-color: var(--bg);"[39m
                [36m/>[39m
              [36m</button>[39m
            [36m</div>[39m
          [36m</div>[39m
        [36m</header>[39m
        [36m<main[39m
          [33mclass[39m=[32m"app-main pb-44"[39m
          [33mid[39m=[32m"main"[39m
          [33mtabindex[39m=[32m"-1"[39m
        [36m>[39m
          [36m<div[39m
            [33mclass[39m=[32m"pb-6 space-y-6"[39m
          [36m>[39m
            [36m<section[39m
              [33maria-label[39m=[32m"Next action"[39m
              [33mclass[39m=[32m"px-5"[39m
            [36m>[39m
              [36m<div[39m
                [33mclass[39m=[32m"card p-4"[39m
              [36m>[39m
                [36m<div[39m
                  [33mclass[39m=[32m"flex items-start gap-3"[39m
                [36m>[39m
                  [36m<span[39m
                    [33mclass[39m=[32m"flex h-10 w-10 shrink-0 items-center justify-center rounded-2xl"[39m
                    [33mstyle[39m=[32m"background: var(--accent-soft);"[39m
                  [36m>[39m
                    [36m<svg[39m
                      [33maria-hidden[39m=[32m"true"[39m
                      [33mclass[39m=[32m"lucide lucide-utensils"[39m
                      [33mfill[39m=[32m"none"[39m
                      [33mheight[39m=[32m"18"[39m
                      [33mstroke[39m=[32m"currentColor"[39m
                      [33mstroke-linecap[39m=[32m"round"[39m
                      [33mstroke-linejoin[39m=[32m"round"[39m
                      [33mstroke-width[39m=[32m"1.8"[39m
                      [33mviewBox[39m=[32m"0 0 24 24"[39m
                      [33mwidth[39m=[32m"18"[39m
                      [33mxmlns[39m=[32m"http://www.w3.org/2000/svg"[39m
                    [36m>[39m
                      [36m<path[39m
                        [33md[39m=[32m"M3 2v7c0 1.1.9 2 2 2h4a2 2 0 0 0 2-2V2"[39m
                      [36m/>[39m
                      [36m<path[39m
                        [33md[39m=[32m"M7 2v20"[39m
                      [36m/>[39m
                      [36m<path[39m
                        [33md[39m=[32m"M21 15V2a5 5 0 0 0-5 5v6c0 1.1.9 2 2 2h3Zm0 0v7"[39m
                      [36m/>[39m
                    [36m</svg>[39m
                  [36m</span>[39m
                  [36m<div[39m
                    [33mclass[39m=[32m"min-w-0 flex-1"[39m
                  [36m>[39m
                    [36m<p[39m
                      [33mclass[39m=[32m"text-[0.75rem] font-bold uppercase tracking-wide"[39m
                      [33mstyle[39m=[32m"color: var(--faint);"[39m
                    [36m>[39m
                      [0mNext[0m
                    [36m</p>[39m
                    [36m<p[39m
                      [33mcl...
 ÔØ» Object.getElementError node_modules/@testing-library/dom/dist/config.js:37:19
 ÔØ» node_modules/@testing-library/dom/dist/query-helpers.js:76:38
 ÔØ» node_modules/@testing-library/dom/dist/query-helpers.js:52:17
 ÔØ» node_modules/@testing-library/dom/dist/query-helpers.js:95:19
 ÔØ» openReminders tests/reminder-flows.test.jsx:22:26
     20| const openReminders = () => {
     21|   openProfile();
     22|   const section = screen.getByText('Health & training').closest('sectiÔÇª
       |                          ^
     23|   fireEvent.click(within(section).getByText('Reminders'));
     24|   return dialogFor('Reminders');
 ÔØ» tests/reminder-flows.test.jsx:77:19

ÔÄ»ÔÄ»ÔÄ»ÔÄ»ÔÄ»ÔÄ»ÔÄ»ÔÄ»ÔÄ»ÔÄ»ÔÄ»ÔÄ»ÔÄ»ÔÄ»ÔÄ»ÔÄ»ÔÄ»ÔÄ»ÔÄ»ÔÄ»ÔÄ»ÔÄ»[30/39]ÔÄ»

 FAIL  tests/reminder-flows.test.jsx > making one > keeps it, with its schedule and when it next goes off
TestingLibraryElementError: Unable to find an element with the text: Health & training. This could be because the text 
is broken up by multiple elements. In this case, you can provide a function for your text matcher to make your matcher 
more flexible.

Ignored nodes: comments, script, style
[36m<body[39m
  [33mstyle[39m=[32m""[39m
[36m>[39m
  [36m<div>[39m
    [36m<div[39m
      [33mclass[39m=[32m"app-shell min-h-screen"[39m
      [33mstyle[39m=[32m"background: var(--bg);"[39m
    [36m>[39m
      [36m<div[39m
        [33mclass[39m=[32m"app-workspace"[39m
      [36m>[39m
        [36m<header[39m
          [33mclass[39m=[32m"app-header px-5 pt-12 pb-3"[39m
        [36m>[39m
          [36m<a[39m
            [33mclass[39m=[32m"skip-link"[39m
            [33mhref[39m=[32m"#main"[39m
          [36m>[39m
            [0mSkip to content[0m
          [36m</a>[39m
          [36m<div[39m
            [33mclass[39m=[32m"flex items-start justify-between gap-3"[39m
          [36m>[39m
            [36m<div[39m
              [33mclass[39m=[32m"min-w-0"[39m
            [36m>[39m
              [36m<p[39m
                [33mclass[39m=[32m"text-[0.8125rem] font-semibold"[39m
                [33mstyle[39m=[32m"color: var(--muted);"[39m
              [36m>[39m
                [0mTuesday 6 October[0m
              [36m</p>[39m
              [36m<h1[39m
                [33mclass[39m=[32m"text-[1.375rem] font-extrabold tracking-tight leading-tight"[39m
              [36m>[39m
                [0mGood afternoon[0m
                [0m, [0m
                [0mSam[0m
              [36m</h1>[39m
            [36m</div>[39m
            [36m<div[39m
              [33mclass[39m=[32m"flex shrink-0 items-center gap-2"[39m
            [36m>[39m
              [36m<button[39m
                [33maria-label[39m=[32m"Guidance ÔÇö what matters now"[39m
                [33mclass[39m=[32m"press flex h-11 w-11 items-center justify-center rounded-full border"[39m
                [33mstyle[39m=[32m"border-color: var(--line); color: var(--muted);"[39m
              [36m>[39m
                [36m<svg[39m
                  [33maria-hidden[39m=[32m"true"[39m
                  [33mclass[39m=[32m"lucide lucide-sparkles"[39m
                  [33mfill[39m=[32m"none"[39m
                  [33mheight[39m=[32m"19"[39m
                  [33mstroke[39m=[32m"currentColor"[39m
                  [33mstroke-linecap[39m=[32m"round"[39m
                  [33mstroke-linejoin[39m=[32m"round"[39m
                  [33mstroke-width[39m=[32m"1.9"[39m
                  [33mviewBox[39m=[32m"0 0 24 24"[39m
                  [33mwidth[39m=[32m"19"[39m
                  [33mxmlns[39m=[32m"http://www.w3.org/2000/svg"[39m
                [36m>[39m
                  [36m<path[39m
                    [33md[39m=[32m"M11.017 2.814a1 1 0 0 1 1.966 0l1.051 5.558a2 2 0 0 0 1.594 1.594l5.558 1.051a1 
1 0 0 1 0 1.966l-5.558 1.051a2 2 0 0 0-1.594 1.594l-1.051 5.558a1 1 0 0 1-1.966 0l-1.051-5.558a2 2 0 0 
0-1.594-1.594l-5.558-1.051a1 1 0 0 1 0-1.966l5.558-1.051a2 2 0 0 0 1.594-1.594z"[39m
                  [36m/>[39m
                  [36m<path[39m
                    [33md[39m=[32m"M20 2v4"[39m
                  [36m/>[39m
                  [36m<path[39m
                    [33md[39m=[32m"M22 4h-4"[39m
                  [36m/>[39m
                  [36m<circle[39m
                    [33mcx[39m=[32m"4"[39m
                    [33mcy[39m=[32m"20"[39m
                    [33mr[39m=[32m"2"[39m
                  [36m/>[39m
                [36m</svg>[39m
              [36m</button>[39m
              [36m<button[39m
                [33maria-label[39m=[32m"You ÔÇö profile and settings, 6 setup steps left"[39m
                [33mclass[39m=[32m"press relative flex h-11 w-11 items-center justify-center rounded-full text-lg 
font-extrabold"[39m
                [33mstyle[39m=[32m"background: var(--accent); color: var(--on-accent);"[39m
              [36m>[39m
                [0mS[0m
                [36m<span[39m
                  [33mclass[39m=[32m"absolute -top-0.5 -right-0.5 h-3 w-3 rounded-full border-2"[39m
                  [33mstyle[39m=[32m"background: var(--accent-deep); border-color: var(--bg);"[39m
                [36m/>[39m
              [36m</button>[39m
            [36m</div>[39m
          [36m</div>[39m
        [36m</header>[39m
        [36m<main[39m
          [33mclass[39m=[32m"app-main pb-44"[39m
          [33mid[39m=[32m"main"[39m
          [33mtabindex[39m=[32m"-1"[39m
        [36m>[39m
          [36m<div[39m
            [33mclass[39m=[32m"pb-6 space-y-6"[39m
          [36m>[39m
            [36m<section[39m
              [33maria-label[39m=[32m"Next action"[39m
              [33mclass[39m=[32m"px-5"[39m
            [36m>[39m
              [36m<div[39m
                [33mclass[39m=[32m"card p-4"[39m
              [36m>[39m
                [36m<div[39m
                  [33mclass[39m=[32m"flex items-start gap-3"[39m
                [36m>[39m
                  [36m<span[39m
                    [33mclass[39m=[32m"flex h-10 w-10 shrink-0 items-center justify-center rounded-2xl"[39m
                    [33mstyle[39m=[32m"background: var(--accent-soft);"[39m
                  [36m>[39m
                    [36m<svg[39m
                      [33maria-hidden[39m=[32m"true"[39m
                      [33mclass[39m=[32m"lucide lucide-utensils"[39m
                      [33mfill[39m=[32m"none"[39m
                      [33mheight[39m=[32m"18"[39m
                      [33mstroke[39m=[32m"currentColor"[39m
                      [33mstroke-linecap[39m=[32m"round"[39m
                      [33mstroke-linejoin[39m=[32m"round"[39m
                      [33mstroke-width[39m=[32m"1.8"[39m
                      [33mviewBox[39m=[32m"0 0 24 24"[39m
                      [33mwidth[39m=[32m"18"[39m
                      [33mxmlns[39m=[32m"http://www.w3.org/2000/svg"[39m
                    [36m>[39m
                      [36m<path[39m
                        [33md[39m=[32m"M3 2v7c0 1.1.9 2 2 2h4a2 2 0 0 0 2-2V2"[39m
                      [36m/>[39m
                      [36m<path[39m
                        [33md[39m=[32m"M7 2v20"[39m
                      [36m/>[39m
                      [36m<path[39m
                        [33md[39m=[32m"M21 15V2a5 5 0 0 0-5 5v6c0 1.1.9 2 2 2h3Zm0 0v7"[39m
                      [36m/>[39m
                    [36m</svg>[39m
                  [36m</span>[39m
                  [36m<div[39m
                    [33mclass[39m=[32m"min-w-0 flex-1"[39m
                  [36m>[39m
                    [36m<p[39m
                      [33mclass[39m=[32m"text-[0.75rem] font-bold uppercase tracking-wide"[39m
                      [33mstyle[39m=[32m"color: var(--faint);"[39m
                    [36m>[39m
                      [0mNext[0m
                    [36m</p>[39m
                    [36m<p[39m
                      [33mcl...
 ÔØ» Object.getElementError node_modules/@testing-library/dom/dist/config.js:37:19
 ÔØ» node_modules/@testing-library/dom/dist/query-helpers.js:76:38
 ÔØ» node_modules/@testing-library/dom/dist/query-helpers.js:52:17
 ÔØ» node_modules/@testing-library/dom/dist/query-helpers.js:95:19
 ÔØ» openReminders tests/reminder-flows.test.jsx:22:26
     20| const openReminders = () => {
     21|   openProfile();
     22|   const section = screen.getByText('Health & training').closest('sectiÔÇª
       |                          ^
     23|   fireEvent.click(within(section).getByText('Reminders'));
     24|   return dialogFor('Reminders');
 ÔØ» tests/reminder-flows.test.jsx:96:19

ÔÄ»ÔÄ»ÔÄ»ÔÄ»ÔÄ»ÔÄ»ÔÄ»ÔÄ»ÔÄ»ÔÄ»ÔÄ»ÔÄ»ÔÄ»ÔÄ»ÔÄ»ÔÄ»ÔÄ»ÔÄ»ÔÄ»ÔÄ»ÔÄ»ÔÄ»[31/39]ÔÄ»

 FAIL  tests/reminder-flows.test.jsx > making one > refuses one that could never go off, and says which part is missing
TestingLibraryElementError: Unable to find an element with the text: Health & training. This could be because the text 
is broken up by multiple elements. In this case, you can provide a function for your text matcher to make your matcher 
more flexible.

Ignored nodes: comments, script, style
[36m<body[39m
  [33mstyle[39m=[32m""[39m
[36m>[39m
  [36m<div>[39m
    [36m<div[39m
      [33mclass[39m=[32m"app-shell min-h-screen"[39m
      [33mstyle[39m=[32m"background: var(--bg);"[39m
    [36m>[39m
      [36m<div[39m
        [33mclass[39m=[32m"app-workspace"[39m
      [36m>[39m
        [36m<header[39m
          [33mclass[39m=[32m"app-header px-5 pt-12 pb-3"[39m
        [36m>[39m
          [36m<a[39m
            [33mclass[39m=[32m"skip-link"[39m
            [33mhref[39m=[32m"#main"[39m
          [36m>[39m
            [0mSkip to content[0m
          [36m</a>[39m
          [36m<div[39m
            [33mclass[39m=[32m"flex items-start justify-between gap-3"[39m
          [36m>[39m
            [36m<div[39m
              [33mclass[39m=[32m"min-w-0"[39m
            [36m>[39m
              [36m<p[39m
                [33mclass[39m=[32m"text-[0.8125rem] font-semibold"[39m
                [33mstyle[39m=[32m"color: var(--muted);"[39m
              [36m>[39m
                [0mTuesday 6 October[0m
              [36m</p>[39m
              [36m<h1[39m
                [33mclass[39m=[32m"text-[1.375rem] font-extrabold tracking-tight leading-tight"[39m
              [36m>[39m
                [0mGood afternoon[0m
                [0m, [0m
                [0mSam[0m
              [36m</h1>[39m
            [36m</div>[39m
            [36m<div[39m
              [33mclass[39m=[32m"flex shrink-0 items-center gap-2"[39m
            [36m>[39m
              [36m<button[39m
                [33maria-label[39m=[32m"Guidance ÔÇö what matters now"[39m
                [33mclass[39m=[32m"press flex h-11 w-11 items-center justify-center rounded-full border"[39m
                [33mstyle[39m=[32m"border-color: var(--line); color: var(--muted);"[39m
              [36m>[39m
                [36m<svg[39m
                  [33maria-hidden[39m=[32m"true"[39m
                  [33mclass[39m=[32m"lucide lucide-sparkles"[39m
                  [33mfill[39m=[32m"none"[39m
                  [33mheight[39m=[32m"19"[39m
                  [33mstroke[39m=[32m"currentColor"[39m
                  [33mstroke-linecap[39m=[32m"round"[39m
                  [33mstroke-linejoin[39m=[32m"round"[39m
                  [33mstroke-width[39m=[32m"1.9"[39m
                  [33mviewBox[39m=[32m"0 0 24 24"[39m
                  [33mwidth[39m=[32m"19"[39m
                  [33mxmlns[39m=[32m"http://www.w3.org/2000/svg"[39m
                [36m>[39m
                  [36m<path[39m
                    [33md[39m=[32m"M11.017 2.814a1 1 0 0 1 1.966 0l1.051 5.558a2 2 0 0 0 1.594 1.594l5.558 1.051a1 
1 0 0 1 0 1.966l-5.558 1.051a2 2 0 0 0-1.594 1.594l-1.051 5.558a1 1 0 0 1-1.966 0l-1.051-5.558a2 2 0 0 
0-1.594-1.594l-5.558-1.051a1 1 0 0 1 0-1.966l5.558-1.051a2 2 0 0 0 1.594-1.594z"[39m
                  [36m/>[39m
                  [36m<path[39m
                    [33md[39m=[32m"M20 2v4"[39m
                  [36m/>[39m
                  [36m<path[39m
                    [33md[39m=[32m"M22 4h-4"[39m
                  [36m/>[39m
                  [36m<circle[39m
                    [33mcx[39m=[32m"4"[39m
                    [33mcy[39m=[32m"20"[39m
                    [33mr[39m=[32m"2"[39m
                  [36m/>[39m
                [36m</svg>[39m
              [36m</button>[39m
              [36m<button[39m
                [33maria-label[39m=[32m"You ÔÇö profile and settings, 6 setup steps left"[39m
                [33mclass[39m=[32m"press relative flex h-11 w-11 items-center justify-center rounded-full text-lg 
font-extrabold"[39m
                [33mstyle[39m=[32m"background: var(--accent); color: var(--on-accent);"[39m
              [36m>[39m
                [0mS[0m
                [36m<span[39m
                  [33mclass[39m=[32m"absolute -top-0.5 -right-0.5 h-3 w-3 rounded-full border-2"[39m
                  [33mstyle[39m=[32m"background: var(--accent-deep); border-color: var(--bg);"[39m
                [36m/>[39m
              [36m</button>[39m
            [36m</div>[39m
          [36m</div>[39m
        [36m</header>[39m
        [36m<main[39m
          [33mclass[39m=[32m"app-main pb-44"[39m
          [33mid[39m=[32m"main"[39m
          [33mtabindex[39m=[32m"-1"[39m
        [36m>[39m
          [36m<div[39m
            [33mclass[39m=[32m"pb-6 space-y-6"[39m
          [36m>[39m
            [36m<section[39m
              [33maria-label[39m=[32m"Next action"[39m
              [33mclass[39m=[32m"px-5"[39m
            [36m>[39m
              [36m<div[39m
                [33mclass[39m=[32m"card p-4"[39m
              [36m>[39m
                [36m<div[39m
                  [33mclass[39m=[32m"flex items-start gap-3"[39m
                [36m>[39m
                  [36m<span[39m
                    [33mclass[39m=[32m"flex h-10 w-10 shrink-0 items-center justify-center rounded-2xl"[39m
                    [33mstyle[39m=[32m"background: var(--accent-soft);"[39m
                  [36m>[39m
                    [36m<svg[39m
                      [33maria-hidden[39m=[32m"true"[39m
                      [33mclass[39m=[32m"lucide lucide-utensils"[39m
                      [33mfill[39m=[32m"none"[39m
                      [33mheight[39m=[32m"18"[39m
                      [33mstroke[39m=[32m"currentColor"[39m
                      [33mstroke-linecap[39m=[32m"round"[39m
                      [33mstroke-linejoin[39m=[32m"round"[39m
                      [33mstroke-width[39m=[32m"1.8"[39m
                      [33mviewBox[39m=[32m"0 0 24 24"[39m
                      [33mwidth[39m=[32m"18"[39m
                      [33mxmlns[39m=[32m"http://www.w3.org/2000/svg"[39m
                    [36m>[39m
                      [36m<path[39m
                        [33md[39m=[32m"M3 2v7c0 1.1.9 2 2 2h4a2 2 0 0 0 2-2V2"[39m
                      [36m/>[39m
                      [36m<path[39m
                        [33md[39m=[32m"M7 2v20"[39m
                      [36m/>[39m
                      [36m<path[39m
                        [33md[39m=[32m"M21 15V2a5 5 0 0 0-5 5v6c0 1.1.9 2 2 2h3Zm0 0v7"[39m
                      [36m/>[39m
                    [36m</svg>[39m
                  [36m</span>[39m
                  [36m<div[39m
                    [33mclass[39m=[32m"min-w-0 flex-1"[39m
                  [36m>[39m
                    [36m<p[39m
                      [33mclass[39m=[32m"text-[0.75rem] font-bold uppercase tracking-wide"[39m
                      [33mstyle[39m=[32m"color: var(--faint);"[39m
                    [36m>[39m
                      [0mNext[0m
                    [36m</p>[39m
                    [36m<p[39m
                      [33mcl...
 ÔØ» Object.getElementError node_modules/@testing-library/dom/dist/config.js:37:19
 ÔØ» node_modules/@testing-library/dom/dist/query-helpers.js:76:38
 ÔØ» node_modules/@testing-library/dom/dist/query-helpers.js:52:17
 ÔØ» node_modules/@testing-library/dom/dist/query-helpers.js:95:19
 ÔØ» openReminders tests/reminder-flows.test.jsx:22:26
     20| const openReminders = () => {
     21|   openProfile();
     22|   const section = screen.getByText('Health & training').closest('sectiÔÇª
       |                          ^
     23|   fireEvent.click(within(section).getByText('Reminders'));
     24|   return dialogFor('Reminders');
 ÔØ» tests/reminder-flows.test.jsx:104:19

ÔÄ»ÔÄ»ÔÄ»ÔÄ»ÔÄ»ÔÄ»ÔÄ»ÔÄ»ÔÄ»ÔÄ»ÔÄ»ÔÄ»ÔÄ»ÔÄ»ÔÄ»ÔÄ»ÔÄ»ÔÄ»ÔÄ»ÔÄ»ÔÄ»ÔÄ»[32/39]ÔÄ»

 FAIL  tests/reminder-flows.test.jsx > making one > shows the line it would arrive with, drawn from your own figures
TestingLibraryElementError: Unable to find an element with the text: Health & training. This could be because the text 
is broken up by multiple elements. In this case, you can provide a function for your text matcher to make your matcher 
more flexible.

Ignored nodes: comments, script, style
[36m<body[39m
  [33mstyle[39m=[32m""[39m
[36m>[39m
  [36m<div>[39m
    [36m<div[39m
      [33mclass[39m=[32m"app-shell min-h-screen"[39m
      [33mstyle[39m=[32m"background: var(--bg);"[39m
    [36m>[39m
      [36m<div[39m
        [33mclass[39m=[32m"app-workspace"[39m
      [36m>[39m
        [36m<header[39m
          [33mclass[39m=[32m"app-header px-5 pt-12 pb-3"[39m
        [36m>[39m
          [36m<a[39m
            [33mclass[39m=[32m"skip-link"[39m
            [33mhref[39m=[32m"#main"[39m
          [36m>[39m
            [0mSkip to content[0m
          [36m</a>[39m
          [36m<div[39m
            [33mclass[39m=[32m"flex items-start justify-between gap-3"[39m
          [36m>[39m
            [36m<div[39m
              [33mclass[39m=[32m"min-w-0"[39m
            [36m>[39m
              [36m<p[39m
                [33mclass[39m=[32m"text-[0.8125rem] font-semibold"[39m
                [33mstyle[39m=[32m"color: var(--muted);"[39m
              [36m>[39m
                [0mTuesday 6 October[0m
              [36m</p>[39m
              [36m<h1[39m
                [33mclass[39m=[32m"text-[1.375rem] font-extrabold tracking-tight leading-tight"[39m
              [36m>[39m
                [0mGood afternoon[0m
                [0m, [0m
                [0mSam[0m
              [36m</h1>[39m
            [36m</div>[39m
            [36m<div[39m
              [33mclass[39m=[32m"flex shrink-0 items-center gap-2"[39m
            [36m>[39m
              [36m<button[39m
                [33maria-label[39m=[32m"Guidance ÔÇö what matters now"[39m
                [33mclass[39m=[32m"press flex h-11 w-11 items-center justify-center rounded-full border"[39m
                [33mstyle[39m=[32m"border-color: var(--line); color: var(--muted);"[39m
              [36m>[39m
                [36m<svg[39m
                  [33maria-hidden[39m=[32m"true"[39m
                  [33mclass[39m=[32m"lucide lucide-sparkles"[39m
                  [33mfill[39m=[32m"none"[39m
                  [33mheight[39m=[32m"19"[39m
                  [33mstroke[39m=[32m"currentColor"[39m
                  [33mstroke-linecap[39m=[32m"round"[39m
                  [33mstroke-linejoin[39m=[32m"round"[39m
                  [33mstroke-width[39m=[32m"1.9"[39m
                  [33mviewBox[39m=[32m"0 0 24 24"[39m
                  [33mwidth[39m=[32m"19"[39m
                  [33mxmlns[39m=[32m"http://www.w3.org/2000/svg"[39m
                [36m>[39m
                  [36m<path[39m
                    [33md[39m=[32m"M11.017 2.814a1 1 0 0 1 1.966 0l1.051 5.558a2 2 0 0 0 1.594 1.594l5.558 1.051a1 
1 0 0 1 0 1.966l-5.558 1.051a2 2 0 0 0-1.594 1.594l-1.051 5.558a1 1 0 0 1-1.966 0l-1.051-5.558a2 2 0 0 
0-1.594-1.594l-5.558-1.051a1 1 0 0 1 0-1.966l5.558-1.051a2 2 0 0 0 1.594-1.594z"[39m
                  [36m/>[39m
                  [36m<path[39m
                    [33md[39m=[32m"M20 2v4"[39m
                  [36m/>[39m
                  [36m<path[39m
                    [33md[39m=[32m"M22 4h-4"[39m
                  [36m/>[39m
                  [36m<circle[39m
                    [33mcx[39m=[32m"4"[39m
                    [33mcy[39m=[32m"20"[39m
                    [33mr[39m=[32m"2"[39m
                  [36m/>[39m
                [36m</svg>[39m
              [36m</button>[39m
              [36m<button[39m
                [33maria-label[39m=[32m"You ÔÇö profile and settings, 6 setup steps left"[39m
                [33mclass[39m=[32m"press relative flex h-11 w-11 items-center justify-center rounded-full text-lg 
font-extrabold"[39m
                [33mstyle[39m=[32m"background: var(--accent); color: var(--on-accent);"[39m
              [36m>[39m
                [0mS[0m
                [36m<span[39m
                  [33mclass[39m=[32m"absolute -top-0.5 -right-0.5 h-3 w-3 rounded-full border-2"[39m
                  [33mstyle[39m=[32m"background: var(--accent-deep); border-color: var(--bg);"[39m
                [36m/>[39m
              [36m</button>[39m
            [36m</div>[39m
          [36m</div>[39m
        [36m</header>[39m
        [36m<main[39m
          [33mclass[39m=[32m"app-main pb-44"[39m
          [33mid[39m=[32m"main"[39m
          [33mtabindex[39m=[32m"-1"[39m
        [36m>[39m
          [36m<div[39m
            [33mclass[39m=[32m"pb-6 space-y-6"[39m
          [36m>[39m
            [36m<section[39m
              [33maria-label[39m=[32m"Next action"[39m
              [33mclass[39m=[32m"px-5"[39m
            [36m>[39m
              [36m<div[39m
                [33mclass[39m=[32m"card p-4"[39m
              [36m>[39m
                [36m<div[39m
                  [33mclass[39m=[32m"flex items-start gap-3"[39m
                [36m>[39m
                  [36m<span[39m
                    [33mclass[39m=[32m"flex h-10 w-10 shrink-0 items-center justify-center rounded-2xl"[39m
                    [33mstyle[39m=[32m"background: var(--accent-soft);"[39m
                  [36m>[39m
                    [36m<svg[39m
                      [33maria-hidden[39m=[32m"true"[39m
                      [33mclass[39m=[32m"lucide lucide-utensils"[39m
                      [33mfill[39m=[32m"none"[39m
                      [33mheight[39m=[32m"18"[39m
                      [33mstroke[39m=[32m"currentColor"[39m
                      [33mstroke-linecap[39m=[32m"round"[39m
                      [33mstroke-linejoin[39m=[32m"round"[39m
                      [33mstroke-width[39m=[32m"1.8"[39m
                      [33mviewBox[39m=[32m"0 0 24 24"[39m
                      [33mwidth[39m=[32m"18"[39m
                      [33mxmlns[39m=[32m"http://www.w3.org/2000/svg"[39m
                    [36m>[39m
                      [36m<path[39m
                        [33md[39m=[32m"M3 2v7c0 1.1.9 2 2 2h4a2 2 0 0 0 2-2V2"[39m
                      [36m/>[39m
                      [36m<path[39m
                        [33md[39m=[32m"M7 2v20"[39m
                      [36m/>[39m
                      [36m<path[39m
                        [33md[39m=[32m"M21 15V2a5 5 0 0 0-5 5v6c0 1.1.9 2 2 2h3Zm0 0v7"[39m
                      [36m/>[39m
                    [36m</svg>[39m
                  [36m</span>[39m
                  [36m<div[39m
                    [33mclass[39m=[32m"min-w-0 flex-1"[39m
                  [36m>[39m
                    [36m<p[39m
                      [33mclass[39m=[32m"text-[0.75rem] font-bold uppercase tracking-wide"[39m
                      [33mstyle[39m=[32m"color: var(--faint);"[39m
                    [36m>[39m
                      [0mNext[0m
                    [36m</p>[39m
                    [36m<p[39m
                      [33mcl...
 ÔØ» Object.getElementError node_modules/@testing-library/dom/dist/config.js:37:19
 ÔØ» node_modules/@testing-library/dom/dist/query-helpers.js:76:38
 ÔØ» node_modules/@testing-library/dom/dist/query-helpers.js:52:17
 ÔØ» node_modules/@testing-library/dom/dist/query-helpers.js:95:19
 ÔØ» openReminders tests/reminder-flows.test.jsx:22:26
     20| const openReminders = () => {
     21|   openProfile();
     22|   const section = screen.getByText('Health & training').closest('sectiÔÇª
       |                          ^
     23|   fireEvent.click(within(section).getByText('Reminders'));
     24|   return dialogFor('Reminders');
 ÔØ» tests/reminder-flows.test.jsx:114:19

ÔÄ»ÔÄ»ÔÄ»ÔÄ»ÔÄ»ÔÄ»ÔÄ»ÔÄ»ÔÄ»ÔÄ»ÔÄ»ÔÄ»ÔÄ»ÔÄ»ÔÄ»ÔÄ»ÔÄ»ÔÄ»ÔÄ»ÔÄ»ÔÄ»ÔÄ»[33/39]ÔÄ»

 FAIL  tests/reminder-flows.test.jsx > making one > turns one off without losing it, and deletes it when asked
TestingLibraryElementError: Unable to find an element with the text: Health & training. This could be because the text 
is broken up by multiple elements. In this case, you can provide a function for your text matcher to make your matcher 
more flexible.

Ignored nodes: comments, script, style
[36m<body[39m
  [33mstyle[39m=[32m""[39m
[36m>[39m
  [36m<div>[39m
    [36m<div[39m
      [33mclass[39m=[32m"app-shell min-h-screen"[39m
      [33mstyle[39m=[32m"background: var(--bg);"[39m
    [36m>[39m
      [36m<div[39m
        [33mclass[39m=[32m"app-workspace"[39m
      [36m>[39m
        [36m<header[39m
          [33mclass[39m=[32m"app-header px-5 pt-12 pb-3"[39m
        [36m>[39m
          [36m<a[39m
            [33mclass[39m=[32m"skip-link"[39m
            [33mhref[39m=[32m"#main"[39m
          [36m>[39m
            [0mSkip to content[0m
          [36m</a>[39m
          [36m<div[39m
            [33mclass[39m=[32m"flex items-start justify-between gap-3"[39m
          [36m>[39m
            [36m<div[39m
              [33mclass[39m=[32m"min-w-0"[39m
            [36m>[39m
              [36m<p[39m
                [33mclass[39m=[32m"text-[0.8125rem] font-semibold"[39m
                [33mstyle[39m=[32m"color: var(--muted);"[39m
              [36m>[39m
                [0mTuesday 6 October[0m
              [36m</p>[39m
              [36m<h1[39m
                [33mclass[39m=[32m"text-[1.375rem] font-extrabold tracking-tight leading-tight"[39m
              [36m>[39m
                [0mGood afternoon[0m
                [0m, [0m
                [0mSam[0m
              [36m</h1>[39m
            [36m</div>[39m
            [36m<div[39m
              [33mclass[39m=[32m"flex shrink-0 items-center gap-2"[39m
            [36m>[39m
              [36m<button[39m
                [33maria-label[39m=[32m"Guidance ÔÇö what matters now"[39m
                [33mclass[39m=[32m"press flex h-11 w-11 items-center justify-center rounded-full border"[39m
                [33mstyle[39m=[32m"border-color: var(--line); color: var(--muted);"[39m
              [36m>[39m
                [36m<svg[39m
                  [33maria-hidden[39m=[32m"true"[39m
                  [33mclass[39m=[32m"lucide lucide-sparkles"[39m
                  [33mfill[39m=[32m"none"[39m
                  [33mheight[39m=[32m"19"[39m
                  [33mstroke[39m=[32m"currentColor"[39m
                  [33mstroke-linecap[39m=[32m"round"[39m
                  [33mstroke-linejoin[39m=[32m"round"[39m
                  [33mstroke-width[39m=[32m"1.9"[39m
                  [33mviewBox[39m=[32m"0 0 24 24"[39m
                  [33mwidth[39m=[32m"19"[39m
                  [33mxmlns[39m=[32m"http://www.w3.org/2000/svg"[39m
                [36m>[39m
                  [36m<path[39m
                    [33md[39m=[32m"M11.017 2.814a1 1 0 0 1 1.966 0l1.051 5.558a2 2 0 0 0 1.594 1.594l5.558 1.051a1 
1 0 0 1 0 1.966l-5.558 1.051a2 2 0 0 0-1.594 1.594l-1.051 5.558a1 1 0 0 1-1.966 0l-1.051-5.558a2 2 0 0 
0-1.594-1.594l-5.558-1.051a1 1 0 0 1 0-1.966l5.558-1.051a2 2 0 0 0 1.594-1.594z"[39m
                  [36m/>[39m
                  [36m<path[39m
                    [33md[39m=[32m"M20 2v4"[39m
                  [36m/>[39m
                  [36m<path[39m
                    [33md[39m=[32m"M22 4h-4"[39m
                  [36m/>[39m
                  [36m<circle[39m
                    [33mcx[39m=[32m"4"[39m
                    [33mcy[39m=[32m"20"[39m
                    [33mr[39m=[32m"2"[39m
                  [36m/>[39m
                [36m</svg>[39m
              [36m</button>[39m
              [36m<button[39m
                [33maria-label[39m=[32m"You ÔÇö profile and settings, 6 setup steps left"[39m
                [33mclass[39m=[32m"press relative flex h-11 w-11 items-center justify-center rounded-full text-lg 
font-extrabold"[39m
                [33mstyle[39m=[32m"background: var(--accent); color: var(--on-accent);"[39m
              [36m>[39m
                [0mS[0m
                [36m<span[39m
                  [33mclass[39m=[32m"absolute -top-0.5 -right-0.5 h-3 w-3 rounded-full border-2"[39m
                  [33mstyle[39m=[32m"background: var(--accent-deep); border-color: var(--bg);"[39m
                [36m/>[39m
              [36m</button>[39m
            [36m</div>[39m
          [36m</div>[39m
        [36m</header>[39m
        [36m<main[39m
          [33mclass[39m=[32m"app-main pb-44"[39m
          [33mid[39m=[32m"main"[39m
          [33mtabindex[39m=[32m"-1"[39m
        [36m>[39m
          [36m<div[39m
            [33mclass[39m=[32m"pb-6 space-y-6"[39m
          [36m>[39m
            [36m<section[39m
              [33maria-label[39m=[32m"Next action"[39m
              [33mclass[39m=[32m"px-5"[39m
            [36m>[39m
              [36m<div[39m
                [33mclass[39m=[32m"card p-4"[39m
              [36m>[39m
                [36m<div[39m
                  [33mclass[39m=[32m"flex items-start gap-3"[39m
                [36m>[39m
                  [36m<span[39m
                    [33mclass[39m=[32m"flex h-10 w-10 shrink-0 items-center justify-center rounded-2xl"[39m
                    [33mstyle[39m=[32m"background: var(--accent-soft);"[39m
                  [36m>[39m
                    [36m<svg[39m
                      [33maria-hidden[39m=[32m"true"[39m
                      [33mclass[39m=[32m"lucide lucide-utensils"[39m
                      [33mfill[39m=[32m"none"[39m
                      [33mheight[39m=[32m"18"[39m
                      [33mstroke[39m=[32m"currentColor"[39m
                      [33mstroke-linecap[39m=[32m"round"[39m
                      [33mstroke-linejoin[39m=[32m"round"[39m
                      [33mstroke-width[39m=[32m"1.8"[39m
                      [33mviewBox[39m=[32m"0 0 24 24"[39m
                      [33mwidth[39m=[32m"18"[39m
                      [33mxmlns[39m=[32m"http://www.w3.org/2000/svg"[39m
                    [36m>[39m
                      [36m<path[39m
                        [33md[39m=[32m"M3 2v7c0 1.1.9 2 2 2h4a2 2 0 0 0 2-2V2"[39m
                      [36m/>[39m
                      [36m<path[39m
                        [33md[39m=[32m"M7 2v20"[39m
                      [36m/>[39m
                      [36m<path[39m
                        [33md[39m=[32m"M21 15V2a5 5 0 0 0-5 5v6c0 1.1.9 2 2 2h3Zm0 0v7"[39m
                      [36m/>[39m
                    [36m</svg>[39m
                  [36m</span>[39m
                  [36m<div[39m
                    [33mclass[39m=[32m"min-w-0 flex-1"[39m
                  [36m>[39m
                    [36m<p[39m
                      [33mclass[39m=[32m"text-[0.75rem] font-bold uppercase tracking-wide"[39m
                      [33mstyle[39m=[32m"color: var(--faint);"[39m
                    [36m>[39m
                      [0mNext[0m
                    [36m</p>[39m
                    [36m<p[39m
                      [33mcl...
 ÔØ» Object.getElementError node_modules/@testing-library/dom/dist/config.js:37:19
 ÔØ» node_modules/@testing-library/dom/dist/query-helpers.js:76:38
 ÔØ» node_modules/@testing-library/dom/dist/query-helpers.js:52:17
 ÔØ» node_modules/@testing-library/dom/dist/query-helpers.js:95:19
 ÔØ» openReminders tests/reminder-flows.test.jsx:22:26
     20| const openReminders = () => {
     21|   openProfile();
     22|   const section = screen.getByText('Health & training').closest('sectiÔÇª
       |                          ^
     23|   fireEvent.click(within(section).getByText('Reminders'));
     24|   return dialogFor('Reminders');
 ÔØ» tests/reminder-flows.test.jsx:122:19

ÔÄ»ÔÄ»ÔÄ»ÔÄ»ÔÄ»ÔÄ»ÔÄ»ÔÄ»ÔÄ»ÔÄ»ÔÄ»ÔÄ»ÔÄ»ÔÄ»ÔÄ»ÔÄ»ÔÄ»ÔÄ»ÔÄ»ÔÄ»ÔÄ»ÔÄ»[34/39]ÔÄ»

 FAIL  tests/reminder-flows.test.jsx > making one > can be sent to the calendar once there is something to send
TestingLibraryElementError: Unable to find an element with the text: Health & training. This could be because the text 
is broken up by multiple elements. In this case, you can provide a function for your text matcher to make your matcher 
more flexible.

Ignored nodes: comments, script, style
[36m<body[39m
  [33mstyle[39m=[32m""[39m
[36m>[39m
  [36m<div>[39m
    [36m<div[39m
      [33mclass[39m=[32m"app-shell min-h-screen"[39m
      [33mstyle[39m=[32m"background: var(--bg);"[39m
    [36m>[39m
      [36m<div[39m
        [33mclass[39m=[32m"app-workspace"[39m
      [36m>[39m
        [36m<header[39m
          [33mclass[39m=[32m"app-header px-5 pt-12 pb-3"[39m
        [36m>[39m
          [36m<a[39m
            [33mclass[39m=[32m"skip-link"[39m
            [33mhref[39m=[32m"#main"[39m
          [36m>[39m
            [0mSkip to content[0m
          [36m</a>[39m
          [36m<div[39m
            [33mclass[39m=[32m"flex items-start justify-between gap-3"[39m
          [36m>[39m
            [36m<div[39m
              [33mclass[39m=[32m"min-w-0"[39m
            [36m>[39m
              [36m<p[39m
                [33mclass[39m=[32m"text-[0.8125rem] font-semibold"[39m
                [33mstyle[39m=[32m"color: var(--muted);"[39m
              [36m>[39m
                [0mTuesday 6 October[0m
              [36m</p>[39m
              [36m<h1[39m
                [33mclass[39m=[32m"text-[1.375rem] font-extrabold tracking-tight leading-tight"[39m
              [36m>[39m
                [0mGood afternoon[0m
                [0m, [0m
                [0mSam[0m
              [36m</h1>[39m
            [36m</div>[39m
            [36m<div[39m
              [33mclass[39m=[32m"flex shrink-0 items-center gap-2"[39m
            [36m>[39m
              [36m<button[39m
                [33maria-label[39m=[32m"Guidance ÔÇö what matters now"[39m
                [33mclass[39m=[32m"press flex h-11 w-11 items-center justify-center rounded-full border"[39m
                [33mstyle[39m=[32m"border-color: var(--line); color: var(--muted);"[39m
              [36m>[39m
                [36m<svg[39m
                  [33maria-hidden[39m=[32m"true"[39m
                  [33mclass[39m=[32m"lucide lucide-sparkles"[39m
                  [33mfill[39m=[32m"none"[39m
                  [33mheight[39m=[32m"19"[39m
                  [33mstroke[39m=[32m"currentColor"[39m
                  [33mstroke-linecap[39m=[32m"round"[39m
                  [33mstroke-linejoin[39m=[32m"round"[39m
                  [33mstroke-width[39m=[32m"1.9"[39m
                  [33mviewBox[39m=[32m"0 0 24 24"[39m
                  [33mwidth[39m=[32m"19"[39m
                  [33mxmlns[39m=[32m"http://www.w3.org/2000/svg"[39m
                [36m>[39m
                  [36m<path[39m
                    [33md[39m=[32m"M11.017 2.814a1 1 0 0 1 1.966 0l1.051 5.558a2 2 0 0 0 1.594 1.594l5.558 1.051a1 
1 0 0 1 0 1.966l-5.558 1.051a2 2 0 0 0-1.594 1.594l-1.051 5.558a1 1 0 0 1-1.966 0l-1.051-5.558a2 2 0 0 
0-1.594-1.594l-5.558-1.051a1 1 0 0 1 0-1.966l5.558-1.051a2 2 0 0 0 1.594-1.594z"[39m
                  [36m/>[39m
                  [36m<path[39m
                    [33md[39m=[32m"M20 2v4"[39m
                  [36m/>[39m
                  [36m<path[39m
                    [33md[39m=[32m"M22 4h-4"[39m
                  [36m/>[39m
                  [36m<circle[39m
                    [33mcx[39m=[32m"4"[39m
                    [33mcy[39m=[32m"20"[39m
                    [33mr[39m=[32m"2"[39m
                  [36m/>[39m
                [36m</svg>[39m
              [36m</button>[39m
              [36m<button[39m
                [33maria-label[39m=[32m"You ÔÇö profile and settings, 6 setup steps left"[39m
                [33mclass[39m=[32m"press relative flex h-11 w-11 items-center justify-center rounded-full text-lg 
font-extrabold"[39m
                [33mstyle[39m=[32m"background: var(--accent); color: var(--on-accent);"[39m
              [36m>[39m
                [0mS[0m
                [36m<span[39m
                  [33mclass[39m=[32m"absolute -top-0.5 -right-0.5 h-3 w-3 rounded-full border-2"[39m
                  [33mstyle[39m=[32m"background: var(--accent-deep); border-color: var(--bg);"[39m
                [36m/>[39m
              [36m</button>[39m
            [36m</div>[39m
          [36m</div>[39m
        [36m</header>[39m
        [36m<main[39m
          [33mclass[39m=[32m"app-main pb-44"[39m
          [33mid[39m=[32m"main"[39m
          [33mtabindex[39m=[32m"-1"[39m
        [36m>[39m
          [36m<div[39m
            [33mclass[39m=[32m"pb-6 space-y-6"[39m
          [36m>[39m
            [36m<section[39m
              [33maria-label[39m=[32m"Next action"[39m
              [33mclass[39m=[32m"px-5"[39m
            [36m>[39m
              [36m<div[39m
                [33mclass[39m=[32m"card p-4"[39m
              [36m>[39m
                [36m<div[39m
                  [33mclass[39m=[32m"flex items-start gap-3"[39m
                [36m>[39m
                  [36m<span[39m
                    [33mclass[39m=[32m"flex h-10 w-10 shrink-0 items-center justify-center rounded-2xl"[39m
                    [33mstyle[39m=[32m"background: var(--accent-soft);"[39m
                  [36m>[39m
                    [36m<svg[39m
                      [33maria-hidden[39m=[32m"true"[39m
                      [33mclass[39m=[32m"lucide lucide-utensils"[39m
                      [33mfill[39m=[32m"none"[39m
                      [33mheight[39m=[32m"18"[39m
                      [33mstroke[39m=[32m"currentColor"[39m
                      [33mstroke-linecap[39m=[32m"round"[39m
                      [33mstroke-linejoin[39m=[32m"round"[39m
                      [33mstroke-width[39m=[32m"1.8"[39m
                      [33mviewBox[39m=[32m"0 0 24 24"[39m
                      [33mwidth[39m=[32m"18"[39m
                      [33mxmlns[39m=[32m"http://www.w3.org/2000/svg"[39m
                    [36m>[39m
                      [36m<path[39m
                        [33md[39m=[32m"M3 2v7c0 1.1.9 2 2 2h4a2 2 0 0 0 2-2V2"[39m
                      [36m/>[39m
                      [36m<path[39m
                        [33md[39m=[32m"M7 2v20"[39m
                      [36m/>[39m
                      [36m<path[39m
                        [33md[39m=[32m"M21 15V2a5 5 0 0 0-5 5v6c0 1.1.9 2 2 2h3Zm0 0v7"[39m
                      [36m/>[39m
                    [36m</svg>[39m
                  [36m</span>[39m
                  [36m<div[39m
                    [33mclass[39m=[32m"min-w-0 flex-1"[39m
                  [36m>[39m
                    [36m<p[39m
                      [33mclass[39m=[32m"text-[0.75rem] font-bold uppercase tracking-wide"[39m
                      [33mstyle[39m=[32m"color: var(--faint);"[39m
                    [36m>[39m
                      [0mNext[0m
                    [36m</p>[39m
                    [36m<p[39m
                      [33mcl...
 ÔØ» Object.getElementError node_modules/@testing-library/dom/dist/config.js:37:19
 ÔØ» node_modules/@testing-library/dom/dist/query-helpers.js:76:38
 ÔØ» node_modules/@testing-library/dom/dist/query-helpers.js:52:17
 ÔØ» node_modules/@testing-library/dom/dist/query-helpers.js:95:19
 ÔØ» openReminders tests/reminder-flows.test.jsx:22:26
     20| const openReminders = () => {
     21|   openProfile();
     22|   const section = screen.getByText('Health & training').closest('sectiÔÇª
       |                          ^
     23|   fireEvent.click(within(section).getByText('Reminders'));
     24|   return dialogFor('Reminders');
 ÔØ» tests/reminder-flows.test.jsx:132:19

ÔÄ»ÔÄ»ÔÄ»ÔÄ»ÔÄ»ÔÄ»ÔÄ»ÔÄ»ÔÄ»ÔÄ»ÔÄ»ÔÄ»ÔÄ»ÔÄ»ÔÄ»ÔÄ»ÔÄ»ÔÄ»ÔÄ»ÔÄ»ÔÄ»ÔÄ»[35/39]ÔÄ»

 FAIL  tests/reminder-flows.test.jsx > when one comes due > shows it as due, with your own figure attached, and ticks 
off
TestingLibraryElementError: Unable to find an element with the text: Health & training. This could be because the text 
is broken up by multiple elements. In this case, you can provide a function for your text matcher to make your matcher 
more flexible.

Ignored nodes: comments, script, style
[36m<body[39m
  [33mstyle[39m=[32m""[39m
[36m>[39m
  [36m<div>[39m
    [36m<div[39m
      [33mclass[39m=[32m"app-shell min-h-screen"[39m
      [33mstyle[39m=[32m"background: var(--bg);"[39m
    [36m>[39m
      [36m<div[39m
        [33mclass[39m=[32m"app-workspace"[39m
      [36m>[39m
        [36m<header[39m
          [33mclass[39m=[32m"app-header px-5 pt-12 pb-3"[39m
        [36m>[39m
          [36m<a[39m
            [33mclass[39m=[32m"skip-link"[39m
            [33mhref[39m=[32m"#main"[39m
          [36m>[39m
            [0mSkip to content[0m
          [36m</a>[39m
          [36m<div[39m
            [33mclass[39m=[32m"flex items-start justify-between gap-3"[39m
          [36m>[39m
            [36m<div[39m
              [33mclass[39m=[32m"min-w-0"[39m
            [36m>[39m
              [36m<p[39m
                [33mclass[39m=[32m"text-[0.8125rem] font-semibold"[39m
                [33mstyle[39m=[32m"color: var(--muted);"[39m
              [36m>[39m
                [0mTuesday 6 October[0m
              [36m</p>[39m
              [36m<h1[39m
                [33mclass[39m=[32m"text-[1.375rem] font-extrabold tracking-tight leading-tight"[39m
              [36m>[39m
                [0mGood morning[0m
                [0m, [0m
                [0mSam[0m
              [36m</h1>[39m
            [36m</div>[39m
            [36m<div[39m
              [33mclass[39m=[32m"flex shrink-0 items-center gap-2"[39m
            [36m>[39m
              [36m<button[39m
                [33maria-label[39m=[32m"Guidance ÔÇö what matters now"[39m
                [33mclass[39m=[32m"press flex h-11 w-11 items-center justify-center rounded-full border"[39m
                [33mstyle[39m=[32m"border-color: var(--line); color: var(--muted);"[39m
              [36m>[39m
                [36m<svg[39m
                  [33maria-hidden[39m=[32m"true"[39m
                  [33mclass[39m=[32m"lucide lucide-sparkles"[39m
                  [33mfill[39m=[32m"none"[39m
                  [33mheight[39m=[32m"19"[39m
                  [33mstroke[39m=[32m"currentColor"[39m
                  [33mstroke-linecap[39m=[32m"round"[39m
                  [33mstroke-linejoin[39m=[32m"round"[39m
                  [33mstroke-width[39m=[32m"1.9"[39m
                  [33mviewBox[39m=[32m"0 0 24 24"[39m
                  [33mwidth[39m=[32m"19"[39m
                  [33mxmlns[39m=[32m"http://www.w3.org/2000/svg"[39m
                [36m>[39m
                  [36m<path[39m
                    [33md[39m=[32m"M11.017 2.814a1 1 0 0 1 1.966 0l1.051 5.558a2 2 0 0 0 1.594 1.594l5.558 1.051a1 
1 0 0 1 0 1.966l-5.558 1.051a2 2 0 0 0-1.594 1.594l-1.051 5.558a1 1 0 0 1-1.966 0l-1.051-5.558a2 2 0 0 
0-1.594-1.594l-5.558-1.051a1 1 0 0 1 0-1.966l5.558-1.051a2 2 0 0 0 1.594-1.594z"[39m
                  [36m/>[39m
                  [36m<path[39m
                    [33md[39m=[32m"M20 2v4"[39m
                  [36m/>[39m
                  [36m<path[39m
                    [33md[39m=[32m"M22 4h-4"[39m
                  [36m/>[39m
                  [36m<circle[39m
                    [33mcx[39m=[32m"4"[39m
                    [33mcy[39m=[32m"20"[39m
                    [33mr[39m=[32m"2"[39m
                  [36m/>[39m
                [36m</svg>[39m
              [36m</button>[39m
              [36m<button[39m
                [33maria-label[39m=[32m"You ÔÇö profile and settings, 6 setup steps left"[39m
                [33mclass[39m=[32m"press relative flex h-11 w-11 items-center justify-center rounded-full text-lg 
font-extrabold"[39m
                [33mstyle[39m=[32m"background: var(--accent); color: var(--on-accent);"[39m
              [36m>[39m
                [0mS[0m
                [36m<span[39m
                  [33mclass[39m=[32m"absolute -top-0.5 -right-0.5 h-3 w-3 rounded-full border-2"[39m
                  [33mstyle[39m=[32m"background: var(--accent-deep); border-color: var(--bg);"[39m
                [36m/>[39m
              [36m</button>[39m
            [36m</div>[39m
          [36m</div>[39m
        [36m</header>[39m
        [36m<main[39m
          [33mclass[39m=[32m"app-main pb-44"[39m
          [33mid[39m=[32m"main"[39m
          [33mtabindex[39m=[32m"-1"[39m
        [36m>[39m
          [36m<div[39m
            [33mclass[39m=[32m"pb-6 space-y-6"[39m
          [36m>[39m
            [36m<section[39m
              [33maria-label[39m=[32m"Next action"[39m
              [33mclass[39m=[32m"px-5"[39m
            [36m>[39m
              [36m<div[39m
                [33mclass[39m=[32m"card p-4"[39m
              [36m>[39m
                [36m<div[39m
                  [33mclass[39m=[32m"flex items-start gap-3"[39m
                [36m>[39m
                  [36m<span[39m
                    [33mclass[39m=[32m"flex h-10 w-10 shrink-0 items-center justify-center rounded-2xl"[39m
                    [33mstyle[39m=[32m"background: var(--accent-soft);"[39m
                  [36m>[39m
                    [36m<svg[39m
                      [33maria-hidden[39m=[32m"true"[39m
                      [33mclass[39m=[32m"lucide lucide-utensils"[39m
                      [33mfill[39m=[32m"none"[39m
                      [33mheight[39m=[32m"18"[39m
                      [33mstroke[39m=[32m"currentColor"[39m
                      [33mstroke-linecap[39m=[32m"round"[39m
                      [33mstroke-linejoin[39m=[32m"round"[39m
                      [33mstroke-width[39m=[32m"1.8"[39m
                      [33mviewBox[39m=[32m"0 0 24 24"[39m
                      [33mwidth[39m=[32m"18"[39m
                      [33mxmlns[39m=[32m"http://www.w3.org/2000/svg"[39m
                    [36m>[39m
                      [36m<path[39m
                        [33md[39m=[32m"M3 2v7c0 1.1.9 2 2 2h4a2 2 0 0 0 2-2V2"[39m
                      [36m/>[39m
                      [36m<path[39m
                        [33md[39m=[32m"M7 2v20"[39m
                      [36m/>[39m
                      [36m<path[39m
                        [33md[39m=[32m"M21 15V2a5 5 0 0 0-5 5v6c0 1.1.9 2 2 2h3Zm0 0v7"[39m
                      [36m/>[39m
                    [36m</svg>[39m
                  [36m</span>[39m
                  [36m<div[39m
                    [33mclass[39m=[32m"min-w-0 flex-1"[39m
                  [36m>[39m
                    [36m<p[39m
                      [33mclass[39m=[32m"text-[0.75rem] font-bold uppercase tracking-wide"[39m
                      [33mstyle[39m=[32m"color: var(--faint);"[39m
                    [36m>[39m
                      [0mNext[0m
                    [36m</p>[39m
                    [36m<p[39m
                      [33mclas...
 ÔØ» Object.getElementError node_modules/@testing-library/dom/dist/config.js:37:19
 ÔØ» node_modules/@testing-library/dom/dist/query-helpers.js:76:38
 ÔØ» node_modules/@testing-library/dom/dist/query-helpers.js:52:17
 ÔØ» node_modules/@testing-library/dom/dist/query-helpers.js:95:19
 ÔØ» openReminders tests/reminder-flows.test.jsx:22:26
     20| const openReminders = () => {
     21|   openProfile();
     22|   const section = screen.getByText('Health & training').closest('sectiÔÇª
       |                          ^
     23|   fireEvent.click(within(section).getByText('Reminders'));
     24|   return dialogFor('Reminders');
 ÔØ» tests/reminder-flows.test.jsx:156:19

ÔÄ»ÔÄ»ÔÄ»ÔÄ»ÔÄ»ÔÄ»ÔÄ»ÔÄ»ÔÄ»ÔÄ»ÔÄ»ÔÄ»ÔÄ»ÔÄ»ÔÄ»ÔÄ»ÔÄ»ÔÄ»ÔÄ»ÔÄ»ÔÄ»ÔÄ»[36/39]ÔÄ»

 FAIL  tests/reminder-flows.test.jsx > when one comes due > snoozing puts it away for a while rather than for good
TestingLibraryElementError: Unable to find an element with the text: Health & training. This could be because the text 
is broken up by multiple elements. In this case, you can provide a function for your text matcher to make your matcher 
more flexible.

Ignored nodes: comments, script, style
[36m<body[39m
  [33mstyle[39m=[32m""[39m
[36m>[39m
  [36m<div>[39m
    [36m<div[39m
      [33mclass[39m=[32m"app-shell min-h-screen"[39m
      [33mstyle[39m=[32m"background: var(--bg);"[39m
    [36m>[39m
      [36m<div[39m
        [33mclass[39m=[32m"app-workspace"[39m
      [36m>[39m
        [36m<header[39m
          [33mclass[39m=[32m"app-header px-5 pt-12 pb-3"[39m
        [36m>[39m
          [36m<a[39m
            [33mclass[39m=[32m"skip-link"[39m
            [33mhref[39m=[32m"#main"[39m
          [36m>[39m
            [0mSkip to content[0m
          [36m</a>[39m
          [36m<div[39m
            [33mclass[39m=[32m"flex items-start justify-between gap-3"[39m
          [36m>[39m
            [36m<div[39m
              [33mclass[39m=[32m"min-w-0"[39m
            [36m>[39m
              [36m<p[39m
                [33mclass[39m=[32m"text-[0.8125rem] font-semibold"[39m
                [33mstyle[39m=[32m"color: var(--muted);"[39m
              [36m>[39m
                [0mTuesday 6 October[0m
              [36m</p>[39m
              [36m<h1[39m
                [33mclass[39m=[32m"text-[1.375rem] font-extrabold tracking-tight leading-tight"[39m
              [36m>[39m
                [0mGood morning[0m
                [0m, [0m
                [0mSam[0m
              [36m</h1>[39m
            [36m</div>[39m
            [36m<div[39m
              [33mclass[39m=[32m"flex shrink-0 items-center gap-2"[39m
            [36m>[39m
              [36m<button[39m
                [33maria-label[39m=[32m"Guidance ÔÇö what matters now"[39m
                [33mclass[39m=[32m"press flex h-11 w-11 items-center justify-center rounded-full border"[39m
                [33mstyle[39m=[32m"border-color: var(--line); color: var(--muted);"[39m
              [36m>[39m
                [36m<svg[39m
                  [33maria-hidden[39m=[32m"true"[39m
                  [33mclass[39m=[32m"lucide lucide-sparkles"[39m
                  [33mfill[39m=[32m"none"[39m
                  [33mheight[39m=[32m"19"[39m
                  [33mstroke[39m=[32m"currentColor"[39m
                  [33mstroke-linecap[39m=[32m"round"[39m
                  [33mstroke-linejoin[39m=[32m"round"[39m
                  [33mstroke-width[39m=[32m"1.9"[39m
                  [33mviewBox[39m=[32m"0 0 24 24"[39m
                  [33mwidth[39m=[32m"19"[39m
                  [33mxmlns[39m=[32m"http://www.w3.org/2000/svg"[39m
                [36m>[39m
                  [36m<path[39m
                    [33md[39m=[32m"M11.017 2.814a1 1 0 0 1 1.966 0l1.051 5.558a2 2 0 0 0 1.594 1.594l5.558 1.051a1 
1 0 0 1 0 1.966l-5.558 1.051a2 2 0 0 0-1.594 1.594l-1.051 5.558a1 1 0 0 1-1.966 0l-1.051-5.558a2 2 0 0 
0-1.594-1.594l-5.558-1.051a1 1 0 0 1 0-1.966l5.558-1.051a2 2 0 0 0 1.594-1.594z"[39m
                  [36m/>[39m
                  [36m<path[39m
                    [33md[39m=[32m"M20 2v4"[39m
                  [36m/>[39m
                  [36m<path[39m
                    [33md[39m=[32m"M22 4h-4"[39m
                  [36m/>[39m
                  [36m<circle[39m
                    [33mcx[39m=[32m"4"[39m
                    [33mcy[39m=[32m"20"[39m
                    [33mr[39m=[32m"2"[39m
                  [36m/>[39m
                [36m</svg>[39m
              [36m</button>[39m
              [36m<button[39m
                [33maria-label[39m=[32m"You ÔÇö profile and settings, 6 setup steps left"[39m
                [33mclass[39m=[32m"press relative flex h-11 w-11 items-center justify-center rounded-full text-lg 
font-extrabold"[39m
                [33mstyle[39m=[32m"background: var(--accent); color: var(--on-accent);"[39m
              [36m>[39m
                [0mS[0m
                [36m<span[39m
                  [33mclass[39m=[32m"absolute -top-0.5 -right-0.5 h-3 w-3 rounded-full border-2"[39m
                  [33mstyle[39m=[32m"background: var(--accent-deep); border-color: var(--bg);"[39m
                [36m/>[39m
              [36m</button>[39m
            [36m</div>[39m
          [36m</div>[39m
        [36m</header>[39m
        [36m<main[39m
          [33mclass[39m=[32m"app-main pb-44"[39m
          [33mid[39m=[32m"main"[39m
          [33mtabindex[39m=[32m"-1"[39m
        [36m>[39m
          [36m<div[39m
            [33mclass[39m=[32m"pb-6 space-y-6"[39m
          [36m>[39m
            [36m<section[39m
              [33maria-label[39m=[32m"Next action"[39m
              [33mclass[39m=[32m"px-5"[39m
            [36m>[39m
              [36m<div[39m
                [33mclass[39m=[32m"card p-4"[39m
              [36m>[39m
                [36m<div[39m
                  [33mclass[39m=[32m"flex items-start gap-3"[39m
                [36m>[39m
                  [36m<span[39m
                    [33mclass[39m=[32m"flex h-10 w-10 shrink-0 items-center justify-center rounded-2xl"[39m
                    [33mstyle[39m=[32m"background: var(--accent-soft);"[39m
                  [36m>[39m
                    [36m<svg[39m
                      [33maria-hidden[39m=[32m"true"[39m
                      [33mclass[39m=[32m"lucide lucide-utensils"[39m
                      [33mfill[39m=[32m"none"[39m
                      [33mheight[39m=[32m"18"[39m
                      [33mstroke[39m=[32m"currentColor"[39m
                      [33mstroke-linecap[39m=[32m"round"[39m
                      [33mstroke-linejoin[39m=[32m"round"[39m
                      [33mstroke-width[39m=[32m"1.8"[39m
                      [33mviewBox[39m=[32m"0 0 24 24"[39m
                      [33mwidth[39m=[32m"18"[39m
                      [33mxmlns[39m=[32m"http://www.w3.org/2000/svg"[39m
                    [36m>[39m
                      [36m<path[39m
                        [33md[39m=[32m"M3 2v7c0 1.1.9 2 2 2h4a2 2 0 0 0 2-2V2"[39m
                      [36m/>[39m
                      [36m<path[39m
                        [33md[39m=[32m"M7 2v20"[39m
                      [36m/>[39m
                      [36m<path[39m
                        [33md[39m=[32m"M21 15V2a5 5 0 0 0-5 5v6c0 1.1.9 2 2 2h3Zm0 0v7"[39m
                      [36m/>[39m
                    [36m</svg>[39m
                  [36m</span>[39m
                  [36m<div[39m
                    [33mclass[39m=[32m"min-w-0 flex-1"[39m
                  [36m>[39m
                    [36m<p[39m
                      [33mclass[39m=[32m"text-[0.75rem] font-bold uppercase tracking-wide"[39m
                      [33mstyle[39m=[32m"color: var(--faint);"[39m
                    [36m>[39m
                      [0mNext[0m
                    [36m</p>[39m
                    [36m<p[39m
                      [33mclas...
 ÔØ» Object.getElementError node_modules/@testing-library/dom/dist/config.js:37:19
 ÔØ» node_modules/@testing-library/dom/dist/query-helpers.js:76:38
 ÔØ» node_modules/@testing-library/dom/dist/query-helpers.js:52:17
 ÔØ» node_modules/@testing-library/dom/dist/query-helpers.js:95:19
 ÔØ» openReminders tests/reminder-flows.test.jsx:22:26
     20| const openReminders = () => {
     21|   openProfile();
     22|   const section = screen.getByText('Health & training').closest('sectiÔÇª
       |                          ^
     23|   fireEvent.click(within(section).getByText('Reminders'));
     24|   return dialogFor('Reminders');
 ÔØ» tests/reminder-flows.test.jsx:173:19

ÔÄ»ÔÄ»ÔÄ»ÔÄ»ÔÄ»ÔÄ»ÔÄ»ÔÄ»ÔÄ»ÔÄ»ÔÄ»ÔÄ»ÔÄ»ÔÄ»ÔÄ»ÔÄ»ÔÄ»ÔÄ»ÔÄ»ÔÄ»ÔÄ»ÔÄ»[37/39]ÔÄ»

 FAIL  tests/reminder-flows.test.jsx > when one comes due > reaches you on Home when its optional panel is on
TestingLibraryElementError: Unable to find an element with the text: Health & training. This could be because the text 
is broken up by multiple elements. In this case, you can provide a function for your text matcher to make your matcher 
more flexible.

Ignored nodes: comments, script, style
[36m<body[39m
  [33mstyle[39m=[32m""[39m
[36m>[39m
  [36m<div>[39m
    [36m<div[39m
      [33mclass[39m=[32m"app-shell min-h-screen"[39m
      [33mstyle[39m=[32m"background: var(--bg);"[39m
    [36m>[39m
      [36m<div[39m
        [33mclass[39m=[32m"app-workspace"[39m
      [36m>[39m
        [36m<header[39m
          [33mclass[39m=[32m"app-header px-5 pt-12 pb-3"[39m
        [36m>[39m
          [36m<a[39m
            [33mclass[39m=[32m"skip-link"[39m
            [33mhref[39m=[32m"#main"[39m
          [36m>[39m
            [0mSkip to content[0m
          [36m</a>[39m
          [36m<div[39m
            [33mclass[39m=[32m"flex items-start justify-between gap-3"[39m
          [36m>[39m
            [36m<div[39m
              [33mclass[39m=[32m"min-w-0"[39m
            [36m>[39m
              [36m<p[39m
                [33mclass[39m=[32m"text-[0.8125rem] font-semibold"[39m
                [33mstyle[39m=[32m"color: var(--muted);"[39m
              [36m>[39m
                [0mTuesday 6 October[0m
              [36m</p>[39m
              [36m<h1[39m
                [33mclass[39m=[32m"text-[1.375rem] font-extrabold tracking-tight leading-tight"[39m
              [36m>[39m
                [0mGood morning[0m
                [0m, [0m
                [0mSam[0m
              [36m</h1>[39m
            [36m</div>[39m
            [36m<div[39m
              [33mclass[39m=[32m"flex shrink-0 items-center gap-2"[39m
            [36m>[39m
              [36m<button[39m
                [33maria-label[39m=[32m"Guidance ÔÇö what matters now"[39m
                [33mclass[39m=[32m"press flex h-11 w-11 items-center justify-center rounded-full border"[39m
                [33mstyle[39m=[32m"border-color: var(--line); color: var(--muted);"[39m
              [36m>[39m
                [36m<svg[39m
                  [33maria-hidden[39m=[32m"true"[39m
                  [33mclass[39m=[32m"lucide lucide-sparkles"[39m
                  [33mfill[39m=[32m"none"[39m
                  [33mheight[39m=[32m"19"[39m
                  [33mstroke[39m=[32m"currentColor"[39m
                  [33mstroke-linecap[39m=[32m"round"[39m
                  [33mstroke-linejoin[39m=[32m"round"[39m
                  [33mstroke-width[39m=[32m"1.9"[39m
                  [33mviewBox[39m=[32m"0 0 24 24"[39m
                  [33mwidth[39m=[32m"19"[39m
                  [33mxmlns[39m=[32m"http://www.w3.org/2000/svg"[39m
                [36m>[39m
                  [36m<path[39m
                    [33md[39m=[32m"M11.017 2.814a1 1 0 0 1 1.966 0l1.051 5.558a2 2 0 0 0 1.594 1.594l5.558 1.051a1 
1 0 0 1 0 1.966l-5.558 1.051a2 2 0 0 0-1.594 1.594l-1.051 5.558a1 1 0 0 1-1.966 0l-1.051-5.558a2 2 0 0 
0-1.594-1.594l-5.558-1.051a1 1 0 0 1 0-1.966l5.558-1.051a2 2 0 0 0 1.594-1.594z"[39m
                  [36m/>[39m
                  [36m<path[39m
                    [33md[39m=[32m"M20 2v4"[39m
                  [36m/>[39m
                  [36m<path[39m
                    [33md[39m=[32m"M22 4h-4"[39m
                  [36m/>[39m
                  [36m<circle[39m
                    [33mcx[39m=[32m"4"[39m
                    [33mcy[39m=[32m"20"[39m
                    [33mr[39m=[32m"2"[39m
                  [36m/>[39m
                [36m</svg>[39m
              [36m</button>[39m
              [36m<button[39m
                [33maria-label[39m=[32m"You ÔÇö profile and settings, 6 setup steps left"[39m
                [33mclass[39m=[32m"press relative flex h-11 w-11 items-center justify-center rounded-full text-lg 
font-extrabold"[39m
                [33mstyle[39m=[32m"background: var(--accent); color: var(--on-accent);"[39m
              [36m>[39m
                [0mS[0m
                [36m<span[39m
                  [33mclass[39m=[32m"absolute -top-0.5 -right-0.5 h-3 w-3 rounded-full border-2"[39m
                  [33mstyle[39m=[32m"background: var(--accent-deep); border-color: var(--bg);"[39m
                [36m/>[39m
              [36m</button>[39m
            [36m</div>[39m
          [36m</div>[39m
        [36m</header>[39m
        [36m<main[39m
          [33mclass[39m=[32m"app-main pb-44"[39m
          [33mid[39m=[32m"main"[39m
          [33mtabindex[39m=[32m"-1"[39m
        [36m>[39m
          [36m<div[39m
            [33mclass[39m=[32m"pb-6 space-y-6"[39m
          [36m>[39m
            [36m<section[39m
              [33maria-label[39m=[32m"Next action"[39m
              [33mclass[39m=[32m"px-5"[39m
            [36m>[39m
              [36m<div[39m
                [33mclass[39m=[32m"card p-4"[39m
              [36m>[39m
                [36m<div[39m
                  [33mclass[39m=[32m"flex items-start gap-3"[39m
                [36m>[39m
                  [36m<span[39m
                    [33mclass[39m=[32m"flex h-10 w-10 shrink-0 items-center justify-center rounded-2xl"[39m
                    [33mstyle[39m=[32m"background: var(--accent-soft);"[39m
                  [36m>[39m
                    [36m<svg[39m
                      [33maria-hidden[39m=[32m"true"[39m
                      [33mclass[39m=[32m"lucide lucide-utensils"[39m
                      [33mfill[39m=[32m"none"[39m
                      [33mheight[39m=[32m"18"[39m
                      [33mstroke[39m=[32m"currentColor"[39m
                      [33mstroke-linecap[39m=[32m"round"[39m
                      [33mstroke-linejoin[39m=[32m"round"[39m
                      [33mstroke-width[39m=[32m"1.8"[39m
                      [33mviewBox[39m=[32m"0 0 24 24"[39m
                      [33mwidth[39m=[32m"18"[39m
                      [33mxmlns[39m=[32m"http://www.w3.org/2000/svg"[39m
                    [36m>[39m
                      [36m<path[39m
                        [33md[39m=[32m"M3 2v7c0 1.1.9 2 2 2h4a2 2 0 0 0 2-2V2"[39m
                      [36m/>[39m
                      [36m<path[39m
                        [33md[39m=[32m"M7 2v20"[39m
                      [36m/>[39m
                      [36m<path[39m
                        [33md[39m=[32m"M21 15V2a5 5 0 0 0-5 5v6c0 1.1.9 2 2 2h3Zm0 0v7"[39m
                      [36m/>[39m
                    [36m</svg>[39m
                  [36m</span>[39m
                  [36m<div[39m
                    [33mclass[39m=[32m"min-w-0 flex-1"[39m
                  [36m>[39m
                    [36m<p[39m
                      [33mclass[39m=[32m"text-[0.75rem] font-bold uppercase tracking-wide"[39m
                      [33mstyle[39m=[32m"color: var(--faint);"[39m
                    [36m>[39m
                      [0mNext[0m
                    [36m</p>[39m
                    [36m<p[39m
                      [33mclas...
 ÔØ» Object.getElementError node_modules/@testing-library/dom/dist/config.js:37:19
 ÔØ» node_modules/@testing-library/dom/dist/query-helpers.js:76:38
 ÔØ» node_modules/@testing-library/dom/dist/query-helpers.js:52:17
 ÔØ» node_modules/@testing-library/dom/dist/query-helpers.js:95:19
 ÔØ» openReminders tests/reminder-flows.test.jsx:22:26
     20| const openReminders = () => {
     21|   openProfile();
     22|   const section = screen.getByText('Health & training').closest('sectiÔÇª
       |                          ^
     23|   fireEvent.click(within(section).getByText('Reminders'));
     24|   return dialogFor('Reminders');
 ÔØ» tests/reminder-flows.test.jsx:202:19

ÔÄ»ÔÄ»ÔÄ»ÔÄ»ÔÄ»ÔÄ»ÔÄ»ÔÄ»ÔÄ»ÔÄ»ÔÄ»ÔÄ»ÔÄ»ÔÄ»ÔÄ»ÔÄ»ÔÄ»ÔÄ»ÔÄ»ÔÄ»ÔÄ»ÔÄ»[38/39]ÔÄ»

 FAIL  tests/smart-flows.test.jsx > Smart Features centre > opens the voice-enabled assistant inside Guidance with a 
typed fallback
TestingLibraryElementError: Unable to find a label with the text of: Ask by voice

Ignored nodes: comments, script, style
[36m<div[39m
  [33maria-labelledby[39m=[32m":ri:"[39m
  [33maria-modal[39m=[32m"true"[39m
  [33mclass[39m=[32m"sheet-up relative w-full max-w-lg flex flex-col max-h-[92%] rounded-t-3xl"[39m
  [33mrole[39m=[32m"dialog"[39m
  [33mstyle[39m=[32m"background: var(--bg); transition: transform 200ms; transform: translateY(0px);"[39m
  [33mtabindex[39m=[32m"-1"[39m
[36m>[39m
  [36m<div[39m
    [33mclass[39m=[32m"mx-auto mt-2.5 mb-1 h-1 w-10 rounded-full shrink-0"[39m
    [33mstyle[39m=[32m"background: var(--line);"[39m
  [36m/>[39m
  [36m<div[39m
    [33mclass[39m=[32m"flex items-center justify-between px-5 pt-3 pb-2 shrink-0"[39m
  [36m>[39m
    [36m<h2[39m
      [33mclass[39m=[32m"text-lg font-extrabold tracking-tight"[39m
      [33mid[39m=[32m":ri:"[39m
    [36m>[39m
      [0mGuidance[0m
    [36m</h2>[39m
    [36m<button[39m
      [33maria-label[39m=[32m"Close"[39m
      [33mclass[39m=[32m"tap press flex h-10 w-10 items-center justify-center rounded-full"[39m
      [33mstyle[39m=[32m"background: var(--card-2); color: var(--muted);"[39m
    [36m>[39m
      [36m<svg[39m
        [33maria-hidden[39m=[32m"true"[39m
        [33mclass[39m=[32m"lucide lucide-x"[39m
        [33mfill[39m=[32m"none"[39m
        [33mheight[39m=[32m"18"[39m
        [33mstroke[39m=[32m"currentColor"[39m
        [33mstroke-linecap[39m=[32m"round"[39m
        [33mstroke-linejoin[39m=[32m"round"[39m
        [33mstroke-width[39m=[32m"2.4"[39m
        [33mviewBox[39m=[32m"0 0 24 24"[39m
        [33mwidth[39m=[32m"18"[39m
        [33mxmlns[39m=[32m"http://www.w3.org/2000/svg"[39m
      [36m>[39m
        [36m<path[39m
          [33md[39m=[32m"M18 6 6 18"[39m
        [36m/>[39m
        [36m<path[39m
          [33md[39m=[32m"m6 6 12 12"[39m
        [36m/>[39m
      [36m</svg>[39m
    [36m</button>[39m
  [36m</div>[39m
  [36m<div[39m
    [33mclass[39m=[32m"overflow-y-auto no-scrollbar flex-1 overscroll-contain"[39m
    [33mdata-sheet-scroll[39m=[32m"true"[39m
    [33mtabindex[39m=[32m"0"[39m
  [36m>[39m
    [36m<div[39m
      [33mclass[39m=[32m"pb-10"[39m
    [36m>[39m
      [36m<div[39m
        [33mclass[39m=[32m"px-5 pb-4"[39m
      [36m>[39m
        [36m<p[39m
          [33mclass[39m=[32m"text-[0.6875rem] font-bold uppercase tracking-wide"[39m
          [33mstyle[39m=[32m"color: var(--muted);"[39m
        [36m>[39m
          [0mWhat matters now[0m
        [36m</p>[39m
        [36m<p[39m
          [33mclass[39m=[32m"text-[0.75rem] font-semibold leading-relaxed"[39m
          [33mstyle[39m=[32m"color: var(--muted);"[39m
        [36m>[39m
          [0mRanked from your diary, plan, pantry and shops. Every suggestion shows its evidence.[0m
        [36m</p>[39m
        [36m<div[39m
          [33maria-label[39m=[32m"Guidance sections"[39m
          [33mclass[39m=[32m"mt-3 flex gap-2 overflow-x-auto no-scrollbar"[39m
        [36m>[39m
          [36m<button[39m
            [33maria-pressed[39m=[32m"false"[39m
            [33mclass[39m=[32m"tap press shrink-0 rounded-full px-3.5 py-2 text-[0.8125rem] font-semibold border 
transition-colors"[39m
            [33mstyle[39m=[32m"background: var(--card); color: var(--muted); border-color: var(--line);"[39m
          [36m>[39m
            [36m<span[39m
              [33mclass[39m=[32m"inline-flex items-center gap-1.5"[39m
            [36m>[39m
              [36m<svg[39m
                [33maria-hidden[39m=[32m"true"[39m
                [33mclass[39m=[32m"lucide lucide-lightbulb"[39m
                [33mfill[39m=[32m"none"[39m
                [33mheight[39m=[32m"13"[39m
                [33mstroke[39m=[32m"currentColor"[39m
                [33mstroke-linecap[39m=[32m"round"[39m
                [33mstroke-linejoin[39m=[32m"round"[39m
                [33mstroke-width[39m=[32m"2"[39m
                [33mviewBox[39m=[32m"0 0 24 24"[39m
                [33mwidth[39m=[32m"13"[39m
                [33mxmlns[39m=[32m"http://www.w3.org/2000/svg"[39m
              [36m>[39m
                [36m<path[39m
                  [33md[39m=[32m"M15 14c.2-1 .7-1.7 1.5-2.5 1-.9 1.5-2.2 1.5-3.5A6 6 0 0 0 6 8c0 1 .2 2.2 1.5 
3.5.7.7 1.3 1.5 1.5 2.5"[39m
                [36m/>[39m
                [36m<path[39m
                  [33md[39m=[32m"M9 18h6"[39m
                [36m/>[39m
                [36m<path[39m
                  [33md[39m=[32m"M10 22h4"[39m
                [36m/>[39m
              [36m</svg>[39m
              [0m [0m
              [0mNext[0m
            [36m</span>[39m
          [36m</button>[39m
          [36m<button[39m
            [33maria-pressed[39m=[32m"false"[39m
            [33mclass[39m=[32m"tap press shrink-0 rounded-full px-3.5 py-2 text-[0.8125rem] font-semibold border 
transition-colors"[39m
            [33mstyle[39m=[32m"background: var(--card); color: var(--muted); border-color: var(--line);"[39m
          [36m>[39m
            [36m<span[39m
              [33mclass[39m=[32m"inline-flex items-center gap-1.5"[39m
            [36m>[39m
              [36m<svg[39m
                [33maria-hidden[39m=[32m"true"[39m
                [33mclass[39m=[32m"lucide lucide-chart-column"[39m
                [33mfill[39m=[32m"none"[39m
                [33mheight[39m=[32m"13"[39m
                [33mstroke[39m=[32m"currentColor"[39m
                [33mstroke-linecap[39m=[32m"round"[39m
                [33mstroke-linejoin[39m=[32m"round"[39m
                [33mstroke-width[39m=[32m"2"[39m
                [33mviewBox[39m=[32m"0 0 24 24"[39m
                [33mwidth[39m=[32m"13"[39m
                [33mxmlns[39m=[32m"http://www.w3.org/2000/svg"[39m
              [36m>[39m
                [36m<path[39m
                  [33md[39m=[32m"M3 3v16a2 2 0 0 0 2 2h16"[39m
                [36m/>[39m
                [36m<path[39m
                  [33md[39m=[32m"M18 17V9"[39m
                [36m/>[39m
                [36m<path[39m
                  [33md[39m=[32m"M13 17V5"[39m
                [36m/>[39m
                [36m<path[39m
                  [33md[39m=[32m"M8 17v-3"[39m
                [36m/>[39m
              [36m</svg>[39m
              [0m [0m
              [0mReview[0m
            [36m</span>[39m
          [36m</button>[39m
          [36m<button[39m
            [33maria-pressed[39m=[32m"false"[39m
            [33mclass[39m=[32m"tap press shrink-0 rounded-full px-3.5 py-2 text-[0.8125rem] font-semibold border 
transition-colors"[39m
            [33mstyle[39m=[32m"background: var(--card); color: var(--muted); border-color: var(--line);"[39m
          [36m>[39m
            [36m<span[39m
              [33mclass[39m=[32m"inline-flex item...

Ignored nodes: comments, script, style
[36m<div[39m
  [33maria-labelledby[39m=[32m":ri:"[39m
  [33maria-modal[39m=[32m"true"[39m
  [33mclass[39m=[32m"sheet-up relative w-full max-w-lg flex flex-col max-h-[92%] rounded-t-3xl"[39m
  [33mrole[39m=[32m"dialog"[39m
  [33mstyle[39m=[32m"background: var(--bg); transition: transform 200ms; transform: translateY(0px);"[39m
  [33mtabindex[39m=[32m"-1"[39m
[36m>[39m
  [36m<div[39m
    [33mclass[39m=[32m"mx-auto mt-2.5 mb-1 h-1 w-10 rounded-full shrink-0"[39m
    [33mstyle[39m=[32m"background: var(--line);"[39m
  [36m/>[39m
  [36m<div[39m
    [33mclass[39m=[32m"flex items-center justify-between px-5 pt-3 pb-2 shrink-0"[39m
  [36m>[39m
    [36m<h2[39m
      [33mclass[39m=[32m"text-lg font-extrabold tracking-tight"[39m
      [33mid[39m=[32m":ri:"[39m
    [36m>[39m
      [0mGuidance[0m
    [36m</h2>[39m
    [36m<button[39m
      [33maria-label[39m=[32m"Close"[39m
      [33mclass[39m=[32m"tap press flex h-10 w-10 items-center justify-center rounded-full"[39m
      [33mstyle[39m=[32m"background: var(--card-2); color: var(--muted);"[39m
    [36m>[39m
      [36m<svg[39m
        [33maria-hidden[39m=[32m"true"[39m
        [33mclass[39m=[32m"lucide lucide-x"[39m
        [33mfill[39m=[32m"none"[39m
        [33mheight[39m=[32m"18"[39m
        [33mstroke[39m=[32m"currentColor"[39m
        [33mstroke-linecap[39m=[32m"round"[39m
        [33mstroke-linejoin[39m=[32m"round"[39m
        [33mstroke-width[39m=[32m"2.4"[39m
        [33mviewBox[39m=[32m"0 0 24 24"[39m
        [33mwidth[39m=[32m"18"[39m
        [33mxmlns[39m=[32m"http://www.w3.org/2000/svg"[39m
      [36m>[39m
        [36m<path[39m
          [33md[39m=[32m"M18 6 6 18"[39m
        [36m/>[39m
        [36m<path[39m
          [33md[39m=[32m"m6 6 12 12"[39m
        [36m/>[39m
      [36m</svg>[39m
    [36m</button>[39m
  [36m</div>[39m
  [36m<div[39m
    [33mclass[39m=[32m"overflow-y-auto no-scrollbar flex-1 overscroll-contain"[39m
    [33mdata-sheet-scroll[39m=[32m"true"[39m
    [33mtabindex[39m=[32m"0"[39m
  [36m>[39m
    [36m<div[39m
      [33mclass[39m=[32m"pb-10"[39m
    [36m>[39m
      [36m<div[39m
        [33mclass[39m=[32m"px-5 pb-4"[39m
      [36m>[39m
        [36m<p[39m
          [33mclass[39m=[32m"text-[0.6875rem] font-bold uppercase tracking-wide"[39m
          [33mstyle[39m=[32m"color: var(--muted);"[39m

 Test Files  8 failed | 229 passed (237)
      Tests  39 failed | 2730 passed (2769)
   Start at  14:04:55
   Duration  1838.48s (transform 22.88s, setup 252.36s, import 59.48s, tests 564.18s, environment 670.95s)

        [36m>[39m
          [0mWhat matters now[0m
        [36m</p>[39m
        [36m<p[39m
          [33mclass[39m=[32m"text-[0.75rem] font-semibold leading-relaxed"[39m
          [33mstyle[39m=[32m"color: var(--muted);"[39m
        [36m>[39m
          [0mRanked from your diary, plan, pantry and shops. Every suggestion shows its evidence.[0m
        [36m</p>[39m
        [36m<div[39m
          [33maria-label[39m=[32m"Guidance sections"[39m
          [33mclass[39m=[32m"mt-3 flex gap-2 overflow-x-auto no-scrollbar"[39m
        [36m>[39m
          [36m<button[39m
            [33maria-pressed[39m=[32m"false"[39m
            [33mclass[39m=[32m"tap press shrink-0 rounded-full px-3.5 py-2 text-[0.8125rem] font-semibold border 
transition-colors"[39m
            [33mstyle[39m=[32m"background: var(--card); color: var(--muted); border-color: var(--line);"[39m
          [36m>[39m
            [36m<span[39m
              [33mclass[39m=[32m"inline-flex items-center gap-1.5"[39m
            [36m>[39m
              [36m<svg[39m
                [33maria-hidden[39m=[32m"true"[39m
                [33mclass[39m=[32m"lucide lucide-lightbulb"[39m
                [33mfill[39m=[32m"none"[39m
                [33mheight[39m=[32m"13"[39m
                [33mstroke[39m=[32m"currentColor"[39m
                [33mstroke-linecap[39m=[32m"round"[39m
                [33mstroke-linejoin[39m=[32m"round"[39m
                [33mstroke-width[39m=[32m"2"[39m
                [33mviewBox[39m=[32m"0 0 24 24"[39m
                [33mwidth[39m=[32m"13"[39m
                [33mxmlns[39m=[32m"http://www.w3.org/2000/svg"[39m
              [36m>[39m
                [36m<path[39m
                  [33md[39m=[32m"M15 14c.2-1 .7-1.7 1.5-2.5 1-.9 1.5-2.2 1.5-3.5A6 6 0 0 0 6 8c0 1 .2 2.2 1.5 
3.5.7.7 1.3 1.5 1.5 2.5"[39m
                [36m/>[39m
                [36m<path[39m
                  [33md[39m=[32m"M9 18h6"[39m
                [36m/>[39m
                [36m<path[39m
                  [33md[39m=[32m"M10 22h4"[39m
                [36m/>[39m
              [36m</svg>[39m
              [0m [0m
              [0mNext[0m
            [36m</span>[39m
          [36m</button>[39m
          [36m<button[39m
            [33maria-pressed[39m=[32m"false"[39m
            [33mclass[39m=[32m"tap press shrink-0 rounded-full px-3.5 py-2 text-[0.8125rem] font-semibold border 
transition-colors"[39m
            [33mstyle[39m=[32m"background: var(--card); color: var(--muted); border-color: var(--line);"[39m
          [36m>[39m
            [36m<span[39m
              [33mclass[39m=[32m"inline-flex items-center gap-1.5"[39m
            [36m>[39m
              [36m<svg[39m
                [33maria-hidden[39m=[32m"true"[39m
                [33mclass[39m=[32m"lucide lucide-chart-column"[39m
                [33mfill[39m=[32m"none"[39m
                [33mheight[39m=[32m"13"[39m
                [33mstroke[39m=[32m"currentColor"[39m
                [33mstroke-linecap[39m=[32m"round"[39m
                [33mstroke-linejoin[39m=[32m"round"[39m
                [33mstroke-width[39m=[32m"2"[39m
                [33mviewBox[39m=[32m"0 0 24 24"[39m
                [33mwidth[39m=[32m"13"[39m
                [33mxmlns[39m=[32m"http://www.w3.org/2000/svg"[39m
              [36m>[39m
                [36m<path[39m
                  [33md[39m=[32m"M3 3v16a2 2 0 0 0 2 2h16"[39m
                [36m/>[39m
                [36m<path[39m
                  [33md[39m=[32m"M18 17V9"[39m
                [36m/>[39m
                [36m<path[39m
                  [33md[39m=[32m"M13 17V5"[39m
                [36m/>[39m
                [36m<path[39m
                  [33md[39m=[32m"M8 17v-3"[39m
                [36m/>[39m
              [36m</svg>[39m
              [0m [0m
              [0mReview[0m
            [36m</span>[39m
          [36m</button>[39m
          [36m<button[39m
            [33maria-pressed[39m=[32m"false"[39m
            [33mclass[39m=[32m"tap press shrink-0 rounded-full px-3.5 py-2 text-[0.8125rem] font-semibold border 
transition-colors"[39m
            [33mstyle[39m=[32m"background: var(--card); color: var(--muted); border-color: var(--line);"[39m
          [36m>[39m
            [36m<span[39m
              [33mclass[39m=[32m"inline-flex item...
 ÔØ» waitForWrapper node_modules/@testing-library/dom/dist/wait-for.js:163:27
 ÔØ» node_modules/@testing-library/dom/dist/query-helpers.js:86:33
 ÔØ» tests/smart-flows.test.jsx:53:36
     51|     fireEvent.click(await within(guidance).findByText('Open'));
     52|
     53|     expect((await within(guidance).findByLabelText('Ask by voice')).diÔÇª
       |                                    ^
     54|     expect(within(guidance).getByLabelText('Ask Guidance')).toBeDefineÔÇª
     55|   });

ÔÄ»ÔÄ»ÔÄ»ÔÄ»ÔÄ»ÔÄ»ÔÄ»ÔÄ»ÔÄ»ÔÄ»ÔÄ»ÔÄ»ÔÄ»ÔÄ»ÔÄ»ÔÄ»ÔÄ»ÔÄ»ÔÄ»ÔÄ»ÔÄ»ÔÄ»[39/39]ÔÄ»

